Archive member included to satisfy reference by file (symbol)

d:/stm32cubetoolchains/arm-gnu-toolchain-12.2.rel1-mingw-w64-i686-arm-none-eabi/bin/../lib/gcc/arm-none-eabi/12.2.1/thumb/v7-m/nofp\libgcc.a(_arm_mulsf3.o)
                              CMakeFiles/dreamLittleCarFixed-FW.elf.dir/Core/Src/main.c.obj (__aeabi_fmul)
d:/stm32cubetoolchains/arm-gnu-toolchain-12.2.rel1-mingw-w64-i686-arm-none-eabi/bin/../lib/gcc/arm-none-eabi/12.2.1/thumb/v7-m/nofp\libgcc.a(_arm_addsubdf3.o)
                              CMakeFiles/dreamLittleCarFixed-FW.elf.dir/Core/Src/main.c.obj (__aeabi_ui2d)
d:/stm32cubetoolchains/arm-gnu-toolchain-12.2.rel1-mingw-w64-i686-arm-none-eabi/bin/../lib/gcc/arm-none-eabi/12.2.1/thumb/v7-m/nofp\libgcc.a(_arm_muldivdf3.o)
                              CMakeFiles/dreamLittleCarFixed-FW.elf.dir/Core/Src/main.c.obj (__aeabi_ddiv)
d:/stm32cubetoolchains/arm-gnu-toolchain-12.2.rel1-mingw-w64-i686-arm-none-eabi/bin/../lib/gcc/arm-none-eabi/12.2.1/thumb/v7-m/nofp\libgcc.a(_arm_truncdfsf2.o)
                              CMakeFiles/dreamLittleCarFixed-FW.elf.dir/Core/Src/main.c.obj (__aeabi_d2f)
d:/stm32cubetoolchains/arm-gnu-toolchain-12.2.rel1-mingw-w64-i686-arm-none-eabi/bin/../lib/gcc/arm-none-eabi/12.2.1/thumb/v7-m/nofp\libgcc.a(_arm_addsubsf3.o)
                              CMakeFiles/dreamLittleCarFixed-FW.elf.dir/Core/Src/main.c.obj (__aeabi_fsub)
d:/stm32cubetoolchains/arm-gnu-toolchain-12.2.rel1-mingw-w64-i686-arm-none-eabi/bin/../lib/gcc/arm-none-eabi/12.2.1/thumb/v7-m/nofp\libgcc.a(_arm_muldivsf3.o)
                              CMakeFiles/dreamLittleCarFixed-FW.elf.dir/Core/Src/main.c.obj (__aeabi_fdiv)
d:/stm32cubetoolchains/arm-gnu-toolchain-12.2.rel1-mingw-w64-i686-arm-none-eabi/bin/../lib/gcc/arm-none-eabi/12.2.1/thumb/v7-m/nofp\libgcc.a(_arm_cmpsf2.o)
                              CMakeFiles/dreamLittleCarFixed-FW.elf.dir/Core/Src/main.c.obj (__aeabi_fcmplt)
d:/stm32cubetoolchains/arm-gnu-toolchain-12.2.rel1-mingw-w64-i686-arm-none-eabi/bin/../lib/gcc/arm-none-eabi/12.2.1/thumb/v7-m/nofp\libg.a(libc_a-exit.o)
                              d:/stm32cubetoolchains/arm-gnu-toolchain-12.2.rel1-mingw-w64-i686-arm-none-eabi/bin/../lib/gcc/arm-none-eabi/12.2.1/thumb/v7-m/nofp/crt0.o (exit)
d:/stm32cubetoolchains/arm-gnu-toolchain-12.2.rel1-mingw-w64-i686-arm-none-eabi/bin/../lib/gcc/arm-none-eabi/12.2.1/thumb/v7-m/nofp\libg.a(libc_a-findfp.o)
                              d:/stm32cubetoolchains/arm-gnu-toolchain-12.2.rel1-mingw-w64-i686-arm-none-eabi/bin/../lib/gcc/arm-none-eabi/12.2.1/thumb/v7-m/nofp\libg.a(libc_a-exit.o) (__stdio_exit_handler)
d:/stm32cubetoolchains/arm-gnu-toolchain-12.2.rel1-mingw-w64-i686-arm-none-eabi/bin/../lib/gcc/arm-none-eabi/12.2.1/thumb/v7-m/nofp\libg.a(libc_a-fwalk.o)
                              d:/stm32cubetoolchains/arm-gnu-toolchain-12.2.rel1-mingw-w64-i686-arm-none-eabi/bin/../lib/gcc/arm-none-eabi/12.2.1/thumb/v7-m/nofp\libg.a(libc_a-findfp.o) (_fwalk_sglue)
d:/stm32cubetoolchains/arm-gnu-toolchain-12.2.rel1-mingw-w64-i686-arm-none-eabi/bin/../lib/gcc/arm-none-eabi/12.2.1/thumb/v7-m/nofp\libg.a(libc_a-sprintf.o)
                              CMakeFiles/dreamLittleCarFixed-FW.elf.dir/Core/Src/main.c.obj (sprintf)
d:/stm32cubetoolchains/arm-gnu-toolchain-12.2.rel1-mingw-w64-i686-arm-none-eabi/bin/../lib/gcc/arm-none-eabi/12.2.1/thumb/v7-m/nofp\libg.a(libc_a-stdio.o)
                              d:/stm32cubetoolchains/arm-gnu-toolchain-12.2.rel1-mingw-w64-i686-arm-none-eabi/bin/../lib/gcc/arm-none-eabi/12.2.1/thumb/v7-m/nofp\libg.a(libc_a-findfp.o) (__sread)
d:/stm32cubetoolchains/arm-gnu-toolchain-12.2.rel1-mingw-w64-i686-arm-none-eabi/bin/../lib/gcc/arm-none-eabi/12.2.1/thumb/v7-m/nofp\libg.a(libc_a-memset.o)
                              d:/stm32cubetoolchains/arm-gnu-toolchain-12.2.rel1-mingw-w64-i686-arm-none-eabi/bin/../lib/gcc/arm-none-eabi/12.2.1/thumb/v7-m/nofp/crt0.o (memset)
d:/stm32cubetoolchains/arm-gnu-toolchain-12.2.rel1-mingw-w64-i686-arm-none-eabi/bin/../lib/gcc/arm-none-eabi/12.2.1/thumb/v7-m/nofp\libg.a(libc_a-closer.o)
                              d:/stm32cubetoolchains/arm-gnu-toolchain-12.2.rel1-mingw-w64-i686-arm-none-eabi/bin/../lib/gcc/arm-none-eabi/12.2.1/thumb/v7-m/nofp\libg.a(libc_a-stdio.o) (_close_r)
d:/stm32cubetoolchains/arm-gnu-toolchain-12.2.rel1-mingw-w64-i686-arm-none-eabi/bin/../lib/gcc/arm-none-eabi/12.2.1/thumb/v7-m/nofp\libg.a(libc_a-reent.o)
                              d:/stm32cubetoolchains/arm-gnu-toolchain-12.2.rel1-mingw-w64-i686-arm-none-eabi/bin/../lib/gcc/arm-none-eabi/12.2.1/thumb/v7-m/nofp\libg.a(libc_a-closer.o) (errno)
d:/stm32cubetoolchains/arm-gnu-toolchain-12.2.rel1-mingw-w64-i686-arm-none-eabi/bin/../lib/gcc/arm-none-eabi/12.2.1/thumb/v7-m/nofp\libg.a(libc_a-impure.o)
                              d:/stm32cubetoolchains/arm-gnu-toolchain-12.2.rel1-mingw-w64-i686-arm-none-eabi/bin/../lib/gcc/arm-none-eabi/12.2.1/thumb/v7-m/nofp\libg.a(libc_a-sprintf.o) (_impure_ptr)
[...]
Memory Configuration

Name             Origin             Length             Attributes
RAM              0x20000000         0x00005000         xrw
FLASH            0x08000000         0x00020000         xr
*default*        0x00000000         0xffffffff

Linker script and memory map

LOAD d:/stm32cubetoolchains/arm-gnu-toolchain-12.2.rel1-mingw-w64-i686-arm-none-eabi/bin/../lib/gcc/arm-none-eabi/12.2.1/thumb/v7-m/nofp/crti.o
LOAD d:/stm32cubetoolchains/arm-gnu-toolchain-12.2.rel1-mingw-w64-i686-arm-none-eabi/bin/../lib/gcc/arm-none-eabi/12.2.1/thumb/v7-m/nofp/crtbegin.o
LOAD d:/stm32cubetoolchains/arm-gnu-toolchain-12.2.rel1-mingw-w64-i686-arm-none-eabi/bin/../lib/gcc/arm-none-eabi/12.2.1/thumb/v7-m/nofp/crt0.o
LOAD CMakeFiles/dreamLittleCarFixed-FW.elf.dir/Core/Src/gpio.c.obj
LOAD CMakeFiles/dreamLittleCarFixed-FW.elf.dir/Core/Src/main.c.obj
LOAD CMakeFiles/dreamLittleCarFixed-FW.elf.dir/Core/Src/stm32f1xx_hal_msp.c.obj
LOAD CMakeFiles/dreamLittleCarFixed-FW.elf.dir/Core/Src/stm32f1xx_it.c.obj
LOAD CMakeFiles/dreamLittleCarFixed-FW.elf.dir/Core/Src/syscalls.c.obj
LOAD CMakeFiles/dreamLittleCarFixed-FW.elf.dir/Core/Src/system_stm32f1xx.c.obj
LOAD CMakeFiles/dreamLittleCarFixed-FW.elf.dir/Core/Src/tim.c.obj
LOAD CMakeFiles/dreamLittleCarFixed-FW.elf.dir/Core/Src/usart.c.obj
LOAD CMakeFiles/dreamLittleCarFixed-FW.elf.dir/Drivers/STM32F1xx_HAL_Driver/Src/stm32f1xx_hal.c.obj
LOAD CMakeFiles/dreamLittleCarFixed-FW.elf.dir/Drivers/STM32F1xx_HAL_Driver/Src/stm32f1xx_hal_cortex.c.obj
LOAD CMakeFiles/dreamLittleCarFixed-FW.elf.dir/Drivers/STM32F1xx_HAL_Driver/Src/stm32f1xx_hal_dma.c.obj
LOAD CMakeFiles/dreamLittleCarFixed-FW.elf.dir/Drivers/STM32F1xx_HAL_Driver/Src/stm32f1xx_hal_exti.c.obj
LOAD CMakeFiles/dreamLittleCarFixed-FW.elf.dir/Drivers/STM32F1xx_HAL_Driver/Src/stm32f1xx_hal_flash.c.obj
LOAD CMakeFiles/dreamLittleCarFixed-FW.elf.dir/Drivers/STM32F1xx_HAL_Driver/Src/stm32f1xx_hal_flash_ex.c.obj
LOAD CMakeFiles/dreamLittleCarFixed-FW.elf.dir/Drivers/STM32F1xx_HAL_Driver/Src/stm32f1xx_hal_gpio.c.obj
LOAD CMakeFiles/dreamLittleCarFixed-FW.elf.dir/Drivers/STM32F1xx_HAL_Driver/Src/stm32f1xx_hal_gpio_ex.c.obj
LOAD CMakeFiles/dreamLittleCarFixed-FW.elf.dir/Drivers/STM32F1xx_HAL_Driver/Src/stm32f1xx_hal_pwr.c.obj
LOAD CMakeFiles/dreamLittleCarFixed-FW.elf.dir/Drivers/STM32F1xx_HAL_Driver/Src/stm32f1xx_hal_rcc.c.obj
LOAD CMakeFiles/dreamLittleCarFixed-FW.elf.dir/Drivers/STM32F1xx_HAL_Driver/Src/stm32f1xx_hal_rcc_ex.c.obj
LOAD CMakeFiles/dreamLittleCarFixed-FW.elf.dir/Drivers/STM32F1xx_HAL_Driver/Src/stm32f1xx_hal_tim.c.obj
LOAD CMakeFiles/dreamLittleCarFixed-FW.elf.dir/Drivers/STM32F1xx_HAL_Driver/Src/stm32f1xx_hal_tim_ex.c.obj
LOAD CMakeFiles/dreamLittleCarFixed-FW.elf.dir/Drivers/STM32F1xx_HAL_Driver/Src/stm32f1xx_hal_uart.c.obj
LOAD CMakeFiles/dreamLittleCarFixed-FW.elf.dir/startup/startup_stm32f103xb.s.obj
START GROUP
LOAD d:/stm32cubetoolchains/arm-gnu-toolchain-12.2.rel1-mingw-w64-i686-arm-none-eabi/bin/../lib/gcc/arm-none-eabi/12.2.1/thumb/v7-m/nofp\libgcc.a
LOAD d:/stm32cubetoolchains/arm-gnu-toolchain-12.2.rel1-mingw-w64-i686-arm-none-eabi/bin/../lib/gcc/arm-none-eabi/12.2.1/thumb/v7-m/nofp\libg.a
LOAD d:/stm32cubetoolchains/arm-gnu-toolchain-12.2.rel1-mingw-w64-i686-arm-none-eabi/bin/../lib/gcc/arm-none-eabi/12.2.1/thumb/v7-m/nofp\libc.a
END GROUP
LOAD d:/stm32cubetoolchains/arm-gnu-toolchain-12.2.rel1-mingw-w64-i686-arm-none-eabi/bin/../lib/gcc/arm-none-eabi/12.2.1/thumb/v7-m/nofp/crtend.o
LOAD d:/stm32cubetoolchains/arm-gnu-toolchain-12.2.rel1-mingw-w64-i686-arm-none-eabi/bin/../lib/gcc/arm-none-eabi/12.2.1/thumb/v7-m/nofp/crtn.o
                0x20005000                _estack = 0x20005000
                0x00000200                _Min_Heap_Size = 0x200
                0x00000400                _Min_Stack_Size = 0x400

.isr_vector     0x08000000      0x10c
                0x08000000                . = ALIGN (0x4)
 *(.isr_vector)
 .isr_vector    0x08000000      0x10c CMakeFiles/dreamLittleCarFixed-FW.elf.dir/startup/startup_stm32f103xb.s.obj
                0x08000000                g_pfnVectors
                0x0800010c                . = ALIGN (0x4)

.text           0x08000110     0x9dd4
                0x08000110                . = ALIGN (0x4)
 *(.text)
 .text          0x08000110      0x378 d:/stm32cubetoolchains/arm-gnu-toolchain-12.2.rel1-mingw-w64-i686-arm-none-eabi/bin/../lib/gcc/arm-none-eabi/12.2.1/thumb/v7-m/nofp\libgcc.a(_arm_addsubdf3.o)
                0x08000110                __aeabi_drsub
                0x08000118                __aeabi_dsub
                0x08000118                __subdf3
                0x0800011c                __aeabi_dadd
                0x0800011c                __adddf3
                0x08000394                __floatunsidf
                0x08000394                __aeabi_ui2d
                0x080003b4                __floatsidf
                0x080003b4                __aeabi_i2d
                0x080003d8                __aeabi_f2d
                0x080003d8                __extendsfdf2
                0x0800041c                __floatundidf
                0x0800041c                __aeabi_ul2d
                0x0800042c                __floatdidf
                0x0800042c                __aeabi_l2d
 .text          0x08000488      0x424 d:/stm32cubetoolchains/arm-gnu-toolchain-12.2.rel1-mingw-w64-i686-arm-none-eabi/bin/../lib/gcc/arm-none-eabi/12.2.1/thumb/v7-m/nofp\libgcc.a(_arm_muldivdf3.o)
                0x08000488                __aeabi_dmul
                0x08000488                __muldf3
                0x080006dc                __divdf3
                0x080006dc                __aeabi_ddiv
 .text          0x080008ac       0xa0 d:/stm32cubetoolchains/arm-gnu-toolchain-12.2.rel1-mingw-w64-i686-arm-none-eabi/bin/../lib/gcc/arm-none-eabi/12.2.1/thumb/v7-m/nofp\libgcc.a(_arm_truncdfsf2.o)
                0x080008ac                __truncdfsf2
                0x080008ac                __aeabi_d2f
 .text          0x0800094c      0x21c d:/stm32cubetoolchains/arm-gnu-toolchain-12.2.rel1-mingw-w64-i686-arm-none-eabi/bin/../lib/gcc/arm-none-eabi/12.2.1/thumb/v7-m/nofp\libgcc.a(_arm_addsubsf3.o)
                0x0800094c                __aeabi_frsub
                0x08000954                __subsf3
                0x08000954                __aeabi_fsub
                0x08000958                __aeabi_fadd
                0x08000958                __addsf3
                0x08000ab8                __aeabi_ui2f
                0x08000ab8                __floatunsisf
                0x08000ac0                __aeabi_i2f
                0x08000ac0                __floatsisf
                0x08000adc                __aeabi_ul2f
                0x08000adc                __floatundisf
                0x08000aec                __aeabi_l2f
                0x08000aec                __floatdisf
 .text          0x08000b68      0x2a0 d:/stm32cubetoolchains/arm-gnu-toolchain-12.2.rel1-mingw-w64-i686-arm-none-eabi/bin/../lib/gcc/arm-none-eabi/12.2.1/thumb/v7-m/nofp\libgcc.a(_arm_muldivsf3.o)
                0x08000b68                __mulsf3
                0x08000b68                __aeabi_fmul
                0x08000cd0                __aeabi_fdiv
                0x08000cd0                __divsf3
 .text          0x08000e08       0xec d:/stm32cubetoolchains/arm-gnu-toolchain-12.2.rel1-mingw-w64-i686-arm-none-eabi/bin/../lib/gcc/arm-none-eabi/12.2.1/thumb/v7-m/nofp\libgcc.a(_arm_cmpsf2.o)
                0x08000e08                __gesf2
                0x08000e08                __gtsf2
                0x08000e10                __lesf2
                0x08000e10                __ltsf2
                0x08000e18                __nesf2
                0x08000e18                __eqsf2
                0x08000e18                __cmpsf2
                0x08000e78                __aeabi_cfrcmple
                0x08000e80                __aeabi_cfcmpeq
                0x08000e80                __aeabi_cfcmple
                0x08000e90                __aeabi_fcmpeq
                0x08000ea4                __aeabi_fcmplt
                0x08000eb8                __aeabi_fcmple
                0x08000ecc                __aeabi_fcmpge
                0x08000ee0                __aeabi_fcmpgt
 .text          0x08000ef4       0xec d:/stm32cubetoolchains/arm-gnu-toolchain-12.2.rel1-mingw-w64-i686-arm-none-eabi/bin/../lib/gcc/arm-none-eabi/12.2.1/thumb/v7-m/nofp\libg.a(libc_a-memcpy.o)
                0x08000ef4                memcpy
 .text          0x08000fe0      0x110 d:/stm32cubetoolchains/arm-gnu-toolchain-12.2.rel1-mingw-w64-i686-arm-none-eabi/bin/../lib/gcc/arm-none-eabi/12.2.1/thumb/v7-m/nofp\libgcc.a(_arm_cmpdf2.o)
                0x08000fe0                __gtdf2
                0x08000fe0                __gedf2
                0x08000fe8                __ltdf2
                0x08000fe8                __ledf2
                0x08000ff0                __nedf2
                0x08000ff0                __eqdf2
                0x08000ff0                __cmpdf2
                0x0800106c                __aeabi_cdrcmple
                0x0800107c                __aeabi_cdcmpeq
                0x0800107c                __aeabi_cdcmple
                0x0800108c                __aeabi_dcmpeq
                0x080010a0                __aeabi_dcmplt
                0x080010b4                __aeabi_dcmple
                0x080010c8                __aeabi_dcmpge
                0x080010dc                __aeabi_dcmpgt
 .text          0x080010f0       0x2c d:/stm32cubetoolchains/arm-gnu-toolchain-12.2.rel1-mingw-w64-i686-arm-none-eabi/bin/../lib/gcc/arm-none-eabi/12.2.1/thumb/v7-m/nofp\libgcc.a(_arm_unorddf2.o)
                0x080010f0                __unorddf2
                0x080010f0                __aeabi_dcmpun
 .text          0x0800111c       0x50 d:/stm32cubetoolchains/arm-gnu-toolchain-12.2.rel1-mingw-w64-i686-arm-none-eabi/bin/../lib/gcc/arm-none-eabi/12.2.1/thumb/v7-m/nofp\libgcc.a(_arm_fixdfsi.o)
                0x0800111c                __aeabi_d2iz
                0x0800111c                __fixdfsi
 *(.text*)
 .text.deregister_tm_clones
                0x0800116c       0x1c d:/stm32cubetoolchains/arm-gnu-toolchain-12.2.rel1-mingw-w64-i686-arm-none-eabi/bin/../lib/gcc/arm-none-eabi/12.2.1/thumb/v7-m/nofp/crtbegin.o
 .text.register_tm_clones
                0x08001188       0x24 d:/stm32cubetoolchains/arm-gnu-toolchain-12.2.rel1-mingw-w64-i686-arm-none-eabi/bin/../lib/gcc/arm-none-eabi/12.2.1/thumb/v7-m/nofp/crtbegin.o
 .text.__do_global_dtors_aux
                0x080011ac       0x28 d:/stm32cubetoolchains/arm-gnu-toolchain-12.2.rel1-mingw-w64-i686-arm-none-eabi/bin/../lib/gcc/arm-none-eabi/12.2.1/thumb/v7-m/nofp/crtbegin.o
 .text.frame_dummy
                0x080011d4       0x24 d:/stm32cubetoolchains/arm-gnu-toolchain-12.2.rel1-mingw-w64-i686-arm-none-eabi/bin/../lib/gcc/arm-none-eabi/12.2.1/thumb/v7-m/nofp/crtbegin.o
 .text.MX_GPIO_Init
                0x080011f8       0xfc CMakeFiles/dreamLittleCarFixed-FW.elf.dir/Core/Src/gpio.c.obj
                0x080011f8                MX_GPIO_Init
 .text.delayus  0x080012f4       0x34 CMakeFiles/dreamLittleCarFixed-FW.elf.dir/Core/Src/main.c.obj
                0x080012f4                delayus
 .text.goForward
                0x08001328       0x50 CMakeFiles/dreamLittleCarFixed-FW.elf.dir/Core/Src/main.c.obj
                0x08001328                goForward
 .text.goBack   0x08001378       0x50 CMakeFiles/dreamLittleCarFixed-FW.elf.dir/Core/Src/main.c.obj
                0x08001378                goBack
 .text.stopAll  0x080013c8       0x3c CMakeFiles/dreamLittleCarFixed-FW.elf.dir/Core/Src/main.c.obj
                0x080013c8                stopAll
 .text.turnLeft
                0x08001404       0x50 CMakeFiles/dreamLittleCarFixed-FW.elf.dir/Core/Src/main.c.obj
                0x08001404                turnLeft
 .text.turnRight
                0x08001454       0x50 CMakeFiles/dreamLittleCarFixed-FW.elf.dir/Core/Src/main.c.obj
                0x08001454                turnRight
 .text.sr04Init
                0x080014a4       0x24 CMakeFiles/dreamLittleCarFixed-FW.elf.dir/Core/Src/main.c.obj
                0x080014a4                sr04Init
 .text.sr04TimerMode
                0x080014c8       0x28 CMakeFiles/dreamLittleCarFixed-FW.elf.dir/Core/Src/main.c.obj
                0x080014c8                sr04TimerMode
 .text.sr04GetDistant
                0x080014f0       0x4c CMakeFiles/dreamLittleCarFixed-FW.elf.dir/Core/Src/main.c.obj
                0x080014f0                sr04GetDistant
 .text.sr04GetDistantAfterFilter
                0x0800153c       0x2e CMakeFiles/dreamLittleCarFixed-FW.elf.dir/Core/Src/main.c.obj
                0x0800153c                sr04GetDistantAfterFilter
 *fill*         0x0800156a        0x2 
 .text.littleCarMove
                0x0800156c      0x1f0 CMakeFiles/dreamLittleCarFixed-FW.elf.dir/Core/Src/main.c.obj
                0x0800156c                littleCarMove
 .text.Error_Handler
                0x0800175c        0x4 CMakeFiles/dreamLittleCarFixed-FW.elf.dir/Core/Src/main.c.obj
                0x0800175c                Error_Handler
 .text.SystemClock_Config
                0x08001760       0x64 CMakeFiles/dreamLittleCarFixed-FW.elf.dir/Core/Src/main.c.obj
                0x08001760                SystemClock_Config
 *fill*         0x080017c4        0x4 
 .text.main     0x080017c8      0x284 CMakeFiles/dreamLittleCarFixed-FW.elf.dir/Core/Src/main.c.obj
                0x080017c8                main
 .text.HAL_MspInit
                0x08001a4c       0x44 CMakeFiles/dreamLittleCarFixed-FW.elf.dir/Core/Src/stm32f1xx_hal_msp.c.obj
                0x08001a4c                HAL_MspInit
 .text.NMI_Handler
                0x08001a90        0x2 CMakeFiles/dreamLittleCarFixed-FW.elf.dir/Core/Src/stm32f1xx_it.c.obj
                0x08001a90                NMI_Handler
 .text.HardFault_Handler
                0x08001a92        0x2 CMakeFiles/dreamLittleCarFixed-FW.elf.dir/Core/Src/stm32f1xx_it.c.obj
                0x08001a92                HardFault_Handler
 .text.MemManage_Handler
                0x08001a94        0x2 CMakeFiles/dreamLittleCarFixed-FW.elf.dir/Core/Src/stm32f1xx_it.c.obj
                0x08001a94                MemManage_Handler
 .text.BusFault_Handler
                0x08001a96        0x2 CMakeFiles/dreamLittleCarFixed-FW.elf.dir/Core/Src/stm32f1xx_it.c.obj
                0x08001a96                BusFault_Handler
 .text.UsageFault_Handler
                0x08001a98        0x2 CMakeFiles/dreamLittleCarFixed-FW.elf.dir/Core/Src/stm32f1xx_it.c.obj
                0x08001a98                UsageFault_Handler
 .text.SVC_Handler
                0x08001a9a        0x2 CMakeFiles/dreamLittleCarFixed-FW.elf.dir/Core/Src/stm32f1xx_it.c.obj
                0x08001a9a                SVC_Handler
 .text.DebugMon_Handler
                0x08001a9c        0x2 CMakeFiles/dreamLittleCarFixed-FW.elf.dir/Core/Src/stm32f1xx_it.c.obj
                0x08001a9c                DebugMon_Handler
 .text.PendSV_Handler
                0x08001a9e        0x2 CMakeFiles/dreamLittleCarFixed-FW.elf.dir/Core/Src/stm32f1xx_it.c.obj
                0x08001a9e                PendSV_Handler
 .text.SysTick_Handler
                0x08001aa0       0x40 CMakeFiles/dreamLittleCarFixed-FW.elf.dir/Core/Src/stm32f1xx_it.c.obj
                0x08001aa0                SysTick_Handler
 .text.USART2_IRQHandler
                0x08001ae0       0x4c CMakeFiles/dreamLittleCarFixed-FW.elf.dir/Core/Src/stm32f1xx_it.c.obj
                0x08001ae0                USART2_IRQHandler
 .text._getpid  0x08001b2c        0x4 CMakeFiles/dreamLittleCarFixed-FW.elf.dir/Core/Src/syscalls.c.obj
                0x08001b2c                _getpid
 .text._kill    0x08001b30       0x10 CMakeFiles/dreamLittleCarFixed-FW.elf.dir/Core/Src/syscalls.c.obj
                0x08001b30                _kill
 .text._exit    0x08001b40        0xc CMakeFiles/dreamLittleCarFixed-FW.elf.dir/Core/Src/syscalls.c.obj
                0x08001b40                _exit
 .text._read    0x08001b4c       0x20 CMakeFiles/dreamLittleCarFixed-FW.elf.dir/Core/Src/syscalls.c.obj
                0x08001b4c                _read
 .text._write   0x08001b6c       0x1c CMakeFiles/dreamLittleCarFixed-FW.elf.dir/Core/Src/syscalls.c.obj
                0x08001b6c                _write
 .text._sbrk    0x08001b88       0x3c CMakeFiles/dreamLittleCarFixed-FW.elf.dir/Core/Src/syscalls.c.obj
                0x08001b88                _sbrk
 .text._close   0x08001bc4        0x6 CMakeFiles/dreamLittleCarFixed-FW.elf.dir/Core/Src/syscalls.c.obj
                0x08001bc4                _close
 .text._fstat   0x08001bca        0xa CMakeFiles/dreamLittleCarFixed-FW.elf.dir/Core/Src/syscalls.c.obj
                0x08001bca                _fstat
 .text._isatty  0x08001bd4        0x4 CMakeFiles/dreamLittleCarFixed-FW.elf.dir/Core/Src/syscalls.c.obj
                0x08001bd4                _isatty
 .text._lseek   0x08001bd8        0x4 CMakeFiles/dreamLittleCarFixed-FW.elf.dir/Core/Src/syscalls.c.obj
                0x08001bd8                _lseek
 .text.SystemInit
                0x08001bdc        0x2 CMakeFiles/dreamLittleCarFixed-FW.elf.dir/Core/Src/system_stm32f1xx.c.obj
                0x08001bdc                SystemInit
 *fill*         0x08001bde        0x2 
 .text.MX_TIM2_Init
                0x08001be0       0x6c CMakeFiles/dreamLittleCarFixed-FW.elf.dir/Core/Src/tim.c.obj
                0x08001be0                MX_TIM2_Init
 .text.MX_TIM4_Init
                0x08001c4c       0x70 CMakeFiles/dreamLittleCarFixed-FW.elf.dir/Core/Src/tim.c.obj
                0x08001c4c                MX_TIM4_Init
 .text.HAL_TIM_Base_MspInit
                0x08001cbc       0x4c CMakeFiles/dreamLittleCarFixed-FW.elf.dir/Core/Src/tim.c.obj
                0x08001cbc                HAL_TIM_Base_MspInit
 .text.HAL_TIM_PWM_MspInit
                0x08001d08       0x2c CMakeFiles/dreamLittleCarFixed-FW.elf.dir/Core/Src/tim.c.obj
                0x08001d08                HAL_TIM_PWM_MspInit
 .text.HAL_TIM_MspPostInit
                0x08001d34       0x50 CMakeFiles/dreamLittleCarFixed-FW.elf.dir/Core/Src/tim.c.obj
                0x08001d34                HAL_TIM_MspPostInit
 .text.MX_TIM3_Init
                0x08001d84       0x98 CMakeFiles/dreamLittleCarFixed-FW.elf.dir/Core/Src/tim.c.obj
                0x08001d84                MX_TIM3_Init
 .text.MX_USART1_UART_Init
                0x08001e1c       0x34 CMakeFiles/dreamLittleCarFixed-FW.elf.dir/Core/Src/usart.c.obj
                0x08001e1c                MX_USART1_UART_Init
 .text.MX_USART2_UART_Init
                0x08001e50       0x34 CMakeFiles/dreamLittleCarFixed-FW.elf.dir/Core/Src/usart.c.obj
                0x08001e50                MX_USART2_UART_Init
 .text.HAL_UART_MspInit
                0x08001e84       0xe4 CMakeFiles/dreamLittleCarFixed-FW.elf.dir/Core/Src/usart.c.obj
                0x08001e84                HAL_UART_MspInit
 .text.HAL_InitTick
                0x08001f68       0x4c CMakeFiles/dreamLittleCarFixed-FW.elf.dir/Drivers/STM32F1xx_HAL_Driver/Src/stm32f1xx_hal.c.obj
                0x08001f68                HAL_InitTick
 .text.HAL_Init
                0x08001fb4       0x24 CMakeFiles/dreamLittleCarFixed-FW.elf.dir/Drivers/STM32F1xx_HAL_Driver/Src/stm32f1xx_hal.c.obj
                0x08001fb4                HAL_Init
 .text.HAL_IncTick
                0x08001fd8       0x18 CMakeFiles/dreamLittleCarFixed-FW.elf.dir/Drivers/STM32F1xx_HAL_Driver/Src/stm32f1xx_hal.c.obj
                0x08001fd8                HAL_IncTick
 .text.HAL_GetTick
                0x08001ff0        0xc CMakeFiles/dreamLittleCarFixed-FW.elf.dir/Drivers/STM32F1xx_HAL_Driver/Src/stm32f1xx_hal.c.obj
                0x08001ff0                HAL_GetTick
 .text.HAL_Delay
                0x08001ffc       0x28 CMakeFiles/dreamLittleCarFixed-FW.elf.dir/Drivers/STM32F1xx_HAL_Driver/Src/stm32f1xx_hal.c.obj
                0x08001ffc                HAL_Delay
 .text.__NVIC_SetPriority
                0x08002024       0x28 CMakeFiles/dreamLittleCarFixed-FW.elf.dir/Drivers/STM32F1xx_HAL_Driver/Src/stm32f1xx_hal_cortex.c.obj
 .text.NVIC_EncodePriority
                0x0800204c       0x3e CMakeFiles/dreamLittleCarFixed-FW.elf.dir/Drivers/STM32F1xx_HAL_Driver/Src/stm32f1xx_hal_cortex.c.obj
 *fill*         0x0800208a        0x2 
 .text.HAL_NVIC_SetPriorityGrouping
                0x0800208c       0x24 CMakeFiles/dreamLittleCarFixed-FW.elf.dir/Drivers/STM32F1xx_HAL_Driver/Src/stm32f1xx_hal_cortex.c.obj
                0x0800208c                HAL_NVIC_SetPriorityGrouping
 .text.HAL_NVIC_SetPriority
                0x080020b0       0x20 CMakeFiles/dreamLittleCarFixed-FW.elf.dir/Drivers/STM32F1xx_HAL_Driver/Src/stm32f1xx_hal_cortex.c.obj
                0x080020b0                HAL_NVIC_SetPriority
 .text.HAL_NVIC_EnableIRQ
                0x080020d0       0x1c CMakeFiles/dreamLittleCarFixed-FW.elf.dir/Drivers/STM32F1xx_HAL_Driver/Src/stm32f1xx_hal_cortex.c.obj
                0x080020d0                HAL_NVIC_EnableIRQ
 .text.HAL_SYSTICK_Config
                0x080020ec       0x28 CMakeFiles/dreamLittleCarFixed-FW.elf.dir/Drivers/STM32F1xx_HAL_Driver/Src/stm32f1xx_hal_cortex.c.obj
                0x080020ec                HAL_SYSTICK_Config
 .text.HAL_DMA_Abort
                0x08002114       0x46 CMakeFiles/dreamLittleCarFixed-FW.elf.dir/Drivers/STM32F1xx_HAL_Driver/Src/stm32f1xx_hal_dma.c.obj
                0x08002114                HAL_DMA_Abort
 *fill*         0x0800215a        0x2 
 .text.HAL_DMA_Abort_IT
                0x0800215c       0x98 CMakeFiles/dreamLittleCarFixed-FW.elf.dir/Drivers/STM32F1xx_HAL_Driver/Src/stm32f1xx_hal_dma.c.obj
                0x0800215c                HAL_DMA_Abort_IT
 .text.HAL_GPIO_Init
                0x080021f4      0x21c CMakeFiles/dreamLittleCarFixed-FW.elf.dir/Drivers/STM32F1xx_HAL_Driver/Src/stm32f1xx_hal_gpio.c.obj
                0x080021f4                HAL_GPIO_Init
 .text.HAL_GPIO_ReadPin
                0x08002410        0xe CMakeFiles/dreamLittleCarFixed-FW.elf.dir/Drivers/STM32F1xx_HAL_Driver/Src/stm32f1xx_hal_gpio.c.obj
                0x08002410                HAL_GPIO_ReadPin
 .text.HAL_GPIO_WritePin
                0x0800241e        0xc CMakeFiles/dreamLittleCarFixed-FW.elf.dir/Drivers/STM32F1xx_HAL_Driver/Src/stm32f1xx_hal_gpio.c.obj
                0x0800241e                HAL_GPIO_WritePin
 .text.HAL_GPIO_TogglePin
                0x0800242a       0x12 CMakeFiles/dreamLittleCarFixed-FW.elf.dir/Drivers/STM32F1xx_HAL_Driver/Src/stm32f1xx_hal_gpio.c.obj
                0x0800242a                HAL_GPIO_TogglePin
 .text.RCC_Delay
                0x0800243c       0x2c CMakeFiles/dreamLittleCarFixed-FW.elf.dir/Drivers/STM32F1xx_HAL_Driver/Src/stm32f1xx_hal_rcc.c.obj
 .text.HAL_RCC_OscConfig
                0x08002468      0x410 CMakeFiles/dreamLittleCarFixed-FW.elf.dir/Drivers/STM32F1xx_HAL_Driver/Src/stm32f1xx_hal_rcc.c.obj
                0x08002468                HAL_RCC_OscConfig
 .text.HAL_RCC_GetSysClockFreq
                0x08002878       0x60 CMakeFiles/dreamLittleCarFixed-FW.elf.dir/Drivers/STM32F1xx_HAL_Driver/Src/stm32f1xx_hal_rcc.c.obj
                0x08002878                HAL_RCC_GetSysClockFreq
 .text.HAL_RCC_ClockConfig
                0x080028d8      0x16c CMakeFiles/dreamLittleCarFixed-FW.elf.dir/Drivers/STM32F1xx_HAL_Driver/Src/stm32f1xx_hal_rcc.c.obj
                0x080028d8                HAL_RCC_ClockConfig
 .text.HAL_RCC_GetHCLKFreq
                0x08002a44        0xc CMakeFiles/dreamLittleCarFixed-FW.elf.dir/Drivers/STM32F1xx_HAL_Driver/Src/stm32f1xx_hal_rcc.c.obj
                0x08002a44                HAL_RCC_GetHCLKFreq
 .text.HAL_RCC_GetPCLK1Freq
                0x08002a50       0x20 CMakeFiles/dreamLittleCarFixed-FW.elf.dir/Drivers/STM32F1xx_HAL_Driver/Src/stm32f1xx_hal_rcc.c.obj
                0x08002a50                HAL_RCC_GetPCLK1Freq
 .text.HAL_RCC_GetPCLK2Freq
                0x08002a70       0x20 CMakeFiles/dreamLittleCarFixed-FW.elf.dir/Drivers/STM32F1xx_HAL_Driver/Src/stm32f1xx_hal_rcc.c.obj
                0x08002a70                HAL_RCC_GetPCLK2Freq
 .text.TIM_OC1_SetConfig
                0x08002a90       0x54 CMakeFiles/dreamLittleCarFixed-FW.elf.dir/Drivers/STM32F1xx_HAL_Driver/Src/stm32f1xx_hal_tim.c.obj
 .text.TIM_OC3_SetConfig
                0x08002ae4       0x5c CMakeFiles/dreamLittleCarFixed-FW.elf.dir/Drivers/STM32F1xx_HAL_Driver/Src/stm32f1xx_hal_tim.c.obj
 .text.TIM_OC4_SetConfig
                0x08002b40       0x48 CMakeFiles/dreamLittleCarFixed-FW.elf.dir/Drivers/STM32F1xx_HAL_Driver/Src/stm32f1xx_hal_tim.c.obj
 .text.TIM_TI1_ConfigInputStage
                0x08002b88       0x24 CMakeFiles/dreamLittleCarFixed-FW.elf.dir/Drivers/STM32F1xx_HAL_Driver/Src/stm32f1xx_hal_tim.c.obj
 .text.TIM_TI2_ConfigInputStage
                0x08002bac       0x26 CMakeFiles/dreamLittleCarFixed-FW.elf.dir/Drivers/STM32F1xx_HAL_Driver/Src/stm32f1xx_hal_tim.c.obj
 .text.TIM_ITRx_SetConfig
                0x08002bd2       0x10 CMakeFiles/dreamLittleCarFixed-FW.elf.dir/Drivers/STM32F1xx_HAL_Driver/Src/stm32f1xx_hal_tim.c.obj
 *fill*         0x08002be2        0x2 
 .text.HAL_TIM_Base_Start
                0x08002be4       0x5c CMakeFiles/dreamLittleCarFixed-FW.elf.dir/Drivers/STM32F1xx_HAL_Driver/Src/stm32f1xx_hal_tim.c.obj
                0x08002be4                HAL_TIM_Base_Start
 .text.HAL_TIM_Base_Stop
                0x08002c40       0x28 CMakeFiles/dreamLittleCarFixed-FW.elf.dir/Drivers/STM32F1xx_HAL_Driver/Src/stm32f1xx_hal_tim.c.obj
                0x08002c40                HAL_TIM_Base_Stop
 .text.TIM_Base_SetConfig
                0x08002c68       0x74 CMakeFiles/dreamLittleCarFixed-FW.elf.dir/Drivers/STM32F1xx_HAL_Driver/Src/stm32f1xx_hal_tim.c.obj
                0x08002c68                TIM_Base_SetConfig
 .text.HAL_TIM_Base_Init
                0x08002cdc       0x58 CMakeFiles/dreamLittleCarFixed-FW.elf.dir/Drivers/STM32F1xx_HAL_Driver/Src/stm32f1xx_hal_tim.c.obj
                0x08002cdc                HAL_TIM_Base_Init
 .text.HAL_TIM_PWM_Init
                0x08002d34       0x58 CMakeFiles/dreamLittleCarFixed-FW.elf.dir/Drivers/STM32F1xx_HAL_Driver/Src/stm32f1xx_hal_tim.c.obj
                0x08002d34                HAL_TIM_PWM_Init
 .text.TIM_OC2_SetConfig
                0x08002d8c       0x5c CMakeFiles/dreamLittleCarFixed-FW.elf.dir/Drivers/STM32F1xx_HAL_Driver/Src/stm32f1xx_hal_tim.c.obj
                0x08002d8c                TIM_OC2_SetConfig
 .text.HAL_TIM_PWM_ConfigChannel
                0x08002de8       0xdc CMakeFiles/dreamLittleCarFixed-FW.elf.dir/Drivers/STM32F1xx_HAL_Driver/Src/stm32f1xx_hal_tim.c.obj
                0x08002de8                HAL_TIM_PWM_ConfigChannel
 .text.TIM_ETR_SetConfig
                0x08002ec4       0x18 CMakeFiles/dreamLittleCarFixed-FW.elf.dir/Drivers/STM32F1xx_HAL_Driver/Src/stm32f1xx_hal_tim.c.obj
                0x08002ec4                TIM_ETR_SetConfig
 .text.HAL_TIM_ConfigClockSource
                0x08002edc       0xfe CMakeFiles/dreamLittleCarFixed-FW.elf.dir/Drivers/STM32F1xx_HAL_Driver/Src/stm32f1xx_hal_tim.c.obj
                0x08002edc                HAL_TIM_ConfigClockSource
 .text.TIM_CCxChannelCmd
                0x08002fda       0x1e CMakeFiles/dreamLittleCarFixed-FW.elf.dir/Drivers/STM32F1xx_HAL_Driver/Src/stm32f1xx_hal_tim.c.obj
                0x08002fda                TIM_CCxChannelCmd
 .text.HAL_TIM_PWM_Start
                0x08002ff8       0xdc CMakeFiles/dreamLittleCarFixed-FW.elf.dir/Drivers/STM32F1xx_HAL_Driver/Src/stm32f1xx_hal_tim.c.obj
                0x08002ff8                HAL_TIM_PWM_Start
 .text.HAL_TIMEx_MasterConfigSynchronization
                0x080030d4       0x6c CMakeFiles/dreamLittleCarFixed-FW.elf.dir/Drivers/STM32F1xx_HAL_Driver/Src/stm32f1xx_hal_tim_ex.c.obj
                0x080030d4                HAL_TIMEx_MasterConfigSynchronization
 .text.UART_EndRxTransfer
                0x08003140       0x5c CMakeFiles/dreamLittleCarFixed-FW.elf.dir/Drivers/STM32F1xx_HAL_Driver/Src/stm32f1xx_hal_uart.c.obj
 .text.UART_Transmit_IT
                0x0800319c       0x60 CMakeFiles/dreamLittleCarFixed-FW.elf.dir/Drivers/STM32F1xx_HAL_Driver/Src/stm32f1xx_hal_uart.c.obj
 .text.UART_SetConfig
                0x080031fc       0x94 CMakeFiles/dreamLittleCarFixed-FW.elf.dir/Drivers/STM32F1xx_HAL_Driver/Src/stm32f1xx_hal_uart.c.obj
 .text.UART_WaitOnFlagUntilTimeout
                0x08003290       0x84 CMakeFiles/dreamLittleCarFixed-FW.elf.dir/Drivers/STM32F1xx_HAL_Driver/Src/stm32f1xx_hal_uart.c.obj
 .text.HAL_UART_Init
                0x08003314       0x60 CMakeFiles/dreamLittleCarFixed-FW.elf.dir/Drivers/STM32F1xx_HAL_Driver/Src/stm32f1xx_hal_uart.c.obj
                0x08003314                HAL_UART_Init
 .text.HAL_UART_Transmit
                0x08003374       0xbe CMakeFiles/dreamLittleCarFixed-FW.elf.dir/Drivers/STM32F1xx_HAL_Driver/Src/stm32f1xx_hal_uart.c.obj
                0x08003374                HAL_UART_Transmit
 .text.HAL_UART_Receive
                0x08003432       0xca CMakeFiles/dreamLittleCarFixed-FW.elf.dir/Drivers/STM32F1xx_HAL_Driver/Src/stm32f1xx_hal_uart.c.obj
                0x08003432                HAL_UART_Receive
 .text.HAL_UART_TxCpltCallback
                0x080034fc        0x2 CMakeFiles/dreamLittleCarFixed-FW.elf.dir/Drivers/STM32F1xx_HAL_Driver/Src/stm32f1xx_hal_uart.c.obj
                0x080034fc                HAL_UART_TxCpltCallback
 .text.UART_EndTransmit_IT
                0x080034fe       0x1a CMakeFiles/dreamLittleCarFixed-FW.elf.dir/Drivers/STM32F1xx_HAL_Driver/Src/stm32f1xx_hal_uart.c.obj
 .text.HAL_UART_RxCpltCallback
                0x08003518        0x2 CMakeFiles/dreamLittleCarFixed-FW.elf.dir/Drivers/STM32F1xx_HAL_Driver/Src/stm32f1xx_hal_uart.c.obj
                0x08003518                HAL_UART_RxCpltCallback
 .text.HAL_UART_ErrorCallback
                0x0800351a        0x2 CMakeFiles/dreamLittleCarFixed-FW.elf.dir/Drivers/STM32F1xx_HAL_Driver/Src/stm32f1xx_hal_uart.c.obj
                0x0800351a                HAL_UART_ErrorCallback
 .text.UART_DMAAbortOnError
                0x0800351c       0x10 CMakeFiles/dreamLittleCarFixed-FW.elf.dir/Drivers/STM32F1xx_HAL_Driver/Src/stm32f1xx_hal_uart.c.obj
 .text.HAL_UARTEx_RxEventCallback
                0x0800352c        0x2 CMakeFiles/dreamLittleCarFixed-FW.elf.dir/Drivers/STM32F1xx_HAL_Driver/Src/stm32f1xx_hal_uart.c.obj
                0x0800352c                HAL_UARTEx_RxEventCallback
 .text.UART_Receive_IT
                0x0800352e       0xe6 CMakeFiles/dreamLittleCarFixed-FW.elf.dir/Drivers/STM32F1xx_HAL_Driver/Src/stm32f1xx_hal_uart.c.obj
 .text.HAL_UART_IRQHandler
                0x08003614      0x284 CMakeFiles/dreamLittleCarFixed-FW.elf.dir/Drivers/STM32F1xx_HAL_Driver/Src/stm32f1xx_hal_uart.c.obj
                0x08003614                HAL_UART_IRQHandler
 .text.UART_Start_Receive_IT
                0x08003898       0x36 CMakeFiles/dreamLittleCarFixed-FW.elf.dir/Drivers/STM32F1xx_HAL_Driver/Src/stm32f1xx_hal_uart.c.obj
                0x08003898                UART_Start_Receive_IT
 .text.HAL_UART_Receive_IT
                0x080038ce       0x26 CMakeFiles/dreamLittleCarFixed-FW.elf.dir/Drivers/STM32F1xx_HAL_Driver/Src/stm32f1xx_hal_uart.c.obj
                0x080038ce                HAL_UART_Receive_IT
 .text.Reset_Handler
                0x080038f4       0x48 CMakeFiles/dreamLittleCarFixed-FW.elf.dir/startup/startup_stm32f103xb.s.obj
                0x080038f4                Reset_Handler
 .text.Default_Handler
                0x0800393c        0x2 CMakeFiles/dreamLittleCarFixed-FW.elf.dir/startup/startup_stm32f103xb.s.obj
                0x0800393c                RTC_Alarm_IRQHandler
                0x0800393c                EXTI2_IRQHandler
                0x0800393c                TIM1_CC_IRQHandler
                0x0800393c                PVD_IRQHandler
                0x0800393c                EXTI3_IRQHandler
                0x0800393c                EXTI0_IRQHandler
                0x0800393c                I2C2_EV_IRQHandler
                0x0800393c                ADC1_2_IRQHandler
                0x0800393c                SPI1_IRQHandler
                0x0800393c                TAMPER_IRQHandler
                0x0800393c                DMA1_Channel4_IRQHandler
                0x0800393c                USART3_IRQHandler
                0x0800393c                RTC_IRQHandler
                0x0800393c                DMA1_Channel7_IRQHandler
                0x0800393c                CAN1_RX1_IRQHandler
                0x0800393c                TIM4_IRQHandler
                0x0800393c                I2C1_EV_IRQHandler
                0x0800393c                DMA1_Channel6_IRQHandler
                0x0800393c                TIM3_IRQHandler
                0x0800393c                RCC_IRQHandler
                0x0800393c                TIM1_TRG_COM_IRQHandler
                0x0800393c                DMA1_Channel1_IRQHandler
                0x0800393c                Default_Handler
                0x0800393c                EXTI15_10_IRQHandler
                0x0800393c                EXTI9_5_IRQHandler
                0x0800393c                SPI2_IRQHandler
                0x0800393c                DMA1_Channel5_IRQHandler
                0x0800393c                EXTI4_IRQHandler
                0x0800393c                USB_LP_CAN1_RX0_IRQHandler
                0x0800393c                USB_HP_CAN1_TX_IRQHandler
                0x0800393c                DMA1_Channel3_IRQHandler
                0x0800393c                TIM1_UP_IRQHandler
                0x0800393c                WWDG_IRQHandler
                0x0800393c                TIM2_IRQHandler
                0x0800393c                TIM1_BRK_IRQHandler
                0x0800393c                EXTI1_IRQHandler
                0x0800393c                I2C2_ER_IRQHandler
                0x0800393c                DMA1_Channel2_IRQHandler
                0x0800393c                CAN1_SCE_IRQHandler
                0x0800393c                FLASH_IRQHandler
                0x0800393c                USART1_IRQHandler
                0x0800393c                I2C1_ER_IRQHandler
                0x0800393c                USBWakeUp_IRQHandler
 *fill*         0x0800393e        0x2 
 .text.stdio_exit_handler
                0x08003940       0x18 d:/stm32cubetoolchains/arm-gnu-toolchain-12.2.rel1-mingw-w64-i686-arm-none-eabi/bin/../lib/gcc/arm-none-eabi/12.2.1/thumb/v7-m/nofp\libg.a(libc_a-findfp.o)
 .text.cleanup_stdio
                0x08003958       0x40 d:/stm32cubetoolchains/arm-gnu-toolchain-12.2.rel1-mingw-w64-i686-arm-none-eabi/bin/../lib/gcc/arm-none-eabi/12.2.1/thumb/v7-m/nofp\libg.a(libc_a-findfp.o)
 .text.global_stdio_init.part.0
                0x08003998       0xf0 d:/stm32cubetoolchains/arm-gnu-toolchain-12.2.rel1-mingw-w64-i686-arm-none-eabi/bin/../lib/gcc/arm-none-eabi/12.2.1/thumb/v7-m/nofp\libg.a(libc_a-findfp.o)
 .text.__sinit  0x08003a88       0x3c d:/stm32cubetoolchains/arm-gnu-toolchain-12.2.rel1-mingw-w64-i686-arm-none-eabi/bin/../lib/gcc/arm-none-eabi/12.2.1/thumb/v7-m/nofp\libg.a(libc_a-findfp.o)
                0x08003a88                __sinit
 .text.__sfp_lock_acquire
                0x08003ac4        0xc d:/stm32cubetoolchains/arm-gnu-toolchain-12.2.rel1-mingw-w64-i686-arm-none-eabi/bin/../lib/gcc/arm-none-eabi/12.2.1/thumb/v7-m/nofp\libg.a(libc_a-findfp.o)
                0x08003ac4                __sfp_lock_acquire
 .text.__sfp_lock_release
                0x08003ad0        0xc d:/stm32cubetoolchains/arm-gnu-toolchain-12.2.rel1-mingw-w64-i686-arm-none-eabi/bin/../lib/gcc/arm-none-eabi/12.2.1/thumb/v7-m/nofp\libg.a(libc_a-findfp.o)
                0x08003ad0                __sfp_lock_release
 .text._fwalk_sglue
                0x08003adc       0x44 d:/stm32cubetoolchains/arm-gnu-toolchain-12.2.rel1-mingw-w64-i686-arm-none-eabi/bin/../lib/gcc/arm-none-eabi/12.2.1/thumb/v7-m/nofp\libg.a(libc_a-fwalk.o)
                0x08003adc                _fwalk_sglue
 .text.sprintf  0x08003b20       0x44 d:/stm32cubetoolchains/arm-gnu-toolchain-12.2.rel1-mingw-w64-i686-arm-none-eabi/bin/../lib/gcc/arm-none-eabi/12.2.1/thumb/v7-m/nofp\libg.a(libc_a-sprintf.o)
                0x08003b20                sprintf
 .text.__sread  0x08003b64       0x24 d:/stm32cubetoolchains/arm-gnu-toolchain-12.2.rel1-mingw-w64-i686-arm-none-eabi/bin/../lib/gcc/arm-none-eabi/12.2.1/thumb/v7-m/nofp\libg.a(libc_a-stdio.o)
                0x08003b64                __sread
 .text.__swrite
                0x08003b88       0x40 d:/stm32cubetoolchains/arm-gnu-toolchain-12.2.rel1-mingw-w64-i686-arm-none-eabi/bin/../lib/gcc/arm-none-eabi/12.2.1/thumb/v7-m/nofp\libg.a(libc_a-stdio.o)
                0x08003b88                __swrite
 .text.__sseek  0x08003bc8       0x24 d:/stm32cubetoolchains/arm-gnu-toolchain-12.2.rel1-mingw-w64-i686-arm-none-eabi/bin/../lib/gcc/arm-none-eabi/12.2.1/thumb/v7-m/nofp\libg.a(libc_a-stdio.o)
                0x08003bc8                __sseek
 .text.__sclose
                0x08003bec        0x8 d:/stm32cubetoolchains/arm-gnu-toolchain-12.2.rel1-mingw-w64-i686-arm-none-eabi/bin/../lib/gcc/arm-none-eabi/12.2.1/thumb/v7-m/nofp\libg.a(libc_a-stdio.o)
                0x08003bec                __sclose
 .text.memset   0x08003bf4       0xa0 d:/stm32cubetoolchains/arm-gnu-toolchain-12.2.rel1-mingw-w64-i686-arm-none-eabi/bin/../lib/gcc/arm-none-eabi/12.2.1/thumb/v7-m/nofp\libg.a(libc_a-memset.o)
                0x08003bf4                memset
 .text._close_r
                0x08003c94       0x24 d:/stm32cubetoolchains/arm-gnu-toolchain-12.2.rel1-mingw-w64-i686-arm-none-eabi/bin/../lib/gcc/arm-none-eabi/12.2.1/thumb/v7-m/nofp\libg.a(libc_a-closer.o)
                0x08003c94                _close_r
 .text._lseek_r
                0x08003cb8       0x2c d:/stm32cubetoolchains/arm-gnu-toolchain-12.2.rel1-mingw-w64-i686-arm-none-eabi/bin/../lib/gcc/arm-none-eabi/12.2.1/thumb/v7-m/nofp\libg.a(libc_a-lseekr.o)
                0x08003cb8                _lseek_r
 .text._read_r  0x08003ce4       0x2c d:/stm32cubetoolchains/arm-gnu-toolchain-12.2.rel1-mingw-w64-i686-arm-none-eabi/bin/../lib/gcc/arm-none-eabi/12.2.1/thumb/v7-m/nofp\libg.a(libc_a-readr.o)
                0x08003ce4                _read_r
 .text._write_r
                0x08003d10       0x2c d:/stm32cubetoolchains/arm-gnu-toolchain-12.2.rel1-mingw-w64-i686-arm-none-eabi/bin/../lib/gcc/arm-none-eabi/12.2.1/thumb/v7-m/nofp\libg.a(libc_a-writer.o)
                0x08003d10                _write_r
 .text.__errno  0x08003d3c        0xc d:/stm32cubetoolchains/arm-gnu-toolchain-12.2.rel1-mingw-w64-i686-arm-none-eabi/bin/../lib/gcc/arm-none-eabi/12.2.1/thumb/v7-m/nofp\libg.a(libc_a-errno.o)
                0x08003d3c                __errno
 .text.__libc_init_array
                0x08003d48       0x50 d:/stm32cubetoolchains/arm-gnu-toolchain-12.2.rel1-mingw-w64-i686-arm-none-eabi/bin/../lib/gcc/arm-none-eabi/12.2.1/thumb/v7-m/nofp\libg.a(libc_a-init.o)
                0x08003d48                __libc_init_array
 .text.__retarget_lock_init_recursive
                0x08003d98        0x4 d:/stm32cubetoolchains/arm-gnu-toolchain-12.2.rel1-mingw-w64-i686-arm-none-eabi/bin/../lib/gcc/arm-none-eabi/12.2.1/thumb/v7-m/nofp\libg.a(libc_a-lock.o)
                0x08003d98                __retarget_lock_init_recursive
 .text.__retarget_lock_close_recursive
                0x08003d9c        0x4 d:/stm32cubetoolchains/arm-gnu-toolchain-12.2.rel1-mingw-w64-i686-arm-none-eabi/bin/../lib/gcc/arm-none-eabi/12.2.1/thumb/v7-m/nofp\libg.a(libc_a-lock.o)
                0x08003d9c                __retarget_lock_close_recursive
 .text.__retarget_lock_acquire_recursive
                0x08003da0        0x4 d:/stm32cubetoolchains/arm-gnu-toolchain-12.2.rel1-mingw-w64-i686-arm-none-eabi/bin/../lib/gcc/arm-none-eabi/12.2.1/thumb/v7-m/nofp\libg.a(libc_a-lock.o)
                0x08003da0                __retarget_lock_acquire_recursive
 .text.__retarget_lock_release_recursive
                0x08003da4        0x4 d:/stm32cubetoolchains/arm-gnu-toolchain-12.2.rel1-mingw-w64-i686-arm-none-eabi/bin/../lib/gcc/arm-none-eabi/12.2.1/thumb/v7-m/nofp\libg.a(libc_a-lock.o)
                0x08003da4                __retarget_lock_release_recursive
 .text.startup.register_fini
                0x08003da8       0x14 d:/stm32cubetoolchains/arm-gnu-toolchain-12.2.rel1-mingw-w64-i686-arm-none-eabi/bin/../lib/gcc/arm-none-eabi/12.2.1/thumb/v7-m/nofp\libg.a(libc_a-__call_atexit.o)
 .text.atexit   0x08003dbc        0xc d:/stm32cubetoolchains/arm-gnu-toolchain-12.2.rel1-mingw-w64-i686-arm-none-eabi/bin/../lib/gcc/arm-none-eabi/12.2.1/thumb/v7-m/nofp\libg.a(libc_a-atexit.o)
                0x08003dbc                atexit
 .text._malloc_trim_r
                0x08003dc8       0xb8 d:/stm32cubetoolchains/arm-gnu-toolchain-12.2.rel1-mingw-w64-i686-arm-none-eabi/bin/../lib/gcc/arm-none-eabi/12.2.1/thumb/v7-m/nofp\libg.a(libc_a-freer.o)
                0x08003dc8                _malloc_trim_r
 .text._free_r  0x08003e80      0x1f8 d:/stm32cubetoolchains/arm-gnu-toolchain-12.2.rel1-mingw-w64-i686-arm-none-eabi/bin/../lib/gcc/arm-none-eabi/12.2.1/thumb/v7-m/nofp\libg.a(libc_a-freer.o)
                0x08003e80                _free_r
 .text._malloc_r
                0x08004078      0x568 d:/stm32cubetoolchains/arm-gnu-toolchain-12.2.rel1-mingw-w64-i686-arm-none-eabi/bin/../lib/gcc/arm-none-eabi/12.2.1/thumb/v7-m/nofp\libg.a(libc_a-mallocr.o)
                0x08004078                _malloc_r
 .text.__malloc_lock
                0x080045e0        0xc d:/stm32cubetoolchains/arm-gnu-toolchain-12.2.rel1-mingw-w64-i686-arm-none-eabi/bin/../lib/gcc/arm-none-eabi/12.2.1/thumb/v7-m/nofp\libg.a(libc_a-mlock.o)
                0x080045e0                __malloc_lock
 .text.__malloc_unlock
                0x080045ec        0xc d:/stm32cubetoolchains/arm-gnu-toolchain-12.2.rel1-mingw-w64-i686-arm-none-eabi/bin/../lib/gcc/arm-none-eabi/12.2.1/thumb/v7-m/nofp\libg.a(libc_a-mlock.o)
                0x080045ec                __malloc_unlock
 .text._svfprintf_r
                0x080045f8     0x1c94 d:/stm32cubetoolchains/arm-gnu-toolchain-12.2.rel1-mingw-w64-i686-arm-none-eabi/bin/../lib/gcc/arm-none-eabi/12.2.1/thumb/v7-m/nofp\libg.a(libc_a-svfprintf.o)
                0x080045f8                _svfprintf_r
 .text._fclose_r
                0x0800628c       0xc4 d:/stm32cubetoolchains/arm-gnu-toolchain-12.2.rel1-mingw-w64-i686-arm-none-eabi/bin/../lib/gcc/arm-none-eabi/12.2.1/thumb/v7-m/nofp\libg.a(libc_a-fclose.o)
                0x0800628c                _fclose_r
 .text.__sflush_r
                0x08006350      0x128 d:/stm32cubetoolchains/arm-gnu-toolchain-12.2.rel1-mingw-w64-i686-arm-none-eabi/bin/../lib/gcc/arm-none-eabi/12.2.1/thumb/v7-m/nofp\libg.a(libc_a-fflush.o)
                0x08006350                __sflush_r
 .text._fflush_r
                0x08006478       0x54 d:/stm32cubetoolchains/arm-gnu-toolchain-12.2.rel1-mingw-w64-i686-arm-none-eabi/bin/../lib/gcc/arm-none-eabi/12.2.1/thumb/v7-m/nofp\libg.a(libc_a-fflush.o)
                0x08006478                _fflush_r
 .text.strncpy  0x080064cc       0x6c d:/stm32cubetoolchains/arm-gnu-toolchain-12.2.rel1-mingw-w64-i686-arm-none-eabi/bin/../lib/gcc/arm-none-eabi/12.2.1/thumb/v7-m/nofp\libg.a(libc_a-strncpy.o)
                0x080064cc                strncpy
 .text.__locale_mb_cur_max
                0x08006538        0xc d:/stm32cubetoolchains/arm-gnu-toolchain-12.2.rel1-mingw-w64-i686-arm-none-eabi/bin/../lib/gcc/arm-none-eabi/12.2.1/thumb/v7-m/nofp\libg.a(libc_a-locale.o)
                0x08006538                __locale_mb_cur_max
 .text._localeconv_r
                0x08006544        0x8 d:/stm32cubetoolchains/arm-gnu-toolchain-12.2.rel1-mingw-w64-i686-arm-none-eabi/bin/../lib/gcc/arm-none-eabi/12.2.1/thumb/v7-m/nofp\libg.a(libc_a-localeconv.o)
                0x08006544                _localeconv_r
 .text._sbrk_r  0x0800654c       0x24 d:/stm32cubetoolchains/arm-gnu-toolchain-12.2.rel1-mingw-w64-i686-arm-none-eabi/bin/../lib/gcc/arm-none-eabi/12.2.1/thumb/v7-m/nofp\libg.a(libc_a-sbrkr.o)
                0x0800654c                _sbrk_r
 .text.__libc_fini_array
                0x08006570       0x28 d:/stm32cubetoolchains/arm-gnu-toolchain-12.2.rel1-mingw-w64-i686-arm-none-eabi/bin/../lib/gcc/arm-none-eabi/12.2.1/thumb/v7-m/nofp\libg.a(libc_a-fini.o)
                0x08006570                __libc_fini_array
 .text.sysconf  0x08006598       0x1c d:/stm32cubetoolchains/arm-gnu-toolchain-12.2.rel1-mingw-w64-i686-arm-none-eabi/bin/../lib/gcc/arm-none-eabi/12.2.1/thumb/v7-m/nofp\libg.a(libc_a-sysconf.o)
                0x08006598                sysconf
 .text.memchr   0x080065b4       0x98 d:/stm32cubetoolchains/arm-gnu-toolchain-12.2.rel1-mingw-w64-i686-arm-none-eabi/bin/../lib/gcc/arm-none-eabi/12.2.1/thumb/v7-m/nofp\libg.a(libc_a-memchr-stub.o)
                0x080065b4                memchr
 .text.strlen   0x0800664c       0x5c d:/stm32cubetoolchains/arm-gnu-toolchain-12.2.rel1-mingw-w64-i686-arm-none-eabi/bin/../lib/gcc/arm-none-eabi/12.2.1/thumb/v7-m/nofp\libg.a(libc_a-strlen-stub.o)
                0x0800664c                strlen
 .text.frexp    0x080066a8       0x70 d:/stm32cubetoolchains/arm-gnu-toolchain-12.2.rel1-mingw-w64-i686-arm-none-eabi/bin/../lib/gcc/arm-none-eabi/12.2.1/thumb/v7-m/nofp\libg.a(libm_a-s_frexp.o)
                0x080066a8                frexp
 .text.__register_exitproc
                0x08006718       0x88 d:/stm32cubetoolchains/arm-gnu-toolchain-12.2.rel1-mingw-w64-i686-arm-none-eabi/bin/../lib/gcc/arm-none-eabi/12.2.1/thumb/v7-m/nofp\libg.a(libc_a-__atexit.o)
                0x08006718                __register_exitproc
 .text.quorem   0x080067a0      0x13c d:/stm32cubetoolchains/arm-gnu-toolchain-12.2.rel1-mingw-w64-i686-arm-none-eabi/bin/../lib/gcc/arm-none-eabi/12.2.1/thumb/v7-m/nofp\libg.a(libc_a-dtoa.o)
 *fill*         0x080068dc        0x4 
 .text._dtoa_r  0x080068e0      0xed0 d:/stm32cubetoolchains/arm-gnu-toolchain-12.2.rel1-mingw-w64-i686-arm-none-eabi/bin/../lib/gcc/arm-none-eabi/12.2.1/thumb/v7-m/nofp\libg.a(libc_a-dtoa.o)
                0x080068e0                _dtoa_r
 .text.__ascii_mbtowc
                0x080077b0       0x2c d:/stm32cubetoolchains/arm-gnu-toolchain-12.2.rel1-mingw-w64-i686-arm-none-eabi/bin/../lib/gcc/arm-none-eabi/12.2.1/thumb/v7-m/nofp\libg.a(libc_a-mbtowc_r.o)
                0x080077b0                __ascii_mbtowc
 .text._Balloc  0x080077dc       0x4c d:/stm32cubetoolchains/arm-gnu-toolchain-12.2.rel1-mingw-w64-i686-arm-none-eabi/bin/../lib/gcc/arm-none-eabi/12.2.1/thumb/v7-m/nofp\libg.a(libc_a-mprec.o)
                0x080077dc                _Balloc
 .text._Bfree   0x08007828       0x14 d:/stm32cubetoolchains/arm-gnu-toolchain-12.2.rel1-mingw-w64-i686-arm-none-eabi/bin/../lib/gcc/arm-none-eabi/12.2.1/thumb/v7-m/nofp\libg.a(libc_a-mprec.o)
                0x08007828                _Bfree
 .text.__multadd
                0x0800783c       0xa4 d:/stm32cubetoolchains/arm-gnu-toolchain-12.2.rel1-mingw-w64-i686-arm-none-eabi/bin/../lib/gcc/arm-none-eabi/12.2.1/thumb/v7-m/nofp\libg.a(libc_a-mprec.o)
                0x0800783c                __multadd
 .text.__hi0bits
                0x080078e0       0x44 d:/stm32cubetoolchains/arm-gnu-toolchain-12.2.rel1-mingw-w64-i686-arm-none-eabi/bin/../lib/gcc/arm-none-eabi/12.2.1/thumb/v7-m/nofp\libg.a(libc_a-mprec.o)
                0x080078e0                __hi0bits
 .text.__lo0bits
                0x08007924       0x5c d:/stm32cubetoolchains/arm-gnu-toolchain-12.2.rel1-mingw-w64-i686-arm-none-eabi/bin/../lib/gcc/arm-none-eabi/12.2.1/thumb/v7-m/nofp\libg.a(libc_a-mprec.o)
                0x08007924                __lo0bits
 .text.__i2b    0x08007980       0x5c d:/stm32cubetoolchains/arm-gnu-toolchain-12.2.rel1-mingw-w64-i686-arm-none-eabi/bin/../lib/gcc/arm-none-eabi/12.2.1/thumb/v7-m/nofp\libg.a(libc_a-mprec.o)
                0x08007980                __i2b
 .text.__multiply
                0x080079dc      0x164 d:/stm32cubetoolchains/arm-gnu-toolchain-12.2.rel1-mingw-w64-i686-arm-none-eabi/bin/../lib/gcc/arm-none-eabi/12.2.1/thumb/v7-m/nofp\libg.a(libc_a-mprec.o)
                0x080079dc                __multiply
 .text.__pow5mult
                0x08007b40       0xb4 d:/stm32cubetoolchains/arm-gnu-toolchain-12.2.rel1-mingw-w64-i686-arm-none-eabi/bin/../lib/gcc/arm-none-eabi/12.2.1/thumb/v7-m/nofp\libg.a(libc_a-mprec.o)
                0x08007b40                __pow5mult
 .text.__lshift
                0x08007bf4       0xec d:/stm32cubetoolchains/arm-gnu-toolchain-12.2.rel1-mingw-w64-i686-arm-none-eabi/bin/../lib/gcc/arm-none-eabi/12.2.1/thumb/v7-m/nofp\libg.a(libc_a-mprec.o)
                0x08007bf4                __lshift
 .text.__mcmp   0x08007ce0       0x40 d:/stm32cubetoolchains/arm-gnu-toolchain-12.2.rel1-mingw-w64-i686-arm-none-eabi/bin/../lib/gcc/arm-none-eabi/12.2.1/thumb/v7-m/nofp\libg.a(libc_a-mprec.o)
                0x08007ce0                __mcmp
 .text.__mdiff  0x08007d20      0x160 d:/stm32cubetoolchains/arm-gnu-toolchain-12.2.rel1-mingw-w64-i686-arm-none-eabi/bin/../lib/gcc/arm-none-eabi/12.2.1/thumb/v7-m/nofp\libg.a(libc_a-mprec.o)
                0x08007d20                __mdiff
 .text.__d2b    0x08007e80       0xbc d:/stm32cubetoolchains/arm-gnu-toolchain-12.2.rel1-mingw-w64-i686-arm-none-eabi/bin/../lib/gcc/arm-none-eabi/12.2.1/thumb/v7-m/nofp\libg.a(libc_a-mprec.o)
                0x08007e80                __d2b
 .text.__ascii_wctomb
                0x08007f3c       0x1c d:/stm32cubetoolchains/arm-gnu-toolchain-12.2.rel1-mingw-w64-i686-arm-none-eabi/bin/../lib/gcc/arm-none-eabi/12.2.1/thumb/v7-m/nofp\libg.a(libc_a-wctomb_r.o)
                0x08007f3c                __ascii_wctomb
 .text._wcrtomb_r
                0x08007f58       0x4c d:/stm32cubetoolchains/arm-gnu-toolchain-12.2.rel1-mingw-w64-i686-arm-none-eabi/bin/../lib/gcc/arm-none-eabi/12.2.1/thumb/v7-m/nofp\libg.a(libc_a-wcrtomb.o)
                0x08007f58                _wcrtomb_r
 .text._wcsrtombs_r
                0x08007fa4       0x18 d:/stm32cubetoolchains/arm-gnu-toolchain-12.2.rel1-mingw-w64-i686-arm-none-eabi/bin/../lib/gcc/arm-none-eabi/12.2.1/thumb/v7-m/nofp\libg.a(libc_a-wcsrtombs.o)
                0x08007fa4                _wcsrtombs_r
 .text.__ssprint_r
                0x08007fbc      0x100 d:/stm32cubetoolchains/arm-gnu-toolchain-12.2.rel1-mingw-w64-i686-arm-none-eabi/bin/../lib/gcc/arm-none-eabi/12.2.1/thumb/v7-m/nofp\libg.a(libc_a-svfiprintf.o)
                0x08007fbc                __ssprint_r
 .text.memmove  0x080080bc       0xfc d:/stm32cubetoolchains/arm-gnu-toolchain-12.2.rel1-mingw-w64-i686-arm-none-eabi/bin/../lib/gcc/arm-none-eabi/12.2.1/thumb/v7-m/nofp\libg.a(libc_a-memmove.o)
                0x080080bc                memmove
 .text.__assert_func
                0x080081b8       0x40 d:/stm32cubetoolchains/arm-gnu-toolchain-12.2.rel1-mingw-w64-i686-arm-none-eabi/bin/../lib/gcc/arm-none-eabi/12.2.1/thumb/v7-m/nofp\libg.a(libc_a-assert.o)
                0x080081b8                __assert_func
 .text._calloc_r
                0x080081f8       0x6c d:/stm32cubetoolchains/arm-gnu-toolchain-12.2.rel1-mingw-w64-i686-arm-none-eabi/bin/../lib/gcc/arm-none-eabi/12.2.1/thumb/v7-m/nofp\libg.a(libc_a-callocr.o)
                0x080081f8                _calloc_r
 .text._realloc_r
                0x08008264      0x358 d:/stm32cubetoolchains/arm-gnu-toolchain-12.2.rel1-mingw-w64-i686-arm-none-eabi/bin/../lib/gcc/arm-none-eabi/12.2.1/thumb/v7-m/nofp\libg.a(libc_a-reallocr.o)
                0x08008264                _realloc_r
 .text._wcsnrtombs_l
                0x080085bc       0xec d:/stm32cubetoolchains/arm-gnu-toolchain-12.2.rel1-mingw-w64-i686-arm-none-eabi/bin/../lib/gcc/arm-none-eabi/12.2.1/thumb/v7-m/nofp\libg.a(libc_a-wcsnrtombs.o)
                0x080085bc                _wcsnrtombs_l
 .text._wcsnrtombs_r
                0x080086a8       0x24 d:/stm32cubetoolchains/arm-gnu-toolchain-12.2.rel1-mingw-w64-i686-arm-none-eabi/bin/../lib/gcc/arm-none-eabi/12.2.1/thumb/v7-m/nofp\libg.a(libc_a-wcsnrtombs.o)
                0x080086a8                _wcsnrtombs_r
 .text.fiprintf
                0x080086cc       0x28 d:/stm32cubetoolchains/arm-gnu-toolchain-12.2.rel1-mingw-w64-i686-arm-none-eabi/bin/../lib/gcc/arm-none-eabi/12.2.1/thumb/v7-m/nofp\libg.a(libc_a-fiprintf.o)
                0x080086cc                fiprintf
 .text.__sprint_r.part.0
                0x080086f4       0x78 d:/stm32cubetoolchains/arm-gnu-toolchain-12.2.rel1-mingw-w64-i686-arm-none-eabi/bin/../lib/gcc/arm-none-eabi/12.2.1/thumb/v7-m/nofp\libg.a(libc_a-vfiprintf.o)
 .text._vfiprintf_r
                0x0800876c      0xffc d:/stm32cubetoolchains/arm-gnu-toolchain-12.2.rel1-mingw-w64-i686-arm-none-eabi/bin/../lib/gcc/arm-none-eabi/12.2.1/thumb/v7-m/nofp\libg.a(libc_a-vfiprintf.o)
                0x0800876c                _vfiprintf_r
 .text.__sbprintf
                0x08009768       0x80 d:/stm32cubetoolchains/arm-gnu-toolchain-12.2.rel1-mingw-w64-i686-arm-none-eabi/bin/../lib/gcc/arm-none-eabi/12.2.1/thumb/v7-m/nofp\libg.a(libc_a-vfiprintf.o)
 .text.__sfvwrite_r
                0x080097e8      0x2dc d:/stm32cubetoolchains/arm-gnu-toolchain-12.2.rel1-mingw-w64-i686-arm-none-eabi/bin/../lib/gcc/arm-none-eabi/12.2.1/thumb/v7-m/nofp\libg.a(libc_a-fvwrite.o)
                0x080097e8                __sfvwrite_r
 .text.__swsetup_r
                0x08009ac4       0xc0 d:/stm32cubetoolchains/arm-gnu-toolchain-12.2.rel1-mingw-w64-i686-arm-none-eabi/bin/../lib/gcc/arm-none-eabi/12.2.1/thumb/v7-m/nofp\libg.a(libc_a-wsetup.o)
                0x08009ac4                __swsetup_r
 .text.__fputwc
                0x08009b84       0x7c d:/stm32cubetoolchains/arm-gnu-toolchain-12.2.rel1-mingw-w64-i686-arm-none-eabi/bin/../lib/gcc/arm-none-eabi/12.2.1/thumb/v7-m/nofp\libg.a(libc_a-fputwc.o)
                0x08009b84                __fputwc
 .text._fputwc_r
                0x08009c00       0x64 d:/stm32cubetoolchains/arm-gnu-toolchain-12.2.rel1-mingw-w64-i686-arm-none-eabi/bin/../lib/gcc/arm-none-eabi/12.2.1/thumb/v7-m/nofp\libg.a(libc_a-fputwc.o)
                0x08009c00                _fputwc_r
 .text.abort    0x08009c64       0x10 d:/stm32cubetoolchains/arm-gnu-toolchain-12.2.rel1-mingw-w64-i686-arm-none-eabi/bin/../lib/gcc/arm-none-eabi/12.2.1/thumb/v7-m/nofp\libg.a(libc_a-abort.o)
                0x08009c64                abort
 .text.__smakebuf_r
                0x08009c74       0xdc d:/stm32cubetoolchains/arm-gnu-toolchain-12.2.rel1-mingw-w64-i686-arm-none-eabi/bin/../lib/gcc/arm-none-eabi/12.2.1/thumb/v7-m/nofp\libg.a(libc_a-makebuf.o)
                0x08009c74                __smakebuf_r
 .text.__swbuf_r
                0x08009d50       0xac d:/stm32cubetoolchains/arm-gnu-toolchain-12.2.rel1-mingw-w64-i686-arm-none-eabi/bin/../lib/gcc/arm-none-eabi/12.2.1/thumb/v7-m/nofp\libg.a(libc_a-wbuf.o)
                0x08009d50                __swbuf_r
 .text.raise    0x08009dfc       0x58 d:/stm32cubetoolchains/arm-gnu-toolchain-12.2.rel1-mingw-w64-i686-arm-none-eabi/bin/../lib/gcc/arm-none-eabi/12.2.1/thumb/v7-m/nofp\libg.a(libc_a-signal.o)
                0x08009dfc                raise
 .text._fstat_r
                0x08009e54       0x28 d:/stm32cubetoolchains/arm-gnu-toolchain-12.2.rel1-mingw-w64-i686-arm-none-eabi/bin/../lib/gcc/arm-none-eabi/12.2.1/thumb/v7-m/nofp\libg.a(libc_a-fstatr.o)
                0x08009e54                _fstat_r
 .text._isatty_r
                0x08009e7c       0x24 d:/stm32cubetoolchains/arm-gnu-toolchain-12.2.rel1-mingw-w64-i686-arm-none-eabi/bin/../lib/gcc/arm-none-eabi/12.2.1/thumb/v7-m/nofp\libg.a(libc_a-isattyr.o)
                0x08009e7c                _isatty_r
 .text._kill_r  0x08009ea0       0x28 d:/stm32cubetoolchains/arm-gnu-toolchain-12.2.rel1-mingw-w64-i686-arm-none-eabi/bin/../lib/gcc/arm-none-eabi/12.2.1/thumb/v7-m/nofp\libg.a(libc_a-signalr.o)
                0x08009ea0                _kill_r
 .text._getpid_r
                0x08009ec8        0x4 d:/stm32cubetoolchains/arm-gnu-toolchain-12.2.rel1-mingw-w64-i686-arm-none-eabi/bin/../lib/gcc/arm-none-eabi/12.2.1/thumb/v7-m/nofp\libg.a(libc_a-signalr.o)
                0x08009ec8                _getpid_r
 *(.glue_7)
 .glue_7        0x08009ecc        0x0 linker stubs
 *(.glue_7t)
 .glue_7t       0x08009ecc        0x0 linker stubs
 *(.eh_frame)
 .eh_frame      0x08009ecc        0x0 d:/stm32cubetoolchains/arm-gnu-toolchain-12.2.rel1-mingw-w64-i686-arm-none-eabi/bin/../lib/gcc/arm-none-eabi/12.2.1/thumb/v7-m/nofp/crtbegin.o
 *(.init)
 .init          0x08009ecc        0x4 d:/stm32cubetoolchains/arm-gnu-toolchain-12.2.rel1-mingw-w64-i686-arm-none-eabi/bin/../lib/gcc/arm-none-eabi/12.2.1/thumb/v7-m/nofp/crti.o
                0x08009ecc                _init
 .init          0x08009ed0        0x8 d:/stm32cubetoolchains/arm-gnu-toolchain-12.2.rel1-mingw-w64-i686-arm-none-eabi/bin/../lib/gcc/arm-none-eabi/12.2.1/thumb/v7-m/nofp/crtn.o
 *(.fini)
 .fini          0x08009ed8        0x4 d:/stm32cubetoolchains/arm-gnu-toolchain-12.2.rel1-mingw-w64-i686-arm-none-eabi/bin/../lib/gcc/arm-none-eabi/12.2.1/thumb/v7-m/nofp/crti.o
                0x08009ed8                _fini
 .fini          0x08009edc        0x8 d:/stm32cubetoolchains/arm-gnu-toolchain-12.2.rel1-mingw-w64-i686-arm-none-eabi/bin/../lib/gcc/arm-none-eabi/12.2.1/thumb/v7-m/nofp/crtn.o
                0x08009ee4                . = ALIGN (0x4)
                0x08009ee4                _etext = .

.vfp11_veneer   0x08009ee4        0x0
 .vfp11_veneer  0x08009ee4        0x0 linker stubs

.v4_bx          0x08009ee4        0x0
 .v4_bx         0x08009ee4        0x0 linker stubs

.iplt           0x08009ee4        0x0
 .iplt          0x08009ee4        0x0 d:/stm32cubetoolchains/arm-gnu-toolchain-12.2.rel1-mingw-w64-i686-arm-none-eabi/bin/../lib/gcc/arm-none-eabi/12.2.1/thumb/v7-m/nofp/crtbegin.o

.rodata         0x08009ee8      0x49c
                0x08009ee8                . = ALIGN (0x4)
 *(.rodata)
 *(.rodata*)
 .rodata.littleCarMove.str1.4
                0x08009ee8       0x31 CMakeFiles/dreamLittleCarFixed-FW.elf.dir/Core/Src/main.c.obj
 *fill*         0x08009f19        0x3 
 .rodata.main.str1.4
                0x08009f1c       0x53 CMakeFiles/dreamLittleCarFixed-FW.elf.dir/Core/Src/main.c.obj
 *fill*         0x08009f6f        0x1 
 .rodata.APBPrescTable
                0x08009f70        0x8 CMakeFiles/dreamLittleCarFixed-FW.elf.dir/Core/Src/system_stm32f1xx.c.obj
                0x08009f70                APBPrescTable
 .rodata.AHBPrescTable
                0x08009f78       0x10 CMakeFiles/dreamLittleCarFixed-FW.elf.dir/Core/Src/system_stm32f1xx.c.obj
                0x08009f78                AHBPrescTable
 .rodata.aPredivFactorTable.0
                0x08009f88        0x2 CMakeFiles/dreamLittleCarFixed-FW.elf.dir/Drivers/STM32F1xx_HAL_Driver/Src/stm32f1xx_hal_rcc.c.obj
 *fill*         0x08009f8a        0x2 
 .rodata.aPLLMULFactorTable.1
                0x08009f8c       0x10 CMakeFiles/dreamLittleCarFixed-FW.elf.dir/Drivers/STM32F1xx_HAL_Driver/Src/stm32f1xx_hal_rcc.c.obj
 .rodata._svfprintf_r.str1.4
                0x08009f9c       0x42 d:/stm32cubetoolchains/arm-gnu-toolchain-12.2.rel1-mingw-w64-i686-arm-none-eabi/bin/../lib/gcc/arm-none-eabi/12.2.1/thumb/v7-m/nofp\libg.a(libc_a-svfprintf.o)
 *fill*         0x08009fde        0x2 
 .rodata.zeroes.0
                0x08009fe0       0x10 d:/stm32cubetoolchains/arm-gnu-toolchain-12.2.rel1-mingw-w64-i686-arm-none-eabi/bin/../lib/gcc/arm-none-eabi/12.2.1/thumb/v7-m/nofp\libg.a(libc_a-svfprintf.o)
 .rodata.blanks.1
                0x08009ff0       0x10 d:/stm32cubetoolchains/arm-gnu-toolchain-12.2.rel1-mingw-w64-i686-arm-none-eabi/bin/../lib/gcc/arm-none-eabi/12.2.1/thumb/v7-m/nofp\libg.a(libc_a-svfprintf.o)
 .rodata.str1.4
                0x0800a000       0x48 d:/stm32cubetoolchains/arm-gnu-toolchain-12.2.rel1-mingw-w64-i686-arm-none-eabi/bin/../lib/gcc/arm-none-eabi/12.2.1/thumb/v7-m/nofp\libg.a(libc_a-locale.o)
                                 0x4c (size before relaxing)
 .rodata._dtoa_r.str1.4
                0x0800a048       0x7d d:/stm32cubetoolchains/arm-gnu-toolchain-12.2.rel1-mingw-w64-i686-arm-none-eabi/bin/../lib/gcc/arm-none-eabi/12.2.1/thumb/v7-m/nofp\libg.a(libc_a-dtoa.o)
                                 0x81 (size before relaxing)
 *fill*         0x0800a0c5        0x3 
 .rodata.__multadd.str1.4
                0x0800a0c8       0x5a d:/stm32cubetoolchains/arm-gnu-toolchain-12.2.rel1-mingw-w64-i686-arm-none-eabi/bin/../lib/gcc/arm-none-eabi/12.2.1/thumb/v7-m/nofp\libg.a(libc_a-mprec.o)
                                 0x6e (size before relaxing)
 *fill*         0x0800a122        0x2 
 .rodata.p05.0  0x0800a124        0xc d:/stm32cubetoolchains/arm-gnu-toolchain-12.2.rel1-mingw-w64-i686-arm-none-eabi/bin/../lib/gcc/arm-none-eabi/12.2.1/thumb/v7-m/nofp\libg.a(libc_a-mprec.o)
 .rodata.__mprec_bigtens
                0x0800a130       0x28 d:/stm32cubetoolchains/arm-gnu-toolchain-12.2.rel1-mingw-w64-i686-arm-none-eabi/bin/../lib/gcc/arm-none-eabi/12.2.1/thumb/v7-m/nofp\libg.a(libc_a-mprec.o)
                0x0800a130                __mprec_bigtens
 .rodata.__mprec_tens
                0x0800a158       0xc8 d:/stm32cubetoolchains/arm-gnu-toolchain-12.2.rel1-mingw-w64-i686-arm-none-eabi/bin/../lib/gcc/arm-none-eabi/12.2.1/thumb/v7-m/nofp\libg.a(libc_a-mprec.o)
                0x0800a158                __mprec_tens
 .rodata._ctype_
                0x0800a220      0x101 d:/stm32cubetoolchains/arm-gnu-toolchain-12.2.rel1-mingw-w64-i686-arm-none-eabi/bin/../lib/gcc/arm-none-eabi/12.2.1/thumb/v7-m/nofp\libg.a(libc_a-ctype_.o)
                0x0800a220                _ctype_
 *fill*         0x0800a321        0x3 
 .rodata.__assert_func.str1.4
                0x0800a324       0x3f d:/stm32cubetoolchains/arm-gnu-toolchain-12.2.rel1-mingw-w64-i686-arm-none-eabi/bin/../lib/gcc/arm-none-eabi/12.2.1/thumb/v7-m/nofp\libg.a(libc_a-assert.o)
                                 0x43 (size before relaxing)
 .rodata._vfiprintf_r.str1.4
                0x0800a363       0x2f d:/stm32cubetoolchains/arm-gnu-toolchain-12.2.rel1-mingw-w64-i686-arm-none-eabi/bin/../lib/gcc/arm-none-eabi/12.2.1/thumb/v7-m/nofp\libg.a(libc_a-vfiprintf.o)
 *fill*         0x0800a363        0x1 
 .rodata.zeroes.0
                0x0800a364       0x10 d:/stm32cubetoolchains/arm-gnu-toolchain-12.2.rel1-mingw-w64-i686-arm-none-eabi/bin/../lib/gcc/arm-none-eabi/12.2.1/thumb/v7-m/nofp\libg.a(libc_a-vfiprintf.o)
 .rodata.blanks.1
                0x0800a374       0x10 d:/stm32cubetoolchains/arm-gnu-toolchain-12.2.rel1-mingw-w64-i686-arm-none-eabi/bin/../lib/gcc/arm-none-eabi/12.2.1/thumb/v7-m/nofp\libg.a(libc_a-vfiprintf.o)
                0x0800a384                . = ALIGN (0x4)

.rel.dyn        0x0800a384        0x0
 .rel.iplt      0x0800a384        0x0 d:/stm32cubetoolchains/arm-gnu-toolchain-12.2.rel1-mingw-w64-i686-arm-none-eabi/bin/../lib/gcc/arm-none-eabi/12.2.1/thumb/v7-m/nofp/crtbegin.o

.ARM.extab
 *(.ARM.extab* .gnu.linkonce.armextab.*)

.ARM            0x0800a384        0x0
                0x0800a384                __exidx_start = .
 *(.ARM.exidx*)
                0x0800a384                __exidx_end = .

.preinit_array  0x0800a384        0x0
                0x0800a384                PROVIDE (__preinit_array_start = .)
 *(.preinit_array*)
                0x0800a384                PROVIDE (__preinit_array_end = .)

.init_array     0x0800a384        0x8
                0x0800a384                PROVIDE (__init_array_start = .)
 *(SORT_BY_NAME(.init_array.*))
 .init_array.00000
                0x0800a384        0x4 d:/stm32cubetoolchains/arm-gnu-toolchain-12.2.rel1-mingw-w64-i686-arm-none-eabi/bin/../lib/gcc/arm-none-eabi/12.2.1/thumb/v7-m/nofp\libg.a(libc_a-__call_atexit.o)
 *(.init_array*)
 .init_array    0x0800a388        0x4 d:/stm32cubetoolchains/arm-gnu-toolchain-12.2.rel1-mingw-w64-i686-arm-none-eabi/bin/../lib/gcc/arm-none-eabi/12.2.1/thumb/v7-m/nofp/crtbegin.o
                0x0800a38c                PROVIDE (__init_array_end = .)

.fini_array     0x0800a38c        0x4
                0x0800a38c                PROVIDE (__fini_array_start = .)
 *(SORT_BY_NAME(.fini_array.*))
 *(.fini_array*)
 .fini_array    0x0800a38c        0x4 d:/stm32cubetoolchains/arm-gnu-toolchain-12.2.rel1-mingw-w64-i686-arm-none-eabi/bin/../lib/gcc/arm-none-eabi/12.2.1/thumb/v7-m/nofp/crtbegin.o
                0x0800a390                PROVIDE (__fini_array_end = .)
                0x0800a390                _sidata = LOADADDR (.data)

.data           0x20000000      0x6c4 load address 0x0800a390
                0x20000000                . = ALIGN (0x4)
                0x20000000                _sdata = .
 *(.data)
 *(.data*)
 .data.firstTimeRun
                0x20000000        0x1 CMakeFiles/dreamLittleCarFixed-FW.elf.dir/Core/Src/main.c.obj
                0x20000000                firstTimeRun
 *fill*         0x20000001        0x1 
 .data.pwmVal   0x20000002        0x2 CMakeFiles/dreamLittleCarFixed-FW.elf.dir/Core/Src/main.c.obj
                0x20000002                pwmVal
 .data.SystemCoreClock
                0x20000004        0x4 CMakeFiles/dreamLittleCarFixed-FW.elf.dir/Core/Src/system_stm32f1xx.c.obj
                0x20000004                SystemCoreClock
 .data.uwTickFreq
                0x20000008        0x1 CMakeFiles/dreamLittleCarFixed-FW.elf.dir/Drivers/STM32F1xx_HAL_Driver/Src/stm32f1xx_hal.c.obj
                0x20000008                uwTickFreq
 *fill*         0x20000009        0x3 
 .data.uwTickPrio
                0x2000000c        0x4 CMakeFiles/dreamLittleCarFixed-FW.elf.dir/Drivers/STM32F1xx_HAL_Driver/Src/stm32f1xx_hal.c.obj
                0x2000000c                uwTickPrio
 .data.__sglue  0x20000010        0xc d:/stm32cubetoolchains/arm-gnu-toolchain-12.2.rel1-mingw-w64-i686-arm-none-eabi/bin/../lib/gcc/arm-none-eabi/12.2.1/thumb/v7-m/nofp\libg.a(libc_a-findfp.o)
                0x20000010                __sglue
 .data._impure_ptr
                0x2000001c        0x4 d:/stm32cubetoolchains/arm-gnu-toolchain-12.2.rel1-mingw-w64-i686-arm-none-eabi/bin/../lib/gcc/arm-none-eabi/12.2.1/thumb/v7-m/nofp\libg.a(libc_a-impure.o)
                0x2000001c                _impure_ptr
 .data._impure_data
                0x20000020      0x120 d:/stm32cubetoolchains/arm-gnu-toolchain-12.2.rel1-mingw-w64-i686-arm-none-eabi/bin/../lib/gcc/arm-none-eabi/12.2.1/thumb/v7-m/nofp\libg.a(libc_a-impure.o)
                0x20000020                _impure_data
 .data.__atexit_recursive_mutex
                0x20000140        0x4 d:/stm32cubetoolchains/arm-gnu-toolchain-12.2.rel1-mingw-w64-i686-arm-none-eabi/bin/../lib/gcc/arm-none-eabi/12.2.1/thumb/v7-m/nofp\libg.a(libc_a-__call_atexit.o)
                0x20000140                __atexit_recursive_mutex
 .data.__malloc_sbrk_base
                0x20000144        0x4 d:/stm32cubetoolchains/arm-gnu-toolchain-12.2.rel1-mingw-w64-i686-arm-none-eabi/bin/../lib/gcc/arm-none-eabi/12.2.1/thumb/v7-m/nofp\libg.a(libc_a-mallocr.o)
                0x20000144                __malloc_sbrk_base
 .data.__malloc_trim_threshold
                0x20000148        0x4 d:/stm32cubetoolchains/arm-gnu-toolchain-12.2.rel1-mingw-w64-i686-arm-none-eabi/bin/../lib/gcc/arm-none-eabi/12.2.1/thumb/v7-m/nofp\libg.a(libc_a-mallocr.o)
                0x20000148                __malloc_trim_threshold
 *fill*         0x2000014c        0x4 
 .data.__malloc_av_
                0x20000150      0x408 d:/stm32cubetoolchains/arm-gnu-toolchain-12.2.rel1-mingw-w64-i686-arm-none-eabi/bin/../lib/gcc/arm-none-eabi/12.2.1/thumb/v7-m/nofp\libg.a(libc_a-mallocr.o)
                0x20000150                __malloc_av_
 .data.__global_locale
                0x20000558      0x16c d:/stm32cubetoolchains/arm-gnu-toolchain-12.2.rel1-mingw-w64-i686-arm-none-eabi/bin/../lib/gcc/arm-none-eabi/12.2.1/thumb/v7-m/nofp\libg.a(libc_a-locale.o)
                0x20000558                __global_locale
                0x200006c4                . = ALIGN (0x4)
                0x200006c4                _edata = .

.tm_clone_table
                0x200006c4        0x0 load address 0x0800aa54
 .tm_clone_table
                0x200006c4        0x0 d:/stm32cubetoolchains/arm-gnu-toolchain-12.2.rel1-mingw-w64-i686-arm-none-eabi/bin/../lib/gcc/arm-none-eabi/12.2.1/thumb/v7-m/nofp/crtbegin.o
 .tm_clone_table
                0x200006c4        0x0 d:/stm32cubetoolchains/arm-gnu-toolchain-12.2.rel1-mingw-w64-i686-arm-none-eabi/bin/../lib/gcc/arm-none-eabi/12.2.1/thumb/v7-m/nofp/crtend.o

.igot.plt       0x200006c4        0x0 load address 0x0800aa54
 .igot.plt      0x200006c4        0x0 d:/stm32cubetoolchains/arm-gnu-toolchain-12.2.rel1-mingw-w64-i686-arm-none-eabi/bin/../lib/gcc/arm-none-eabi/12.2.1/thumb/v7-m/nofp/crtbegin.o
                0x200006c4                . = ALIGN (0x4)

.bss            0x200006c4      0x4b8 load address 0x0800aa54
                0x200006c4                _sbss = .
                0x200006c4                __bss_start__ = _sbss
 *(.bss)
 *(.bss*)
 .bss.completed.1
                0x200006c4        0x1 d:/stm32cubetoolchains/arm-gnu-toolchain-12.2.rel1-mingw-w64-i686-arm-none-eabi/bin/../lib/gcc/arm-none-eabi/12.2.1/thumb/v7-m/nofp/crtbegin.o
 *fill*         0x200006c5        0x3 
 .bss.object.0  0x200006c8       0x18 d:/stm32cubetoolchains/arm-gnu-toolchain-12.2.rel1-mingw-w64-i686-arm-none-eabi/bin/../lib/gcc/arm-none-eabi/12.2.1/thumb/v7-m/nofp/crtbegin.o
 .bss.irStop    0x200006e0        0x1 CMakeFiles/dreamLittleCarFixed-FW.elf.dir/Core/Src/main.c.obj
                0x200006e0                irStop
 .bss.irStart   0x200006e1        0x1 CMakeFiles/dreamLittleCarFixed-FW.elf.dir/Core/Src/main.c.obj
                0x200006e1                irStart
 .bss.carMode   0x200006e2        0x1 CMakeFiles/dreamLittleCarFixed-FW.elf.dir/Core/Src/main.c.obj
                0x200006e2                carMode
 .bss.offSet    0x200006e3        0x1 CMakeFiles/dreamLittleCarFixed-FW.elf.dir/Core/Src/main.c.obj
                0x200006e3                offSet
 .bss.rxMsg     0x200006e4        0x1 CMakeFiles/dreamLittleCarFixed-FW.elf.dir/Core/Src/main.c.obj
                0x200006e4                rxMsg
 .bss.rxFlag    0x200006e5        0x1 CMakeFiles/dreamLittleCarFixed-FW.elf.dir/Core/Src/main.c.obj
                0x200006e5                rxFlag
 *fill*         0x200006e6        0x2 
 .bss.rxBuffer  0x200006e8        0x4 CMakeFiles/dreamLittleCarFixed-FW.elf.dir/Core/Src/main.c.obj
                0x200006e8                rxBuffer
 .bss.cntWhile  0x200006ec        0x2 CMakeFiles/dreamLittleCarFixed-FW.elf.dir/Core/Src/main.c.obj
                0x200006ec                cntWhile
 .bss.msHcCount
                0x200006ee        0x2 CMakeFiles/dreamLittleCarFixed-FW.elf.dir/Core/Src/main.c.obj
                0x200006ee                msHcCount
 .bss.tickFlag  0x200006f0        0x1 CMakeFiles/dreamLittleCarFixed-FW.elf.dir/Core/Src/main.c.obj
                0x200006f0                tickFlag
 .bss.msg       0x200006f1        0x1 CMakeFiles/dreamLittleCarFixed-FW.elf.dir/Core/Src/main.c.obj
                0x200006f1                msg
 .bss.ifMsgGet  0x200006f2        0x1 CMakeFiles/dreamLittleCarFixed-FW.elf.dir/Core/Src/main.c.obj
                0x200006f2                ifMsgGet
 *fill*         0x200006f3        0x1 
 .bss.tickCount
                0x200006f4        0x2 CMakeFiles/dreamLittleCarFixed-FW.elf.dir/Core/Src/stm32f1xx_it.c.obj
 *fill*         0x200006f6        0x2 
 .bss.heap_end.0
                0x200006f8        0x4 CMakeFiles/dreamLittleCarFixed-FW.elf.dir/Core/Src/syscalls.c.obj
 .bss.htim4     0x200006fc       0x48 CMakeFiles/dreamLittleCarFixed-FW.elf.dir/Core/Src/tim.c.obj
                0x200006fc                htim4
 .bss.htim3     0x20000744       0x48 CMakeFiles/dreamLittleCarFixed-FW.elf.dir/Core/Src/tim.c.obj
                0x20000744                htim3
 .bss.htim2     0x2000078c       0x48 CMakeFiles/dreamLittleCarFixed-FW.elf.dir/Core/Src/tim.c.obj
                0x2000078c                htim2
 .bss.huart2    0x200007d4       0x48 CMakeFiles/dreamLittleCarFixed-FW.elf.dir/Core/Src/usart.c.obj
                0x200007d4                huart2
 .bss.huart1    0x2000081c       0x48 CMakeFiles/dreamLittleCarFixed-FW.elf.dir/Core/Src/usart.c.obj
                0x2000081c                huart1
 .bss.uwTick    0x20000864        0x4 CMakeFiles/dreamLittleCarFixed-FW.elf.dir/Drivers/STM32F1xx_HAL_Driver/Src/stm32f1xx_hal.c.obj
                0x20000864                uwTick
 .bss.__sf      0x20000868      0x138 d:/stm32cubetoolchains/arm-gnu-toolchain-12.2.rel1-mingw-w64-i686-arm-none-eabi/bin/../lib/gcc/arm-none-eabi/12.2.1/thumb/v7-m/nofp\libg.a(libc_a-findfp.o)
                0x20000868                __sf
 .bss.__stdio_exit_handler
                0x200009a0        0x4 d:/stm32cubetoolchains/arm-gnu-toolchain-12.2.rel1-mingw-w64-i686-arm-none-eabi/bin/../lib/gcc/arm-none-eabi/12.2.1/thumb/v7-m/nofp\libg.a(libc_a-findfp.o)
                0x200009a0                __stdio_exit_handler
 .bss.errno     0x200009a4        0x4 d:/stm32cubetoolchains/arm-gnu-toolchain-12.2.rel1-mingw-w64-i686-arm-none-eabi/bin/../lib/gcc/arm-none-eabi/12.2.1/thumb/v7-m/nofp\libg.a(libc_a-reent.o)
                0x200009a4                errno
 .bss.__lock___malloc_recursive_mutex
                0x200009a8        0x1 d:/stm32cubetoolchains/arm-gnu-toolchain-12.2.rel1-mingw-w64-i686-arm-none-eabi/bin/../lib/gcc/arm-none-eabi/12.2.1/thumb/v7-m/nofp\libg.a(libc_a-lock.o)
                0x200009a8                __lock___malloc_recursive_mutex
 *fill*         0x200009a9        0x3 
 .bss.__lock___atexit_recursive_mutex
                0x200009ac        0x1 d:/stm32cubetoolchains/arm-gnu-toolchain-12.2.rel1-mingw-w64-i686-arm-none-eabi/bin/../lib/gcc/arm-none-eabi/12.2.1/thumb/v7-m/nofp\libg.a(libc_a-lock.o)
                0x200009ac                __lock___atexit_recursive_mutex
 *fill*         0x200009ad        0x3 
 .bss.__lock___sfp_recursive_mutex
                0x200009b0        0x1 d:/stm32cubetoolchains/arm-gnu-toolchain-12.2.rel1-mingw-w64-i686-arm-none-eabi/bin/../lib/gcc/arm-none-eabi/12.2.1/thumb/v7-m/nofp\libg.a(libc_a-lock.o)
                0x200009b0                __lock___sfp_recursive_mutex
 *fill*         0x200009b1        0x3 
 .bss.__atexit  0x200009b4        0x4 d:/stm32cubetoolchains/arm-gnu-toolchain-12.2.rel1-mingw-w64-i686-arm-none-eabi/bin/../lib/gcc/arm-none-eabi/12.2.1/thumb/v7-m/nofp\libg.a(libc_a-__call_atexit.o)
                0x200009b4                __atexit
 .bss.__malloc_current_mallinfo
                0x200009b8       0x28 d:/stm32cubetoolchains/arm-gnu-toolchain-12.2.rel1-mingw-w64-i686-arm-none-eabi/bin/../lib/gcc/arm-none-eabi/12.2.1/thumb/v7-m/nofp\libg.a(libc_a-mallocr.o)
                0x200009b8                __malloc_current_mallinfo
 .bss.__malloc_max_total_mem
                0x200009e0        0x4 d:/stm32cubetoolchains/arm-gnu-toolchain-12.2.rel1-mingw-w64-i686-arm-none-eabi/bin/../lib/gcc/arm-none-eabi/12.2.1/thumb/v7-m/nofp\libg.a(libc_a-mallocr.o)
                0x200009e0                __malloc_max_total_mem
 .bss.__malloc_max_sbrked_mem
                0x200009e4        0x4 d:/stm32cubetoolchains/arm-gnu-toolchain-12.2.rel1-mingw-w64-i686-arm-none-eabi/bin/../lib/gcc/arm-none-eabi/12.2.1/thumb/v7-m/nofp\libg.a(libc_a-mallocr.o)
                0x200009e4                __malloc_max_sbrked_mem
 .bss.__malloc_top_pad
                0x200009e8        0x4 d:/stm32cubetoolchains/arm-gnu-toolchain-12.2.rel1-mingw-w64-i686-arm-none-eabi/bin/../lib/gcc/arm-none-eabi/12.2.1/thumb/v7-m/nofp\libg.a(libc_a-mallocr.o)
                0x200009e8                __malloc_top_pad
 .bss.__atexit0
                0x200009ec      0x190 d:/stm32cubetoolchains/arm-gnu-toolchain-12.2.rel1-mingw-w64-i686-arm-none-eabi/bin/../lib/gcc/arm-none-eabi/12.2.1/thumb/v7-m/nofp\libg.a(libc_a-__atexit.o)
                0x200009ec                __atexit0
 *(COMMON)
                0x20000b7c                . = ALIGN (0x4)
                0x20000b7c                _ebss = .
                0x20000b7c                __bss_end__ = _ebss

._user_heap_stack
                0x20000b7c      0x604 load address 0x0800aa54
                0x20000b80                . = ALIGN (0x8)
 *fill*         0x20000b7c        0x4 
                0x20000b80                PROVIDE (end = .)
                [!provide]                PROVIDE (_end = .)
                0x20000d80                . = (. + _Min_Heap_Size)
 *fill*         0x20000b80      0x200 
                0x20001180                . = (. + _Min_Stack_Size)
 *fill*         0x20000d80      0x400 
                0x20001180                . = ALIGN (0x8)

/DISCARD/
 libc.a(*)
 libm.a(*)
 libgcc.a(*)

.ARM.attributes
                0x00000000       0x29
 *(.ARM.attributes)
 .ARM.attributes
                0x00000000       0x1d d:/stm32cubetoolchains/arm-gnu-toolchain-12.2.rel1-mingw-w64-i686-arm-none-eabi/bin/../lib/gcc/arm-none-eabi/12.2.1/thumb/v7-m/nofp/crti.o
 .ARM.attributes
                0x0000001d       0x2d d:/stm32cubetoolchains/arm-gnu-toolchain-12.2.rel1-mingw-w64-i686-arm-none-eabi/bin/../lib/gcc/arm-none-eabi/12.2.1/thumb/v7-m/nofp/crtbegin.o
 .ARM.attributes
                0x0000004a       0x2d CMakeFiles/dreamLittleCarFixed-FW.elf.dir/Core/Src/gpio.c.obj
 .ARM.attributes
                0x00000077       0x2d CMakeFiles/dreamLittleCarFixed-FW.elf.dir/Core/Src/main.c.obj
 .ARM.attributes
                0x000000a4       0x2d CMakeFiles/dreamLittleCarFixed-FW.elf.dir/Core/Src/stm32f1xx_hal_msp.c.obj
 .ARM.attributes
                0x000000d1       0x2d CMakeFiles/dreamLittleCarFixed-FW.elf.dir/Core/Src/stm32f1xx_it.c.obj
 .ARM.attributes
                0x000000fe       0x2d CMakeFiles/dreamLittleCarFixed-FW.elf.dir/Core/Src/syscalls.c.obj
 .ARM.attributes
                0x0000012b       0x2d CMakeFiles/dreamLittleCarFixed-FW.elf.dir/Core/Src/system_stm32f1xx.c.obj
 .ARM.attributes
                0x00000158       0x2d CMakeFiles/dreamLittleCarFixed-FW.elf.dir/Core/Src/tim.c.obj
 .ARM.attributes
                0x00000185       0x2d CMakeFiles/dreamLittleCarFixed-FW.elf.dir/Core/Src/usart.c.obj
 .ARM.attributes
                0x000001b2       0x2d CMakeFiles/dreamLittleCarFixed-FW.elf.dir/Drivers/STM32F1xx_HAL_Driver/Src/stm32f1xx_hal.c.obj
 .ARM.attributes
                0x000001df       0x2d CMakeFiles/dreamLittleCarFixed-FW.elf.dir/Drivers/STM32F1xx_HAL_Driver/Src/stm32f1xx_hal_cortex.c.obj
 .ARM.attributes
                0x0000020c       0x2d CMakeFiles/dreamLittleCarFixed-FW.elf.dir/Drivers/STM32F1xx_HAL_Driver/Src/stm32f1xx_hal_dma.c.obj
 .ARM.attributes
                0x00000239       0x2d CMakeFiles/dreamLittleCarFixed-FW.elf.dir/Drivers/STM32F1xx_HAL_Driver/Src/stm32f1xx_hal_gpio.c.obj
 .ARM.attributes
                0x00000266       0x2d CMakeFiles/dreamLittleCarFixed-FW.elf.dir/Drivers/STM32F1xx_HAL_Driver/Src/stm32f1xx_hal_rcc.c.obj
 .ARM.attributes
                0x00000293       0x2d CMakeFiles/dreamLittleCarFixed-FW.elf.dir/Drivers/STM32F1xx_HAL_Driver/Src/stm32f1xx_hal_tim.c.obj
 .ARM.attributes
                0x000002c0       0x2d CMakeFiles/dreamLittleCarFixed-FW.elf.dir/Drivers/STM32F1xx_HAL_Driver/Src/stm32f1xx_hal_tim_ex.c.obj
 .ARM.attributes
                0x000002ed       0x2d CMakeFiles/dreamLittleCarFixed-FW.elf.dir/Drivers/STM32F1xx_HAL_Driver/Src/stm32f1xx_hal_uart.c.obj
 .ARM.attributes
                0x0000031a       0x21 CMakeFiles/dreamLittleCarFixed-FW.elf.dir/startup/startup_stm32f103xb.s.obj
 .ARM.attributes
                0x0000033b       0x1d d:/stm32cubetoolchains/arm-gnu-toolchain-12.2.rel1-mingw-w64-i686-arm-none-eabi/bin/../lib/gcc/arm-none-eabi/12.2.1/thumb/v7-m/nofp\libgcc.a(_arm_addsubdf3.o)
 .ARM.attributes
                0x00000358       0x1d d:/stm32cubetoolchains/arm-gnu-toolchain-12.2.rel1-mingw-w64-i686-arm-none-eabi/bin/../lib/gcc/arm-none-eabi/12.2.1/thumb/v7-m/nofp\libgcc.a(_arm_muldivdf3.o)
 .ARM.attributes
                0x00000375       0x1d d:/stm32cubetoolchains/arm-gnu-toolchain-12.2.rel1-mingw-w64-i686-arm-none-eabi/bin/../lib/gcc/arm-none-eabi/12.2.1/thumb/v7-m/nofp\libgcc.a(_arm_truncdfsf2.o)
 .ARM.attributes
                0x00000392       0x1d d:/stm32cubetoolchains/arm-gnu-toolchain-12.2.rel1-mingw-w64-i686-arm-none-eabi/bin/../lib/gcc/arm-none-eabi/12.2.1/thumb/v7-m/nofp\libgcc.a(_arm_addsubsf3.o)
 .ARM.attributes
                0x000003af       0x1d d:/stm32cubetoolchains/arm-gnu-toolchain-12.2.rel1-mingw-w64-i686-arm-none-eabi/bin/../lib/gcc/arm-none-eabi/12.2.1/thumb/v7-m/nofp\libgcc.a(_arm_muldivsf3.o)
 .ARM.attributes
                0x000003cc       0x1d d:/stm32cubetoolchains/arm-gnu-toolchain-12.2.rel1-mingw-w64-i686-arm-none-eabi/bin/../lib/gcc/arm-none-eabi/12.2.1/thumb/v7-m/nofp\libgcc.a(_arm_cmpsf2.o)
 .ARM.attributes
                0x000003e9       0x2d d:/stm32cubetoolchains/arm-gnu-toolchain-12.2.rel1-mingw-w64-i686-arm-none-eabi/bin/../lib/gcc/arm-none-eabi/12.2.1/thumb/v7-m/nofp\libg.a(libc_a-findfp.o)
 .ARM.attributes
                0x00000416       0x2d d:/stm32cubetoolchains/arm-gnu-toolchain-12.2.rel1-mingw-w64-i686-arm-none-eabi/bin/../lib/gcc/arm-none-eabi/12.2.1/thumb/v7-m/nofp\libg.a(libc_a-fwalk.o)
 .ARM.attributes
                0x00000443       0x2d d:/stm32cubetoolchains/arm-gnu-toolchain-12.2.rel1-mingw-w64-i686-arm-none-eabi/bin/../lib/gcc/arm-none-eabi/12.2.1/thumb/v7-m/nofp\libg.a(libc_a-sprintf.o)
 .ARM.attributes
                0x00000470       0x2d d:/stm32cubetoolchains/arm-gnu-toolchain-12.2.rel1-mingw-w64-i686-arm-none-eabi/bin/../lib/gcc/arm-none-eabi/12.2.1/thumb/v7-m/nofp\libg.a(libc_a-stdio.o)
 .ARM.attributes
                0x0000049d       0x2d d:/stm32cubetoolchains/arm-gnu-toolchain-12.2.rel1-mingw-w64-i686-arm-none-eabi/bin/../lib/gcc/arm-none-eabi/12.2.1/thumb/v7-m/nofp\libg.a(libc_a-memset.o)
 .ARM.attributes
                0x000004ca       0x2d d:/stm32cubetoolchains/arm-gnu-toolchain-12.2.rel1-mingw-w64-i686-arm-none-eabi/bin/../lib/gcc/arm-none-eabi/12.2.1/thumb/v7-m/nofp\libg.a(libc_a-closer.o)
 .ARM.attributes
                0x000004f7       0x2d d:/stm32cubetoolchains/arm-gnu-toolchain-12.2.rel1-mingw-w64-i686-arm-none-eabi/bin/../lib/gcc/arm-none-eabi/12.2.1/thumb/v7-m/nofp\libg.a(libc_a-reent.o)
 .ARM.attributes
                0x00000524       0x2d d:/stm32cubetoolchains/arm-gnu-toolchain-12.2.rel1-mingw-w64-i686-arm-none-eabi/bin/../lib/gcc/arm-none-eabi/12.2.1/thumb/v7-m/nofp\libg.a(libc_a-impure.o)
 .ARM.attributes
                0x00000551       0x2d d:/stm32cubetoolchains/arm-gnu-toolchain-12.2.rel1-mingw-w64-i686-arm-none-eabi/bin/../lib/gcc/arm-none-eabi/12.2.1/thumb/v7-m/nofp\libg.a(libc_a-lseekr.o)
 .ARM.attributes
                0x0000057e       0x2d d:/stm32cubetoolchains/arm-gnu-toolchain-12.2.rel1-mingw-w64-i686-arm-none-eabi/bin/../lib/gcc/arm-none-eabi/12.2.1/thumb/v7-m/nofp\libg.a(libc_a-readr.o)
 .ARM.attributes
                0x000005ab       0x2d d:/stm32cubetoolchains/arm-gnu-toolchain-12.2.rel1-mingw-w64-i686-arm-none-eabi/bin/../lib/gcc/arm-none-eabi/12.2.1/thumb/v7-m/nofp\libg.a(libc_a-writer.o)
 .ARM.attributes
                0x000005d8       0x2d d:/stm32cubetoolchains/arm-gnu-toolchain-12.2.rel1-mingw-w64-i686-arm-none-eabi/bin/../lib/gcc/arm-none-eabi/12.2.1/thumb/v7-m/nofp\libg.a(libc_a-errno.o)
 .ARM.attributes
                0x00000605       0x2d d:/stm32cubetoolchains/arm-gnu-toolchain-12.2.rel1-mingw-w64-i686-arm-none-eabi/bin/../lib/gcc/arm-none-eabi/12.2.1/thumb/v7-m/nofp\libg.a(libc_a-init.o)
 .ARM.attributes
                0x00000632       0x2d d:/stm32cubetoolchains/arm-gnu-toolchain-12.2.rel1-mingw-w64-i686-arm-none-eabi/bin/../lib/gcc/arm-none-eabi/12.2.1/thumb/v7-m/nofp\libg.a(libc_a-lock.o)
 .ARM.attributes
                0x0000065f       0x2d d:/stm32cubetoolchains/arm-gnu-toolchain-12.2.rel1-mingw-w64-i686-arm-none-eabi/bin/../lib/gcc/arm-none-eabi/12.2.1/thumb/v7-m/nofp\libg.a(libc_a-__call_atexit.o)
 .ARM.attributes
                0x0000068c       0x2d d:/stm32cubetoolchains/arm-gnu-toolchain-12.2.rel1-mingw-w64-i686-arm-none-eabi/bin/../lib/gcc/arm-none-eabi/12.2.1/thumb/v7-m/nofp\libg.a(libc_a-atexit.o)
 .ARM.attributes
                0x000006b9       0x2d d:/stm32cubetoolchains/arm-gnu-toolchain-12.2.rel1-mingw-w64-i686-arm-none-eabi/bin/../lib/gcc/arm-none-eabi/12.2.1/thumb/v7-m/nofp\libg.a(libc_a-freer.o)
 .ARM.attributes
                0x000006e6       0x2d d:/stm32cubetoolchains/arm-gnu-toolchain-12.2.rel1-mingw-w64-i686-arm-none-eabi/bin/../lib/gcc/arm-none-eabi/12.2.1/thumb/v7-m/nofp\libg.a(libc_a-mallocr.o)
 .ARM.attributes
                0x00000713       0x2d d:/stm32cubetoolchains/arm-gnu-toolchain-12.2.rel1-mingw-w64-i686-arm-none-eabi/bin/../lib/gcc/arm-none-eabi/12.2.1/thumb/v7-m/nofp\libg.a(libc_a-mlock.o)
 .ARM.attributes
                0x00000740       0x2d d:/stm32cubetoolchains/arm-gnu-toolchain-12.2.rel1-mingw-w64-i686-arm-none-eabi/bin/../lib/gcc/arm-none-eabi/12.2.1/thumb/v7-m/nofp\libg.a(libc_a-svfprintf.o)
 .ARM.attributes
                0x0000076d       0x2d d:/stm32cubetoolchains/arm-gnu-toolchain-12.2.rel1-mingw-w64-i686-arm-none-eabi/bin/../lib/gcc/arm-none-eabi/12.2.1/thumb/v7-m/nofp\libg.a(libc_a-fclose.o)
 .ARM.attributes
                0x0000079a       0x2d d:/stm32cubetoolchains/arm-gnu-toolchain-12.2.rel1-mingw-w64-i686-arm-none-eabi/bin/../lib/gcc/arm-none-eabi/12.2.1/thumb/v7-m/nofp\libg.a(libc_a-fflush.o)
 .ARM.attributes
                0x000007c7       0x2d d:/stm32cubetoolchains/arm-gnu-toolchain-12.2.rel1-mingw-w64-i686-arm-none-eabi/bin/../lib/gcc/arm-none-eabi/12.2.1/thumb/v7-m/nofp\libg.a(libc_a-strncpy.o)
 .ARM.attributes
                0x000007f4       0x2d d:/stm32cubetoolchains/arm-gnu-toolchain-12.2.rel1-mingw-w64-i686-arm-none-eabi/bin/../lib/gcc/arm-none-eabi/12.2.1/thumb/v7-m/nofp\libg.a(libc_a-locale.o)
 .ARM.attributes
                0x00000821       0x2d d:/stm32cubetoolchains/arm-gnu-toolchain-12.2.rel1-mingw-w64-i686-arm-none-eabi/bin/../lib/gcc/arm-none-eabi/12.2.1/thumb/v7-m/nofp\libg.a(libc_a-localeconv.o)
 .ARM.attributes
                0x0000084e       0x2d d:/stm32cubetoolchains/arm-gnu-toolchain-12.2.rel1-mingw-w64-i686-arm-none-eabi/bin/../lib/gcc/arm-none-eabi/12.2.1/thumb/v7-m/nofp\libg.a(libc_a-sbrkr.o)
 .ARM.attributes
                0x0000087b       0x2d d:/stm32cubetoolchains/arm-gnu-toolchain-12.2.rel1-mingw-w64-i686-arm-none-eabi/bin/../lib/gcc/arm-none-eabi/12.2.1/thumb/v7-m/nofp\libg.a(libc_a-fini.o)
 .ARM.attributes
                0x000008a8       0x2d d:/stm32cubetoolchains/arm-gnu-toolchain-12.2.rel1-mingw-w64-i686-arm-none-eabi/bin/../lib/gcc/arm-none-eabi/12.2.1/thumb/v7-m/nofp\libg.a(libc_a-sysconf.o)
 .ARM.attributes
                0x000008d5       0x2d d:/stm32cubetoolchains/arm-gnu-toolchain-12.2.rel1-mingw-w64-i686-arm-none-eabi/bin/../lib/gcc/arm-none-eabi/12.2.1/thumb/v7-m/nofp\libg.a(libc_a-memchr-stub.o)
 .ARM.attributes
                0x00000902       0x2d d:/stm32cubetoolchains/arm-gnu-toolchain-12.2.rel1-mingw-w64-i686-arm-none-eabi/bin/../lib/gcc/arm-none-eabi/12.2.1/thumb/v7-m/nofp\libg.a(libc_a-strlen-stub.o)
 .ARM.attributes
                0x0000092f       0x2d d:/stm32cubetoolchains/arm-gnu-toolchain-12.2.rel1-mingw-w64-i686-arm-none-eabi/bin/../lib/gcc/arm-none-eabi/12.2.1/thumb/v7-m/nofp\libg.a(libm_a-s_frexp.o)
 .ARM.attributes
                0x0000095c       0x2d d:/stm32cubetoolchains/arm-gnu-toolchain-12.2.rel1-mingw-w64-i686-arm-none-eabi/bin/../lib/gcc/arm-none-eabi/12.2.1/thumb/v7-m/nofp\libg.a(libc_a-__atexit.o)
 .ARM.attributes
                0x00000989       0x2d d:/stm32cubetoolchains/arm-gnu-toolchain-12.2.rel1-mingw-w64-i686-arm-none-eabi/bin/../lib/gcc/arm-none-eabi/12.2.1/thumb/v7-m/nofp\libg.a(libc_a-dtoa.o)
 .ARM.attributes
                0x000009b6       0x2d d:/stm32cubetoolchains/arm-gnu-toolchain-12.2.rel1-mingw-w64-i686-arm-none-eabi/bin/../lib/gcc/arm-none-eabi/12.2.1/thumb/v7-m/nofp\libg.a(libc_a-mbtowc_r.o)
 .ARM.attributes
                0x000009e3       0x2d d:/stm32cubetoolchains/arm-gnu-toolchain-12.2.rel1-mingw-w64-i686-arm-none-eabi/bin/../lib/gcc/arm-none-eabi/12.2.1/thumb/v7-m/nofp\libg.a(libc_a-mprec.o)
 .ARM.attributes
                0x00000a10       0x2d d:/stm32cubetoolchains/arm-gnu-toolchain-12.2.rel1-mingw-w64-i686-arm-none-eabi/bin/../lib/gcc/arm-none-eabi/12.2.1/thumb/v7-m/nofp\libg.a(libc_a-wctomb_r.o)
 .ARM.attributes
                0x00000a3d       0x2d d:/stm32cubetoolchains/arm-gnu-toolchain-12.2.rel1-mingw-w64-i686-arm-none-eabi/bin/../lib/gcc/arm-none-eabi/12.2.1/thumb/v7-m/nofp\libg.a(libc_a-wcrtomb.o)
 .ARM.attributes
                0x00000a6a       0x2d d:/stm32cubetoolchains/arm-gnu-toolchain-12.2.rel1-mingw-w64-i686-arm-none-eabi/bin/../lib/gcc/arm-none-eabi/12.2.1/thumb/v7-m/nofp\libg.a(libc_a-wcsrtombs.o)
 .ARM.attributes
                0x00000a97       0x2d d:/stm32cubetoolchains/arm-gnu-toolchain-12.2.rel1-mingw-w64-i686-arm-none-eabi/bin/../lib/gcc/arm-none-eabi/12.2.1/thumb/v7-m/nofp\libg.a(libc_a-ctype_.o)
 .ARM.attributes
                0x00000ac4       0x2d d:/stm32cubetoolchains/arm-gnu-toolchain-12.2.rel1-mingw-w64-i686-arm-none-eabi/bin/../lib/gcc/arm-none-eabi/12.2.1/thumb/v7-m/nofp\libg.a(libc_a-svfiprintf.o)
 .ARM.attributes
                0x00000af1       0x2d d:/stm32cubetoolchains/arm-gnu-toolchain-12.2.rel1-mingw-w64-i686-arm-none-eabi/bin/../lib/gcc/arm-none-eabi/12.2.1/thumb/v7-m/nofp\libg.a(libc_a-memmove.o)
 .ARM.attributes
                0x00000b1e       0x1b d:/stm32cubetoolchains/arm-gnu-toolchain-12.2.rel1-mingw-w64-i686-arm-none-eabi/bin/../lib/gcc/arm-none-eabi/12.2.1/thumb/v7-m/nofp\libg.a(libc_a-memcpy.o)
 .ARM.attributes
                0x00000b39       0x2d d:/stm32cubetoolchains/arm-gnu-toolchain-12.2.rel1-mingw-w64-i686-arm-none-eabi/bin/../lib/gcc/arm-none-eabi/12.2.1/thumb/v7-m/nofp\libg.a(libc_a-assert.o)
 .ARM.attributes
                0x00000b66       0x2d d:/stm32cubetoolchains/arm-gnu-toolchain-12.2.rel1-mingw-w64-i686-arm-none-eabi/bin/../lib/gcc/arm-none-eabi/12.2.1/thumb/v7-m/nofp\libg.a(libc_a-callocr.o)
 .ARM.attributes
                0x00000b93       0x2d d:/stm32cubetoolchains/arm-gnu-toolchain-12.2.rel1-mingw-w64-i686-arm-none-eabi/bin/../lib/gcc/arm-none-eabi/12.2.1/thumb/v7-m/nofp\libg.a(libc_a-reallocr.o)
 .ARM.attributes
                0x00000bc0       0x2d d:/stm32cubetoolchains/arm-gnu-toolchain-12.2.rel1-mingw-w64-i686-arm-none-eabi/bin/../lib/gcc/arm-none-eabi/12.2.1/thumb/v7-m/nofp\libg.a(libc_a-wcsnrtombs.o)
 .ARM.attributes
                0x00000bed       0x2d d:/stm32cubetoolchains/arm-gnu-toolchain-12.2.rel1-mingw-w64-i686-arm-none-eabi/bin/../lib/gcc/arm-none-eabi/12.2.1/thumb/v7-m/nofp\libg.a(libc_a-fiprintf.o)
 .ARM.attributes
                0x00000c1a       0x2d d:/stm32cubetoolchains/arm-gnu-toolchain-12.2.rel1-mingw-w64-i686-arm-none-eabi/bin/../lib/gcc/arm-none-eabi/12.2.1/thumb/v7-m/nofp\libg.a(libc_a-vfiprintf.o)
 .ARM.attributes
                0x00000c47       0x2d d:/stm32cubetoolchains/arm-gnu-toolchain-12.2.rel1-mingw-w64-i686-arm-none-eabi/bin/../lib/gcc/arm-none-eabi/12.2.1/thumb/v7-m/nofp\libg.a(libc_a-fvwrite.o)
 .ARM.attributes
                0x00000c74       0x2d d:/stm32cubetoolchains/arm-gnu-toolchain-12.2.rel1-mingw-w64-i686-arm-none-eabi/bin/../lib/gcc/arm-none-eabi/12.2.1/thumb/v7-m/nofp\libg.a(libc_a-wsetup.o)
 .ARM.attributes
                0x00000ca1       0x2d d:/stm32cubetoolchains/arm-gnu-toolchain-12.2.rel1-mingw-w64-i686-arm-none-eabi/bin/../lib/gcc/arm-none-eabi/12.2.1/thumb/v7-m/nofp\libg.a(libc_a-fputwc.o)
 .ARM.attributes
                0x00000cce       0x2d d:/stm32cubetoolchains/arm-gnu-toolchain-12.2.rel1-mingw-w64-i686-arm-none-eabi/bin/../lib/gcc/arm-none-eabi/12.2.1/thumb/v7-m/nofp\libg.a(libc_a-abort.o)
 .ARM.attributes
                0x00000cfb       0x2d d:/stm32cubetoolchains/arm-gnu-toolchain-12.2.rel1-mingw-w64-i686-arm-none-eabi/bin/../lib/gcc/arm-none-eabi/12.2.1/thumb/v7-m/nofp\libg.a(libc_a-makebuf.o)
 .ARM.attributes
                0x00000d28       0x2d d:/stm32cubetoolchains/arm-gnu-toolchain-12.2.rel1-mingw-w64-i686-arm-none-eabi/bin/../lib/gcc/arm-none-eabi/12.2.1/thumb/v7-m/nofp\libg.a(libc_a-wbuf.o)
 .ARM.attributes
                0x00000d55       0x2d d:/stm32cubetoolchains/arm-gnu-toolchain-12.2.rel1-mingw-w64-i686-arm-none-eabi/bin/../lib/gcc/arm-none-eabi/12.2.1/thumb/v7-m/nofp\libg.a(libc_a-signal.o)
 .ARM.attributes
                0x00000d82       0x2d d:/stm32cubetoolchains/arm-gnu-toolchain-12.2.rel1-mingw-w64-i686-arm-none-eabi/bin/../lib/gcc/arm-none-eabi/12.2.1/thumb/v7-m/nofp\libg.a(libc_a-fstatr.o)
 .ARM.attributes
                0x00000daf       0x2d d:/stm32cubetoolchains/arm-gnu-toolchain-12.2.rel1-mingw-w64-i686-arm-none-eabi/bin/../lib/gcc/arm-none-eabi/12.2.1/thumb/v7-m/nofp\libg.a(libc_a-isattyr.o)
 .ARM.attributes
                0x00000ddc       0x2d d:/stm32cubetoolchains/arm-gnu-toolchain-12.2.rel1-mingw-w64-i686-arm-none-eabi/bin/../lib/gcc/arm-none-eabi/12.2.1/thumb/v7-m/nofp\libg.a(libc_a-signalr.o)
 .ARM.attributes
                0x00000e09       0x1d d:/stm32cubetoolchains/arm-gnu-toolchain-12.2.rel1-mingw-w64-i686-arm-none-eabi/bin/../lib/gcc/arm-none-eabi/12.2.1/thumb/v7-m/nofp\libgcc.a(_arm_cmpdf2.o)
 .ARM.attributes
                0x00000e26       0x1d d:/stm32cubetoolchains/arm-gnu-toolchain-12.2.rel1-mingw-w64-i686-arm-none-eabi/bin/../lib/gcc/arm-none-eabi/12.2.1/thumb/v7-m/nofp\libgcc.a(_arm_unorddf2.o)
 .ARM.attributes
                0x00000e43       0x1d d:/stm32cubetoolchains/arm-gnu-toolchain-12.2.rel1-mingw-w64-i686-arm-none-eabi/bin/../lib/gcc/arm-none-eabi/12.2.1/thumb/v7-m/nofp\libgcc.a(_arm_fixdfsi.o)
 .ARM.attributes
                0x00000e60       0x2d d:/stm32cubetoolchains/arm-gnu-toolchain-12.2.rel1-mingw-w64-i686-arm-none-eabi/bin/../lib/gcc/arm-none-eabi/12.2.1/thumb/v7-m/nofp/crtend.o
 .ARM.attributes
                0x00000e8d       0x1d d:/stm32cubetoolchains/arm-gnu-toolchain-12.2.rel1-mingw-w64-i686-arm-none-eabi/bin/../lib/gcc/arm-none-eabi/12.2.1/thumb/v7-m/nofp/crtn.o
OUTPUT(dreamLittleCarFixed-FW.elf elf32-littlearm)
LOAD linker stubs
LOAD d:/stm32cubetoolchains/arm-gnu-toolchain-12.2.rel1-mingw-w64-i686-arm-none-eabi/bin/../lib/gcc/arm-none-eabi/12.2.1/thumb/v7-m/nofp\libc.a
LOAD d:/stm32cubetoolchains/arm-gnu-toolchain-12.2.rel1-mingw-w64-i686-arm-none-eabi/bin/../lib/gcc/arm-none-eabi/12.2.1/thumb/v7-m/nofp\libm.a
LOAD d:/stm32cubetoolchains/arm-gnu-toolchain-12.2.rel1-mingw-w64-i686-arm-none-eabi/bin/../lib/gcc/arm-none-eabi/12.2.1/thumb/v7-m/nofp\libgcc.a
