Archive member included to satisfy reference by file (symbol)

d:/stm32cubetoolchains/arm-gnu-toolchain-12.2.rel1-mingw-w64-i686-arm-none-eabi/bin/../lib/gcc/arm-none-eabi/12.2.1/thumb/v7-m/nofp\libgcc.a(_arm_addsubdf3.o)
                              CMakeFiles/dreamLittleCarFixed-FW.elf.dir/Core/Src/main.c.obj (__aeabi_i2d)
d:/stm32cubetoolchains/arm-gnu-toolchain-12.2.rel1-mingw-w64-i686-arm-none-eabi/bin/../lib/gcc/arm-none-eabi/12.2.1/thumb/v7-m/nofp\libgcc.a(_arm_muldivdf3.o)
                              CMakeFiles/dreamLittleCarFixed-FW.elf.dir/Core/Src/main.c.obj (__aeabi_ddiv)
d:/stm32cubetoolchains/arm-gnu-toolchain-12.2.rel1-mingw-w64-i686-arm-none-eabi/bin/../lib/gcc/arm-none-eabi/12.2.1/thumb/v7-m/nofp\libg.a(libc_a-exit.o)
                              d:/stm32cubetoolchains/arm-gnu-toolchain-12.2.rel1-mingw-w64-i686-arm-none-eabi/bin/../lib/gcc/arm-none-eabi/12.2.1/thumb/v7-m/nofp/crt0.o (exit)
d:/stm32cubetoolchains/arm-gnu-toolchain-12.2.rel1-mingw-w64-i686-arm-none-eabi/bin/../lib/gcc/arm-none-eabi/12.2.1/thumb/v7-m/nofp\libg.a(libc_a-findfp.o)
                              d:/stm32cubetoolchains/arm-gnu-toolchain-12.2.rel1-mingw-w64-i686-arm-none-eabi/bin/../lib/gcc/arm-none-eabi/12.2.1/thumb/v7-m/nofp\libg.a(libc_a-exit.o) (__stdio_exit_handler)
d:/stm32cubetoolchains/arm-gnu-toolchain-12.2.rel1-mingw-w64-i686-arm-none-eabi/bin/../lib/gcc/arm-none-eabi/12.2.1/thumb/v7-m/nofp\libg.a(libc_a-fwalk.o)
                              d:/stm32cubetoolchains/arm-gnu-toolchain-12.2.rel1-mingw-w64-i686-arm-none-eabi/bin/../lib/gcc/arm-none-eabi/12.2.1/thumb/v7-m/nofp\libg.a(libc_a-findfp.o) (_fwalk_sglue)
d:/stm32cubetoolchains/arm-gnu-toolchain-12.2.rel1-mingw-w64-i686-arm-none-eabi/bin/../lib/gcc/arm-none-eabi/12.2.1/thumb/v7-m/nofp\libg.a(libc_a-sprintf.o)
                              CMakeFiles/dreamLittleCarFixed-FW.elf.dir/Core/Src/main.c.obj (sprintf)
d:/stm32cubetoolchains/arm-gnu-toolchain-12.2.rel1-mingw-w64-i686-arm-none-eabi/bin/../lib/gcc/arm-none-eabi/12.2.1/thumb/v7-m/nofp\libg.a(libc_a-stdio.o)
                              d:/stm32cubetoolchains/arm-gnu-toolchain-12.2.rel1-mingw-w64-i686-arm-none-eabi/bin/../lib/gcc/arm-none-eabi/12.2.1/thumb/v7-m/nofp\libg.a(libc_a-findfp.o) (__sread)
d:/stm32cubetoolchains/arm-gnu-toolchain-12.2.rel1-mingw-w64-i686-arm-none-eabi/bin/../lib/gcc/arm-none-eabi/12.2.1/thumb/v7-m/nofp\libg.a(libc_a-memset.o)
                              d:/stm32cubetoolchains/arm-gnu-toolchain-12.2.rel1-mingw-w64-i686-arm-none-eabi/bin/../lib/gcc/arm-none-eabi/12.2.1/thumb/v7-m/nofp/crt0.o (memset)
d:/stm32cubetoolchains/arm-gnu-toolchain-12.2.rel1-mingw-w64-i686-arm-none-eabi/bin/../lib/gcc/arm-none-eabi/12.2.1/thumb/v7-m/nofp\libg.a(libc_a-closer.o)
                              d:/stm32cubetoolchains/arm-gnu-toolchain-12.2.rel1-mingw-w64-i686-arm-none-eabi/bin/../lib/gcc/arm-none-eabi/12.2.1/thumb/v7-m/nofp\libg.a(libc_a-stdio.o) (_close_r)
d:/stm32cubetoolchains/arm-gnu-toolchain-12.2.rel1-mingw-w64-i686-arm-none-eabi/bin/../lib/gcc/arm-none-eabi/12.2.1/thumb/v7-m/nofp\libg.a(libc_a-reent.o)
                              d:/stm32cubetoolchains/arm-gnu-toolchain-12.2.rel1-mingw-w64-i686-arm-none-eabi/bin/../lib/gcc/arm-none-eabi/12.2.1/thumb/v7-m/nofp\libg.a(libc_a-closer.o) (errno)
d:/stm32cubetoolchains/arm-gnu-toolchain-12.2.rel1-mingw-w64-i686-arm-none-eabi/bin/../lib/gcc/arm-none-eabi/12.2.1/thumb/v7-m/nofp\libg.a(libc_a-impure.o)
                              d:/stm32cubetoolchains/arm-gnu-toolchain-12.2.rel1-mingw-w64-i686-arm-none-eabi/bin/../lib/gcc/arm-none-eabi/12.2.1/thumb/v7-m/nofp\libg.a(libc_a-sprintf.o) (_impure_ptr)
d:/stm32cubetoolchains/arm-gnu-toolchain-12.2.rel1-mingw-w64-i686-arm-none-eabi/bin/../lib/gcc/arm-none-eabi/12.2.1/thumb/v7-m/nofp\libg.a(libc_a-lseekr.o)
                              d:/stm32cubetoolchains/arm-gnu-toolchain-12.2.rel1-mingw-w64-i686-arm-none-eabi/bin/../lib/gcc/arm-none-eabi/12.2.1/thumb/v7-m/nofp\libg.a(libc_a-stdio.o) (_lseek_r)
d:/stm32cubetoolchains/arm-gnu-toolchain-12.2.rel1-mingw-w64-i686-arm-none-eabi/bin/../lib/gcc/arm-none-eabi/12.2.1/thumb/v7-m/nofp\libg.a(libc_a-readr.o)
                              d:/stm32cubetoolchains/arm-gnu-toolchain-12.2.rel1-mingw-w64-i686-arm-none-eabi/bin/../lib/gcc/arm-none-eabi/12.2.1/thumb/v7-m/nofp\libg.a(libc_a-stdio.o) (_read_r)
d:/stm32cubetoolchains/arm-gnu-toolchain-12.2.rel1-mingw-w64-i686-arm-none-eabi/bin/../lib/gcc/arm-none-eabi/12.2.1/thumb/v7-m/nofp\libg.a(libc_a-writer.o)
                              d:/stm32cubetoolchains/arm-gnu-toolchain-12.2.rel1-mingw-w64-i686-arm-none-eabi/bin/../lib/gcc/arm-none-eabi/12.2.1/thumb/v7-m/nofp\libg.a(libc_a-stdio.o) (_write_r)
d:/stm32cubetoolchains/arm-gnu-toolchain-12.2.rel1-mingw-w64-i686-arm-none-eabi/bin/../lib/gcc/arm-none-eabi/12.2.1/thumb/v7-m/nofp\libg.a(libc_a-errno.o)
                              CMakeFiles/dreamLittleCarFixed-FW.elf.dir/Core/Src/syscalls.c.obj (__errno)
[...]
Memory Configuration

Name             Origin             Length             Attributes
RAM              0x20000000         0x00005000         xrw
FLASH            0x08000000         0x00020000         xr
*default*        0x00000000         0xffffffff

Linker script and memory map

LOAD d:/stm32cubetoolchains/arm-gnu-toolchain-12.2.rel1-mingw-w64-i686-arm-none-eabi/bin/../lib/gcc/arm-none-eabi/12.2.1/thumb/v7-m/nofp/crti.o
LOAD d:/stm32cubetoolchains/arm-gnu-toolchain-12.2.rel1-mingw-w64-i686-arm-none-eabi/bin/../lib/gcc/arm-none-eabi/12.2.1/thumb/v7-m/nofp/crtbegin.o
LOAD d:/stm32cubetoolchains/arm-gnu-toolchain-12.2.rel1-mingw-w64-i686-arm-none-eabi/bin/../lib/gcc/arm-none-eabi/12.2.1/thumb/v7-m/nofp/crt0.o
LOAD CMakeFiles/dreamLittleCarFixed-FW.elf.dir/Core/Src/gpio.c.obj
LOAD CMakeFiles/dreamLittleCarFixed-FW.elf.dir/Core/Src/main.c.obj
LOAD CMakeFiles/dreamLittleCarFixed-FW.elf.dir/Core/Src/stm32f1xx_hal_msp.c.obj
LOAD CMakeFiles/dreamLittleCarFixed-FW.elf.dir/Core/Src/stm32f1xx_it.c.obj
LOAD CMakeFiles/dreamLittleCarFixed-FW.elf.dir/Core/Src/syscalls.c.obj
LOAD CMakeFiles/dreamLittleCarFixed-FW.elf.dir/Core/Src/system_stm32f1xx.c.obj
LOAD CMakeFiles/dreamLittleCarFixed-FW.elf.dir/Core/Src/tim.c.obj
LOAD CMakeFiles/dreamLittleCarFixed-FW.elf.dir/Core/Src/usart.c.obj
LOAD CMakeFiles/dreamLittleCarFixed-FW.elf.dir/Drivers/STM32F1xx_HAL_Driver/Src/stm32f1xx_hal.c.obj
LOAD CMakeFiles/dreamLittleCarFixed-FW.elf.dir/Drivers/STM32F1xx_HAL_Driver/Src/stm32f1xx_hal_cortex.c.obj
LOAD CMakeFiles/dreamLittleCarFixed-FW.elf.dir/Drivers/STM32F1xx_HAL_Driver/Src/stm32f1xx_hal_dma.c.obj
LOAD CMakeFiles/dreamLittleCarFixed-FW.elf.dir/Drivers/STM32F1xx_HAL_Driver/Src/stm32f1xx_hal_exti.c.obj
LOAD CMakeFiles/dreamLittleCarFixed-FW.elf.dir/Drivers/STM32F1xx_HAL_Driver/Src/stm32f1xx_hal_flash.c.obj
LOAD CMakeFiles/dreamLittleCarFixed-FW.elf.dir/Drivers/STM32F1xx_HAL_Driver/Src/stm32f1xx_hal_flash_ex.c.obj
LOAD CMakeFiles/dreamLittleCarFixed-FW.elf.dir/Drivers/STM32F1xx_HAL_Driver/Src/stm32f1xx_hal_gpio.c.obj
LOAD CMakeFiles/dreamLittleCarFixed-FW.elf.dir/Drivers/STM32F1xx_HAL_Driver/Src/stm32f1xx_hal_gpio_ex.c.obj
LOAD CMakeFiles/dreamLittleCarFixed-FW.elf.dir/Drivers/STM32F1xx_HAL_Driver/Src/stm32f1xx_hal_pwr.c.obj
LOAD CMakeFiles/dreamLittleCarFixed-FW.elf.dir/Drivers/STM32F1xx_HAL_Driver/Src/stm32f1xx_hal_rcc.c.obj
LOAD CMakeFiles/dreamLittleCarFixed-FW.elf.dir/Drivers/STM32F1xx_HAL_Driver/Src/stm32f1xx_hal_rcc_ex.c.obj
LOAD CMakeFiles/dreamLittleCarFixed-FW.elf.dir/Drivers/STM32F1xx_HAL_Driver/Src/stm32f1xx_hal_tim.c.obj
LOAD CMakeFiles/dreamLittleCarFixed-FW.elf.dir/Drivers/STM32F1xx_HAL_Driver/Src/stm32f1xx_hal_tim_ex.c.obj
LOAD CMakeFiles/dreamLittleCarFixed-FW.elf.dir/Drivers/STM32F1xx_HAL_Driver/Src/stm32f1xx_hal_uart.c.obj
LOAD CMakeFiles/dreamLittleCarFixed-FW.elf.dir/startup/startup_stm32f103xb.s.obj
START GROUP
LOAD d:/stm32cubetoolchains/arm-gnu-toolchain-12.2.rel1-mingw-w64-i686-arm-none-eabi/bin/../lib/gcc/arm-none-eabi/12.2.1/thumb/v7-m/nofp\libgcc.a
LOAD d:/stm32cubetoolchains/arm-gnu-toolchain-12.2.rel1-mingw-w64-i686-arm-none-eabi/bin/../lib/gcc/arm-none-eabi/12.2.1/thumb/v7-m/nofp\libg.a
LOAD d:/stm32cubetoolchains/arm-gnu-toolchain-12.2.rel1-mingw-w64-i686-arm-none-eabi/bin/../lib/gcc/arm-none-eabi/12.2.1/thumb/v7-m/nofp\libc.a
END GROUP
LOAD d:/stm32cubetoolchains/arm-gnu-toolchain-12.2.rel1-mingw-w64-i686-arm-none-eabi/bin/../lib/gcc/arm-none-eabi/12.2.1/thumb/v7-m/nofp/crtend.o
LOAD d:/stm32cubetoolchains/arm-gnu-toolchain-12.2.rel1-mingw-w64-i686-arm-none-eabi/bin/../lib/gcc/arm-none-eabi/12.2.1/thumb/v7-m/nofp/crtn.o
                0x20005000                _estack = 0x20005000
                0x00000200                _Min_Heap_Size = 0x200
                0x00000400                _Min_Stack_Size = 0x400

.isr_vector     0x08000000      0x10c
                0x08000000                . = ALIGN (0x4)
 *(.isr_vector)
 .isr_vector    0x08000000      0x10c CMakeFiles/dreamLittleCarFixed-FW.elf.dir/startup/startup_stm32f103xb.s.obj
                0x08000000                g_pfnVectors
                0x0800010c                . = ALIGN (0x4)

.text           0x08000110     0x8b4c
                0x08000110                . = ALIGN (0x4)
 *(.text)
 .text          0x08000110      0x378 d:/stm32cubetoolchains/arm-gnu-toolchain-12.2.rel1-mingw-w64-i686-arm-none-eabi/bin/../lib/gcc/arm-none-eabi/12.2.1/thumb/v7-m/nofp\libgcc.a(_arm_addsubdf3.o)
                0x08000110                __aeabi_drsub
                0x08000118                __aeabi_dsub
                0x08000118                __subdf3
                0x0800011c                __aeabi_dadd
                0x0800011c                __adddf3
                0x08000394                __floatunsidf
                0x08000394                __aeabi_ui2d
                0x080003b4                __floatsidf
                0x080003b4                __aeabi_i2d
                0x080003d8                __aeabi_f2d
                0x080003d8                __extendsfdf2
                0x0800041c                __floatundidf
                0x0800041c                __aeabi_ul2d
                0x0800042c                __floatdidf
                0x0800042c                __aeabi_l2d
 .text          0x08000488      0x424 d:/stm32cubetoolchains/arm-gnu-toolchain-12.2.rel1-mingw-w64-i686-arm-none-eabi/bin/../lib/gcc/arm-none-eabi/12.2.1/thumb/v7-m/nofp\libgcc.a(_arm_muldivdf3.o)
                0x08000488                __aeabi_dmul
                0x08000488                __muldf3
                0x080006dc                __divdf3
                0x080006dc                __aeabi_ddiv
 .text          0x080008ac       0xec d:/stm32cubetoolchains/arm-gnu-toolchain-12.2.rel1-mingw-w64-i686-arm-none-eabi/bin/../lib/gcc/arm-none-eabi/12.2.1/thumb/v7-m/nofp\libg.a(libc_a-memcpy.o)
                0x080008ac                memcpy
 .text          0x08000998      0x110 d:/stm32cubetoolchains/arm-gnu-toolchain-12.2.rel1-mingw-w64-i686-arm-none-eabi/bin/../lib/gcc/arm-none-eabi/12.2.1/thumb/v7-m/nofp\libgcc.a(_arm_cmpdf2.o)
                0x08000998                __gtdf2
                0x08000998                __gedf2
                0x080009a0                __ltdf2
                0x080009a0                __ledf2
                0x080009a8                __nedf2
                0x080009a8                __eqdf2
                0x080009a8                __cmpdf2
                0x08000a24                __aeabi_cdrcmple
                0x08000a34                __aeabi_cdcmpeq
                0x08000a34                __aeabi_cdcmple
                0x08000a44                __aeabi_dcmpeq
                0x08000a58                __aeabi_dcmplt
                0x08000a6c                __aeabi_dcmple
                0x08000a80                __aeabi_dcmpge
                0x08000a94                __aeabi_dcmpgt
 .text          0x08000aa8       0x2c d:/stm32cubetoolchains/arm-gnu-toolchain-12.2.rel1-mingw-w64-i686-arm-none-eabi/bin/../lib/gcc/arm-none-eabi/12.2.1/thumb/v7-m/nofp\libgcc.a(_arm_unorddf2.o)
                0x08000aa8                __unorddf2
                0x08000aa8                __aeabi_dcmpun
 .text          0x08000ad4       0x50 d:/stm32cubetoolchains/arm-gnu-toolchain-12.2.rel1-mingw-w64-i686-arm-none-eabi/bin/../lib/gcc/arm-none-eabi/12.2.1/thumb/v7-m/nofp\libgcc.a(_arm_fixdfsi.o)
                0x08000ad4                __aeabi_d2iz
                0x08000ad4                __fixdfsi
 *(.text*)
 .text.deregister_tm_clones
                0x08000b24       0x1c d:/stm32cubetoolchains/arm-gnu-toolchain-12.2.rel1-mingw-w64-i686-arm-none-eabi/bin/../lib/gcc/arm-none-eabi/12.2.1/thumb/v7-m/nofp/crtbegin.o
 .text.register_tm_clones
                0x08000b40       0x24 d:/stm32cubetoolchains/arm-gnu-toolchain-12.2.rel1-mingw-w64-i686-arm-none-eabi/bin/../lib/gcc/arm-none-eabi/12.2.1/thumb/v7-m/nofp/crtbegin.o
 .text.__do_global_dtors_aux
                0x08000b64       0x28 d:/stm32cubetoolchains/arm-gnu-toolchain-12.2.rel1-mingw-w64-i686-arm-none-eabi/bin/../lib/gcc/arm-none-eabi/12.2.1/thumb/v7-m/nofp/crtbegin.o
 .text.frame_dummy
                0x08000b8c       0x24 d:/stm32cubetoolchains/arm-gnu-toolchain-12.2.rel1-mingw-w64-i686-arm-none-eabi/bin/../lib/gcc/arm-none-eabi/12.2.1/thumb/v7-m/nofp/crtbegin.o
 .text.MX_GPIO_Init
                0x08000bb0       0xd8 CMakeFiles/dreamLittleCarFixed-FW.elf.dir/Core/Src/gpio.c.obj
                0x08000bb0                MX_GPIO_Init
 .text.goForward
                0x08000c88       0x50 CMakeFiles/dreamLittleCarFixed-FW.elf.dir/Core/Src/main.c.obj
                0x08000c88                goForward
 .text.stopAll  0x08000cd8       0x3c CMakeFiles/dreamLittleCarFixed-FW.elf.dir/Core/Src/main.c.obj
                0x08000cd8                stopAll
 .text.turnLeft
                0x08000d14       0x50 CMakeFiles/dreamLittleCarFixed-FW.elf.dir/Core/Src/main.c.obj
                0x08000d14                turnLeft
 .text.turnRight
                0x08000d64       0x54 CMakeFiles/dreamLittleCarFixed-FW.elf.dir/Core/Src/main.c.obj
                0x08000d64                turnRight
 .text.littleCarMove
                0x08000db8      0x28c CMakeFiles/dreamLittleCarFixed-FW.elf.dir/Core/Src/main.c.obj
                0x08000db8                littleCarMove
 .text.Error_Handler
                0x08001044        0x4 CMakeFiles/dreamLittleCarFixed-FW.elf.dir/Core/Src/main.c.obj
                0x08001044                Error_Handler
 .text.SystemClock_Config
                0x08001048       0x64 CMakeFiles/dreamLittleCarFixed-FW.elf.dir/Core/Src/main.c.obj
                0x08001048                SystemClock_Config
 *fill*         0x080010ac        0x4 
 .text.main     0x080010b0      0x14c CMakeFiles/dreamLittleCarFixed-FW.elf.dir/Core/Src/main.c.obj
                0x080010b0                main
 .text.HAL_MspInit
                0x080011fc       0x44 CMakeFiles/dreamLittleCarFixed-FW.elf.dir/Core/Src/stm32f1xx_hal_msp.c.obj
                0x080011fc                HAL_MspInit
 .text.NMI_Handler
                0x08001240        0x2 CMakeFiles/dreamLittleCarFixed-FW.elf.dir/Core/Src/stm32f1xx_it.c.obj
                0x08001240                NMI_Handler
 .text.HardFault_Handler
                0x08001242        0x2 CMakeFiles/dreamLittleCarFixed-FW.elf.dir/Core/Src/stm32f1xx_it.c.obj
                0x08001242                HardFault_Handler
 .text.MemManage_Handler
                0x08001244        0x2 CMakeFiles/dreamLittleCarFixed-FW.elf.dir/Core/Src/stm32f1xx_it.c.obj
                0x08001244                MemManage_Handler
 .text.BusFault_Handler
                0x08001246        0x2 CMakeFiles/dreamLittleCarFixed-FW.elf.dir/Core/Src/stm32f1xx_it.c.obj
                0x08001246                BusFault_Handler
 .text.UsageFault_Handler
                0x08001248        0x2 CMakeFiles/dreamLittleCarFixed-FW.elf.dir/Core/Src/stm32f1xx_it.c.obj
                0x08001248                UsageFault_Handler
 .text.SVC_Handler
                0x0800124a        0x2 CMakeFiles/dreamLittleCarFixed-FW.elf.dir/Core/Src/stm32f1xx_it.c.obj
                0x0800124a                SVC_Handler
 .text.DebugMon_Handler
                0x0800124c        0x2 CMakeFiles/dreamLittleCarFixed-FW.elf.dir/Core/Src/stm32f1xx_it.c.obj
                0x0800124c                DebugMon_Handler
 .text.PendSV_Handler
                0x0800124e        0x2 CMakeFiles/dreamLittleCarFixed-FW.elf.dir/Core/Src/stm32f1xx_it.c.obj
                0x0800124e                PendSV_Handler
 .text.SysTick_Handler
                0x08001250       0x44 CMakeFiles/dreamLittleCarFixed-FW.elf.dir/Core/Src/stm32f1xx_it.c.obj
                0x08001250                SysTick_Handler
 .text._getpid  0x08001294        0x4 CMakeFiles/dreamLittleCarFixed-FW.elf.dir/Core/Src/syscalls.c.obj
                0x08001294                _getpid
 .text._kill    0x08001298       0x10 CMakeFiles/dreamLittleCarFixed-FW.elf.dir/Core/Src/syscalls.c.obj
                0x08001298                _kill
 .text._exit    0x080012a8        0xc CMakeFiles/dreamLittleCarFixed-FW.elf.dir/Core/Src/syscalls.c.obj
                0x080012a8                _exit
 .text._read    0x080012b4       0x20 CMakeFiles/dreamLittleCarFixed-FW.elf.dir/Core/Src/syscalls.c.obj
                0x080012b4                _read
 .text._write   0x080012d4       0x1c CMakeFiles/dreamLittleCarFixed-FW.elf.dir/Core/Src/syscalls.c.obj
                0x080012d4                _write
 .text._sbrk    0x080012f0       0x3c CMakeFiles/dreamLittleCarFixed-FW.elf.dir/Core/Src/syscalls.c.obj
                0x080012f0                _sbrk
 .text._close   0x0800132c        0x6 CMakeFiles/dreamLittleCarFixed-FW.elf.dir/Core/Src/syscalls.c.obj
                0x0800132c                _close
 .text._fstat   0x08001332        0xa CMakeFiles/dreamLittleCarFixed-FW.elf.dir/Core/Src/syscalls.c.obj
                0x08001332                _fstat
 .text._isatty  0x0800133c        0x4 CMakeFiles/dreamLittleCarFixed-FW.elf.dir/Core/Src/syscalls.c.obj
                0x0800133c                _isatty
 .text._lseek   0x08001340        0x4 CMakeFiles/dreamLittleCarFixed-FW.elf.dir/Core/Src/syscalls.c.obj
                0x08001340                _lseek
 .text.SystemInit
                0x08001344        0x2 CMakeFiles/dreamLittleCarFixed-FW.elf.dir/Core/Src/system_stm32f1xx.c.obj
                0x08001344                SystemInit
 *fill*         0x08001346        0x2 
 .text.HAL_TIM_PWM_MspInit
                0x08001348       0x2c CMakeFiles/dreamLittleCarFixed-FW.elf.dir/Core/Src/tim.c.obj
                0x08001348                HAL_TIM_PWM_MspInit
 .text.HAL_TIM_MspPostInit
                0x08001374       0x50 CMakeFiles/dreamLittleCarFixed-FW.elf.dir/Core/Src/tim.c.obj
                0x08001374                HAL_TIM_MspPostInit
 .text.MX_TIM3_Init
                0x080013c4       0x98 CMakeFiles/dreamLittleCarFixed-FW.elf.dir/Core/Src/tim.c.obj
                0x080013c4                MX_TIM3_Init
 .text.MX_USART1_UART_Init
                0x0800145c       0x34 CMakeFiles/dreamLittleCarFixed-FW.elf.dir/Core/Src/usart.c.obj
                0x0800145c                MX_USART1_UART_Init
 .text.HAL_UART_MspInit
                0x08001490       0x78 CMakeFiles/dreamLittleCarFixed-FW.elf.dir/Core/Src/usart.c.obj
                0x08001490                HAL_UART_MspInit
 .text.HAL_InitTick
                0x08001508       0x4c CMakeFiles/dreamLittleCarFixed-FW.elf.dir/Drivers/STM32F1xx_HAL_Driver/Src/stm32f1xx_hal.c.obj
                0x08001508                HAL_InitTick
 .text.HAL_Init
                0x08001554       0x24 CMakeFiles/dreamLittleCarFixed-FW.elf.dir/Drivers/STM32F1xx_HAL_Driver/Src/stm32f1xx_hal.c.obj
                0x08001554                HAL_Init
 .text.HAL_IncTick
                0x08001578       0x18 CMakeFiles/dreamLittleCarFixed-FW.elf.dir/Drivers/STM32F1xx_HAL_Driver/Src/stm32f1xx_hal.c.obj
                0x08001578                HAL_IncTick
 .text.HAL_GetTick
                0x08001590        0xc CMakeFiles/dreamLittleCarFixed-FW.elf.dir/Drivers/STM32F1xx_HAL_Driver/Src/stm32f1xx_hal.c.obj
                0x08001590                HAL_GetTick
 .text.__NVIC_SetPriority
                0x0800159c       0x28 CMakeFiles/dreamLittleCarFixed-FW.elf.dir/Drivers/STM32F1xx_HAL_Driver/Src/stm32f1xx_hal_cortex.c.obj
 .text.NVIC_EncodePriority
                0x080015c4       0x3e CMakeFiles/dreamLittleCarFixed-FW.elf.dir/Drivers/STM32F1xx_HAL_Driver/Src/stm32f1xx_hal_cortex.c.obj
 *fill*         0x08001602        0x2 
 .text.HAL_NVIC_SetPriorityGrouping
                0x08001604       0x24 CMakeFiles/dreamLittleCarFixed-FW.elf.dir/Drivers/STM32F1xx_HAL_Driver/Src/stm32f1xx_hal_cortex.c.obj
                0x08001604                HAL_NVIC_SetPriorityGrouping
 .text.HAL_NVIC_SetPriority
                0x08001628       0x20 CMakeFiles/dreamLittleCarFixed-FW.elf.dir/Drivers/STM32F1xx_HAL_Driver/Src/stm32f1xx_hal_cortex.c.obj
                0x08001628                HAL_NVIC_SetPriority
 .text.HAL_SYSTICK_Config
                0x08001648       0x28 CMakeFiles/dreamLittleCarFixed-FW.elf.dir/Drivers/STM32F1xx_HAL_Driver/Src/stm32f1xx_hal_cortex.c.obj
                0x08001648                HAL_SYSTICK_Config
 .text.HAL_GPIO_Init
                0x08001670      0x21c CMakeFiles/dreamLittleCarFixed-FW.elf.dir/Drivers/STM32F1xx_HAL_Driver/Src/stm32f1xx_hal_gpio.c.obj
                0x08001670                HAL_GPIO_Init
 .text.HAL_GPIO_ReadPin
                0x0800188c        0xe CMakeFiles/dreamLittleCarFixed-FW.elf.dir/Drivers/STM32F1xx_HAL_Driver/Src/stm32f1xx_hal_gpio.c.obj
                0x0800188c                HAL_GPIO_ReadPin
 .text.HAL_GPIO_WritePin
                0x0800189a        0xc CMakeFiles/dreamLittleCarFixed-FW.elf.dir/Drivers/STM32F1xx_HAL_Driver/Src/stm32f1xx_hal_gpio.c.obj
                0x0800189a                HAL_GPIO_WritePin
 .text.HAL_GPIO_TogglePin
                0x080018a6       0x12 CMakeFiles/dreamLittleCarFixed-FW.elf.dir/Drivers/STM32F1xx_HAL_Driver/Src/stm32f1xx_hal_gpio.c.obj
                0x080018a6                HAL_GPIO_TogglePin
 .text.RCC_Delay
                0x080018b8       0x2c CMakeFiles/dreamLittleCarFixed-FW.elf.dir/Drivers/STM32F1xx_HAL_Driver/Src/stm32f1xx_hal_rcc.c.obj
 .text.HAL_RCC_OscConfig
                0x080018e4      0x410 CMakeFiles/dreamLittleCarFixed-FW.elf.dir/Drivers/STM32F1xx_HAL_Driver/Src/stm32f1xx_hal_rcc.c.obj
                0x080018e4                HAL_RCC_OscConfig
 .text.HAL_RCC_GetSysClockFreq
                0x08001cf4       0x60 CMakeFiles/dreamLittleCarFixed-FW.elf.dir/Drivers/STM32F1xx_HAL_Driver/Src/stm32f1xx_hal_rcc.c.obj
                0x08001cf4                HAL_RCC_GetSysClockFreq
 .text.HAL_RCC_ClockConfig
                0x08001d54      0x16c CMakeFiles/dreamLittleCarFixed-FW.elf.dir/Drivers/STM32F1xx_HAL_Driver/Src/stm32f1xx_hal_rcc.c.obj
                0x08001d54                HAL_RCC_ClockConfig
 .text.HAL_RCC_GetHCLKFreq
                0x08001ec0        0xc CMakeFiles/dreamLittleCarFixed-FW.elf.dir/Drivers/STM32F1xx_HAL_Driver/Src/stm32f1xx_hal_rcc.c.obj
                0x08001ec0                HAL_RCC_GetHCLKFreq
 .text.HAL_RCC_GetPCLK1Freq
                0x08001ecc       0x20 CMakeFiles/dreamLittleCarFixed-FW.elf.dir/Drivers/STM32F1xx_HAL_Driver/Src/stm32f1xx_hal_rcc.c.obj
                0x08001ecc                HAL_RCC_GetPCLK1Freq
 .text.HAL_RCC_GetPCLK2Freq
                0x08001eec       0x20 CMakeFiles/dreamLittleCarFixed-FW.elf.dir/Drivers/STM32F1xx_HAL_Driver/Src/stm32f1xx_hal_rcc.c.obj
                0x08001eec                HAL_RCC_GetPCLK2Freq
 .text.TIM_OC1_SetConfig
                0x08001f0c       0x54 CMakeFiles/dreamLittleCarFixed-FW.elf.dir/Drivers/STM32F1xx_HAL_Driver/Src/stm32f1xx_hal_tim.c.obj
 .text.TIM_OC3_SetConfig
                0x08001f60       0x5c CMakeFiles/dreamLittleCarFixed-FW.elf.dir/Drivers/STM32F1xx_HAL_Driver/Src/stm32f1xx_hal_tim.c.obj
 .text.TIM_OC4_SetConfig
                0x08001fbc       0x48 CMakeFiles/dreamLittleCarFixed-FW.elf.dir/Drivers/STM32F1xx_HAL_Driver/Src/stm32f1xx_hal_tim.c.obj
 .text.TIM_Base_SetConfig
                0x08002004       0x74 CMakeFiles/dreamLittleCarFixed-FW.elf.dir/Drivers/STM32F1xx_HAL_Driver/Src/stm32f1xx_hal_tim.c.obj
                0x08002004                TIM_Base_SetConfig
 .text.HAL_TIM_PWM_Init
                0x08002078       0x58 CMakeFiles/dreamLittleCarFixed-FW.elf.dir/Drivers/STM32F1xx_HAL_Driver/Src/stm32f1xx_hal_tim.c.obj
                0x08002078                HAL_TIM_PWM_Init
 .text.TIM_OC2_SetConfig
                0x080020d0       0x5c CMakeFiles/dreamLittleCarFixed-FW.elf.dir/Drivers/STM32F1xx_HAL_Driver/Src/stm32f1xx_hal_tim.c.obj
                0x080020d0                TIM_OC2_SetConfig
 .text.HAL_TIM_PWM_ConfigChannel
                0x0800212c       0xdc CMakeFiles/dreamLittleCarFixed-FW.elf.dir/Drivers/STM32F1xx_HAL_Driver/Src/stm32f1xx_hal_tim.c.obj
                0x0800212c                HAL_TIM_PWM_ConfigChannel
 .text.TIM_CCxChannelCmd
                0x08002208       0x1e CMakeFiles/dreamLittleCarFixed-FW.elf.dir/Drivers/STM32F1xx_HAL_Driver/Src/stm32f1xx_hal_tim.c.obj
                0x08002208                TIM_CCxChannelCmd
 *fill*         0x08002226        0x2 
 .text.HAL_TIM_PWM_Start
                0x08002228       0xdc CMakeFiles/dreamLittleCarFixed-FW.elf.dir/Drivers/STM32F1xx_HAL_Driver/Src/stm32f1xx_hal_tim.c.obj
                0x08002228                HAL_TIM_PWM_Start
 .text.HAL_TIMEx_MasterConfigSynchronization
                0x08002304       0x6c CMakeFiles/dreamLittleCarFixed-FW.elf.dir/Drivers/STM32F1xx_HAL_Driver/Src/stm32f1xx_hal_tim_ex.c.obj
                0x08002304                HAL_TIMEx_MasterConfigSynchronization
 .text.UART_SetConfig
                0x08002370       0x94 CMakeFiles/dreamLittleCarFixed-FW.elf.dir/Drivers/STM32F1xx_HAL_Driver/Src/stm32f1xx_hal_uart.c.obj
 .text.UART_WaitOnFlagUntilTimeout
                0x08002404       0x84 CMakeFiles/dreamLittleCarFixed-FW.elf.dir/Drivers/STM32F1xx_HAL_Driver/Src/stm32f1xx_hal_uart.c.obj
 .text.HAL_UART_Init
                0x08002488       0x60 CMakeFiles/dreamLittleCarFixed-FW.elf.dir/Drivers/STM32F1xx_HAL_Driver/Src/stm32f1xx_hal_uart.c.obj
                0x08002488                HAL_UART_Init
 .text.HAL_UART_Transmit
                0x080024e8       0xbe CMakeFiles/dreamLittleCarFixed-FW.elf.dir/Drivers/STM32F1xx_HAL_Driver/Src/stm32f1xx_hal_uart.c.obj
                0x080024e8                HAL_UART_Transmit
 .text.HAL_UART_Receive
                0x080025a6       0xca CMakeFiles/dreamLittleCarFixed-FW.elf.dir/Drivers/STM32F1xx_HAL_Driver/Src/stm32f1xx_hal_uart.c.obj
                0x080025a6                HAL_UART_Receive
 .text.Reset_Handler
                0x08002670       0x48 CMakeFiles/dreamLittleCarFixed-FW.elf.dir/startup/startup_stm32f103xb.s.obj
                0x08002670                Reset_Handler
 .text.Default_Handler
                0x080026b8        0x2 CMakeFiles/dreamLittleCarFixed-FW.elf.dir/startup/startup_stm32f103xb.s.obj
                0x080026b8                RTC_Alarm_IRQHandler
                0x080026b8                EXTI2_IRQHandler
                0x080026b8                TIM1_CC_IRQHandler
                0x080026b8                PVD_IRQHandler
                0x080026b8                EXTI3_IRQHandler
                0x080026b8                EXTI0_IRQHandler
                0x080026b8                I2C2_EV_IRQHandler
                0x080026b8                ADC1_2_IRQHandler
                0x080026b8                SPI1_IRQHandler
                0x080026b8                TAMPER_IRQHandler
                0x080026b8                DMA1_Channel4_IRQHandler
                0x080026b8                USART3_IRQHandler
                0x080026b8                RTC_IRQHandler
                0x080026b8                DMA1_Channel7_IRQHandler
                0x080026b8                CAN1_RX1_IRQHandler
                0x080026b8                TIM4_IRQHandler
                0x080026b8                I2C1_EV_IRQHandler
                0x080026b8                DMA1_Channel6_IRQHandler
                0x080026b8                TIM3_IRQHandler
                0x080026b8                RCC_IRQHandler
                0x080026b8                TIM1_TRG_COM_IRQHandler
                0x080026b8                DMA1_Channel1_IRQHandler
                0x080026b8                Default_Handler
                0x080026b8                EXTI15_10_IRQHandler
                0x080026b8                EXTI9_5_IRQHandler
                0x080026b8                SPI2_IRQHandler
                0x080026b8                DMA1_Channel5_IRQHandler
                0x080026b8                EXTI4_IRQHandler
                0x080026b8                USB_LP_CAN1_RX0_IRQHandler
                0x080026b8                USB_HP_CAN1_TX_IRQHandler
                0x080026b8                DMA1_Channel3_IRQHandler
                0x080026b8                TIM1_UP_IRQHandler
                0x080026b8                WWDG_IRQHandler
                0x080026b8                TIM2_IRQHandler
                0x080026b8                TIM1_BRK_IRQHandler
                0x080026b8                EXTI1_IRQHandler
                0x080026b8                USART2_IRQHandler
                0x080026b8                I2C2_ER_IRQHandler
                0x080026b8                DMA1_Channel2_IRQHandler
                0x080026b8                CAN1_SCE_IRQHandler
                0x080026b8                FLASH_IRQHandler
                0x080026b8                USART1_IRQHandler
                0x080026b8                I2C1_ER_IRQHandler
                0x080026b8                USBWakeUp_IRQHandler
 *fill*         0x080026ba        0x2 
 .text.stdio_exit_handler
                0x080026bc       0x18 d:/stm32cubetoolchains/arm-gnu-toolchain-12.2.rel1-mingw-w64-i686-arm-none-eabi/bin/../lib/gcc/arm-none-eabi/12.2.1/thumb/v7-m/nofp\libg.a(libc_a-findfp.o)
 .text.cleanup_stdio
                0x080026d4       0x40 d:/stm32cubetoolchains/arm-gnu-toolchain-12.2.rel1-mingw-w64-i686-arm-none-eabi/bin/../lib/gcc/arm-none-eabi/12.2.1/thumb/v7-m/nofp\libg.a(libc_a-findfp.o)
 .text.global_stdio_init.part.0
                0x08002714       0xf0 d:/stm32cubetoolchains/arm-gnu-toolchain-12.2.rel1-mingw-w64-i686-arm-none-eabi/bin/../lib/gcc/arm-none-eabi/12.2.1/thumb/v7-m/nofp\libg.a(libc_a-findfp.o)
 .text.__sinit  0x08002804       0x3c d:/stm32cubetoolchains/arm-gnu-toolchain-12.2.rel1-mingw-w64-i686-arm-none-eabi/bin/../lib/gcc/arm-none-eabi/12.2.1/thumb/v7-m/nofp\libg.a(libc_a-findfp.o)
                0x08002804                __sinit
 .text.__sfp_lock_acquire
                0x08002840        0xc d:/stm32cubetoolchains/arm-gnu-toolchain-12.2.rel1-mingw-w64-i686-arm-none-eabi/bin/../lib/gcc/arm-none-eabi/12.2.1/thumb/v7-m/nofp\libg.a(libc_a-findfp.o)
                0x08002840                __sfp_lock_acquire
 .text.__sfp_lock_release
                0x0800284c        0xc d:/stm32cubetoolchains/arm-gnu-toolchain-12.2.rel1-mingw-w64-i686-arm-none-eabi/bin/../lib/gcc/arm-none-eabi/12.2.1/thumb/v7-m/nofp\libg.a(libc_a-findfp.o)
                0x0800284c                __sfp_lock_release
 .text._fwalk_sglue
                0x08002858       0x44 d:/stm32cubetoolchains/arm-gnu-toolchain-12.2.rel1-mingw-w64-i686-arm-none-eabi/bin/../lib/gcc/arm-none-eabi/12.2.1/thumb/v7-m/nofp\libg.a(libc_a-fwalk.o)
                0x08002858                _fwalk_sglue
 .text.sprintf  0x0800289c       0x44 d:/stm32cubetoolchains/arm-gnu-toolchain-12.2.rel1-mingw-w64-i686-arm-none-eabi/bin/../lib/gcc/arm-none-eabi/12.2.1/thumb/v7-m/nofp\libg.a(libc_a-sprintf.o)
                0x0800289c                sprintf
 .text.__sread  0x080028e0       0x24 d:/stm32cubetoolchains/arm-gnu-toolchain-12.2.rel1-mingw-w64-i686-arm-none-eabi/bin/../lib/gcc/arm-none-eabi/12.2.1/thumb/v7-m/nofp\libg.a(libc_a-stdio.o)
                0x080028e0                __sread
 .text.__swrite
                0x08002904       0x40 d:/stm32cubetoolchains/arm-gnu-toolchain-12.2.rel1-mingw-w64-i686-arm-none-eabi/bin/../lib/gcc/arm-none-eabi/12.2.1/thumb/v7-m/nofp\libg.a(libc_a-stdio.o)
                0x08002904                __swrite
 .text.__sseek  0x08002944       0x24 d:/stm32cubetoolchains/arm-gnu-toolchain-12.2.rel1-mingw-w64-i686-arm-none-eabi/bin/../lib/gcc/arm-none-eabi/12.2.1/thumb/v7-m/nofp\libg.a(libc_a-stdio.o)
                0x08002944                __sseek
 .text.__sclose
                0x08002968        0x8 d:/stm32cubetoolchains/arm-gnu-toolchain-12.2.rel1-mingw-w64-i686-arm-none-eabi/bin/../lib/gcc/arm-none-eabi/12.2.1/thumb/v7-m/nofp\libg.a(libc_a-stdio.o)
                0x08002968                __sclose
 .text.memset   0x08002970       0xa0 d:/stm32cubetoolchains/arm-gnu-toolchain-12.2.rel1-mingw-w64-i686-arm-none-eabi/bin/../lib/gcc/arm-none-eabi/12.2.1/thumb/v7-m/nofp\libg.a(libc_a-memset.o)
                0x08002970                memset
 .text._close_r
                0x08002a10       0x24 d:/stm32cubetoolchains/arm-gnu-toolchain-12.2.rel1-mingw-w64-i686-arm-none-eabi/bin/../lib/gcc/arm-none-eabi/12.2.1/thumb/v7-m/nofp\libg.a(libc_a-closer.o)
                0x08002a10                _close_r
 .text._lseek_r
                0x08002a34       0x2c d:/stm32cubetoolchains/arm-gnu-toolchain-12.2.rel1-mingw-w64-i686-arm-none-eabi/bin/../lib/gcc/arm-none-eabi/12.2.1/thumb/v7-m/nofp\libg.a(libc_a-lseekr.o)
                0x08002a34                _lseek_r
 .text._read_r  0x08002a60       0x2c d:/stm32cubetoolchains/arm-gnu-toolchain-12.2.rel1-mingw-w64-i686-arm-none-eabi/bin/../lib/gcc/arm-none-eabi/12.2.1/thumb/v7-m/nofp\libg.a(libc_a-readr.o)
                0x08002a60                _read_r
 .text._write_r
                0x08002a8c       0x2c d:/stm32cubetoolchains/arm-gnu-toolchain-12.2.rel1-mingw-w64-i686-arm-none-eabi/bin/../lib/gcc/arm-none-eabi/12.2.1/thumb/v7-m/nofp\libg.a(libc_a-writer.o)
                0x08002a8c                _write_r
 .text.__errno  0x08002ab8        0xc d:/stm32cubetoolchains/arm-gnu-toolchain-12.2.rel1-mingw-w64-i686-arm-none-eabi/bin/../lib/gcc/arm-none-eabi/12.2.1/thumb/v7-m/nofp\libg.a(libc_a-errno.o)
                0x08002ab8                __errno
 .text.__libc_init_array
                0x08002ac4       0x50 d:/stm32cubetoolchains/arm-gnu-toolchain-12.2.rel1-mingw-w64-i686-arm-none-eabi/bin/../lib/gcc/arm-none-eabi/12.2.1/thumb/v7-m/nofp\libg.a(libc_a-init.o)
                0x08002ac4                __libc_init_array
 .text.__retarget_lock_init_recursive
                0x08002b14        0x4 d:/stm32cubetoolchains/arm-gnu-toolchain-12.2.rel1-mingw-w64-i686-arm-none-eabi/bin/../lib/gcc/arm-none-eabi/12.2.1/thumb/v7-m/nofp\libg.a(libc_a-lock.o)
                0x08002b14                __retarget_lock_init_recursive
 .text.__retarget_lock_close_recursive
                0x08002b18        0x4 d:/stm32cubetoolchains/arm-gnu-toolchain-12.2.rel1-mingw-w64-i686-arm-none-eabi/bin/../lib/gcc/arm-none-eabi/12.2.1/thumb/v7-m/nofp\libg.a(libc_a-lock.o)
                0x08002b18                __retarget_lock_close_recursive
 .text.__retarget_lock_acquire_recursive
                0x08002b1c        0x4 d:/stm32cubetoolchains/arm-gnu-toolchain-12.2.rel1-mingw-w64-i686-arm-none-eabi/bin/../lib/gcc/arm-none-eabi/12.2.1/thumb/v7-m/nofp\libg.a(libc_a-lock.o)
                0x08002b1c                __retarget_lock_acquire_recursive
 .text.__retarget_lock_release_recursive
                0x08002b20        0x4 d:/stm32cubetoolchains/arm-gnu-toolchain-12.2.rel1-mingw-w64-i686-arm-none-eabi/bin/../lib/gcc/arm-none-eabi/12.2.1/thumb/v7-m/nofp\libg.a(libc_a-lock.o)
                0x08002b20                __retarget_lock_release_recursive
 .text.startup.register_fini
                0x08002b24       0x14 d:/stm32cubetoolchains/arm-gnu-toolchain-12.2.rel1-mingw-w64-i686-arm-none-eabi/bin/../lib/gcc/arm-none-eabi/12.2.1/thumb/v7-m/nofp\libg.a(libc_a-__call_atexit.o)
 .text.atexit   0x08002b38        0xc d:/stm32cubetoolchains/arm-gnu-toolchain-12.2.rel1-mingw-w64-i686-arm-none-eabi/bin/../lib/gcc/arm-none-eabi/12.2.1/thumb/v7-m/nofp\libg.a(libc_a-atexit.o)
                0x08002b38                atexit
 .text._malloc_trim_r
                0x08002b44       0xb8 d:/stm32cubetoolchains/arm-gnu-toolchain-12.2.rel1-mingw-w64-i686-arm-none-eabi/bin/../lib/gcc/arm-none-eabi/12.2.1/thumb/v7-m/nofp\libg.a(libc_a-freer.o)
                0x08002b44                _malloc_trim_r
 .text._free_r  0x08002bfc      0x1f8 d:/stm32cubetoolchains/arm-gnu-toolchain-12.2.rel1-mingw-w64-i686-arm-none-eabi/bin/../lib/gcc/arm-none-eabi/12.2.1/thumb/v7-m/nofp\libg.a(libc_a-freer.o)
                0x08002bfc                _free_r
 .text._malloc_r
                0x08002df4      0x568 d:/stm32cubetoolchains/arm-gnu-toolchain-12.2.rel1-mingw-w64-i686-arm-none-eabi/bin/../lib/gcc/arm-none-eabi/12.2.1/thumb/v7-m/nofp\libg.a(libc_a-mallocr.o)
                0x08002df4                _malloc_r
 .text.__malloc_lock
                0x0800335c        0xc d:/stm32cubetoolchains/arm-gnu-toolchain-12.2.rel1-mingw-w64-i686-arm-none-eabi/bin/../lib/gcc/arm-none-eabi/12.2.1/thumb/v7-m/nofp\libg.a(libc_a-mlock.o)
                0x0800335c                __malloc_lock
 .text.__malloc_unlock
                0x08003368        0xc d:/stm32cubetoolchains/arm-gnu-toolchain-12.2.rel1-mingw-w64-i686-arm-none-eabi/bin/../lib/gcc/arm-none-eabi/12.2.1/thumb/v7-m/nofp\libg.a(libc_a-mlock.o)
                0x08003368                __malloc_unlock
 .text._svfprintf_r
                0x08003374     0x1c94 d:/stm32cubetoolchains/arm-gnu-toolchain-12.2.rel1-mingw-w64-i686-arm-none-eabi/bin/../lib/gcc/arm-none-eabi/12.2.1/thumb/v7-m/nofp\libg.a(libc_a-svfprintf.o)
                0x08003374                _svfprintf_r
 .text._fclose_r
                0x08005008       0xc4 d:/stm32cubetoolchains/arm-gnu-toolchain-12.2.rel1-mingw-w64-i686-arm-none-eabi/bin/../lib/gcc/arm-none-eabi/12.2.1/thumb/v7-m/nofp\libg.a(libc_a-fclose.o)
                0x08005008                _fclose_r
 .text.__sflush_r
                0x080050cc      0x128 d:/stm32cubetoolchains/arm-gnu-toolchain-12.2.rel1-mingw-w64-i686-arm-none-eabi/bin/../lib/gcc/arm-none-eabi/12.2.1/thumb/v7-m/nofp\libg.a(libc_a-fflush.o)
                0x080050cc                __sflush_r
 .text._fflush_r
                0x080051f4       0x54 d:/stm32cubetoolchains/arm-gnu-toolchain-12.2.rel1-mingw-w64-i686-arm-none-eabi/bin/../lib/gcc/arm-none-eabi/12.2.1/thumb/v7-m/nofp\libg.a(libc_a-fflush.o)
                0x080051f4                _fflush_r
 .text.strncpy  0x08005248       0x6c d:/stm32cubetoolchains/arm-gnu-toolchain-12.2.rel1-mingw-w64-i686-arm-none-eabi/bin/../lib/gcc/arm-none-eabi/12.2.1/thumb/v7-m/nofp\libg.a(libc_a-strncpy.o)
                0x08005248                strncpy
 .text.__locale_mb_cur_max
                0x080052b4        0xc d:/stm32cubetoolchains/arm-gnu-toolchain-12.2.rel1-mingw-w64-i686-arm-none-eabi/bin/../lib/gcc/arm-none-eabi/12.2.1/thumb/v7-m/nofp\libg.a(libc_a-locale.o)
                0x080052b4                __locale_mb_cur_max
 .text._localeconv_r
                0x080052c0        0x8 d:/stm32cubetoolchains/arm-gnu-toolchain-12.2.rel1-mingw-w64-i686-arm-none-eabi/bin/../lib/gcc/arm-none-eabi/12.2.1/thumb/v7-m/nofp\libg.a(libc_a-localeconv.o)
                0x080052c0                _localeconv_r
 .text._sbrk_r  0x080052c8       0x24 d:/stm32cubetoolchains/arm-gnu-toolchain-12.2.rel1-mingw-w64-i686-arm-none-eabi/bin/../lib/gcc/arm-none-eabi/12.2.1/thumb/v7-m/nofp\libg.a(libc_a-sbrkr.o)
                0x080052c8                _sbrk_r
 .text.__libc_fini_array
                0x080052ec       0x28 d:/stm32cubetoolchains/arm-gnu-toolchain-12.2.rel1-mingw-w64-i686-arm-none-eabi/bin/../lib/gcc/arm-none-eabi/12.2.1/thumb/v7-m/nofp\libg.a(libc_a-fini.o)
                0x080052ec                __libc_fini_array
 .text.sysconf  0x08005314       0x1c d:/stm32cubetoolchains/arm-gnu-toolchain-12.2.rel1-mingw-w64-i686-arm-none-eabi/bin/../lib/gcc/arm-none-eabi/12.2.1/thumb/v7-m/nofp\libg.a(libc_a-sysconf.o)
                0x08005314                sysconf
 .text.memchr   0x08005330       0x98 d:/stm32cubetoolchains/arm-gnu-toolchain-12.2.rel1-mingw-w64-i686-arm-none-eabi/bin/../lib/gcc/arm-none-eabi/12.2.1/thumb/v7-m/nofp\libg.a(libc_a-memchr-stub.o)
                0x08005330                memchr
 .text.strlen   0x080053c8       0x5c d:/stm32cubetoolchains/arm-gnu-toolchain-12.2.rel1-mingw-w64-i686-arm-none-eabi/bin/../lib/gcc/arm-none-eabi/12.2.1/thumb/v7-m/nofp\libg.a(libc_a-strlen-stub.o)
                0x080053c8                strlen
 .text.frexp    0x08005424       0x70 d:/stm32cubetoolchains/arm-gnu-toolchain-12.2.rel1-mingw-w64-i686-arm-none-eabi/bin/../lib/gcc/arm-none-eabi/12.2.1/thumb/v7-m/nofp\libg.a(libm_a-s_frexp.o)
                0x08005424                frexp
 .text.__register_exitproc
                0x08005494       0x88 d:/stm32cubetoolchains/arm-gnu-toolchain-12.2.rel1-mingw-w64-i686-arm-none-eabi/bin/../lib/gcc/arm-none-eabi/12.2.1/thumb/v7-m/nofp\libg.a(libc_a-__atexit.o)
                0x08005494                __register_exitproc
 .text.quorem   0x0800551c      0x13c d:/stm32cubetoolchains/arm-gnu-toolchain-12.2.rel1-mingw-w64-i686-arm-none-eabi/bin/../lib/gcc/arm-none-eabi/12.2.1/thumb/v7-m/nofp\libg.a(libc_a-dtoa.o)
 .text._dtoa_r  0x08005658      0xed0 d:/stm32cubetoolchains/arm-gnu-toolchain-12.2.rel1-mingw-w64-i686-arm-none-eabi/bin/../lib/gcc/arm-none-eabi/12.2.1/thumb/v7-m/nofp\libg.a(libc_a-dtoa.o)
                0x08005658                _dtoa_r
 .text.__ascii_mbtowc
                0x08006528       0x2c d:/stm32cubetoolchains/arm-gnu-toolchain-12.2.rel1-mingw-w64-i686-arm-none-eabi/bin/../lib/gcc/arm-none-eabi/12.2.1/thumb/v7-m/nofp\libg.a(libc_a-mbtowc_r.o)
                0x08006528                __ascii_mbtowc
 .text._Balloc  0x08006554       0x4c d:/stm32cubetoolchains/arm-gnu-toolchain-12.2.rel1-mingw-w64-i686-arm-none-eabi/bin/../lib/gcc/arm-none-eabi/12.2.1/thumb/v7-m/nofp\libg.a(libc_a-mprec.o)
                0x08006554                _Balloc
 .text._Bfree   0x080065a0       0x14 d:/stm32cubetoolchains/arm-gnu-toolchain-12.2.rel1-mingw-w64-i686-arm-none-eabi/bin/../lib/gcc/arm-none-eabi/12.2.1/thumb/v7-m/nofp\libg.a(libc_a-mprec.o)
                0x080065a0                _Bfree
 .text.__multadd
                0x080065b4       0xa4 d:/stm32cubetoolchains/arm-gnu-toolchain-12.2.rel1-mingw-w64-i686-arm-none-eabi/bin/../lib/gcc/arm-none-eabi/12.2.1/thumb/v7-m/nofp\libg.a(libc_a-mprec.o)
                0x080065b4                __multadd
 .text.__hi0bits
                0x08006658       0x44 d:/stm32cubetoolchains/arm-gnu-toolchain-12.2.rel1-mingw-w64-i686-arm-none-eabi/bin/../lib/gcc/arm-none-eabi/12.2.1/thumb/v7-m/nofp\libg.a(libc_a-mprec.o)
                0x08006658                __hi0bits
 .text.__lo0bits
                0x0800669c       0x5c d:/stm32cubetoolchains/arm-gnu-toolchain-12.2.rel1-mingw-w64-i686-arm-none-eabi/bin/../lib/gcc/arm-none-eabi/12.2.1/thumb/v7-m/nofp\libg.a(libc_a-mprec.o)
                0x0800669c                __lo0bits
 .text.__i2b    0x080066f8       0x5c d:/stm32cubetoolchains/arm-gnu-toolchain-12.2.rel1-mingw-w64-i686-arm-none-eabi/bin/../lib/gcc/arm-none-eabi/12.2.1/thumb/v7-m/nofp\libg.a(libc_a-mprec.o)
                0x080066f8                __i2b
 .text.__multiply
                0x08006754      0x164 d:/stm32cubetoolchains/arm-gnu-toolchain-12.2.rel1-mingw-w64-i686-arm-none-eabi/bin/../lib/gcc/arm-none-eabi/12.2.1/thumb/v7-m/nofp\libg.a(libc_a-mprec.o)
                0x08006754                __multiply
 .text.__pow5mult
                0x080068b8       0xb4 d:/stm32cubetoolchains/arm-gnu-toolchain-12.2.rel1-mingw-w64-i686-arm-none-eabi/bin/../lib/gcc/arm-none-eabi/12.2.1/thumb/v7-m/nofp\libg.a(libc_a-mprec.o)
                0x080068b8                __pow5mult
 .text.__lshift
                0x0800696c       0xec d:/stm32cubetoolchains/arm-gnu-toolchain-12.2.rel1-mingw-w64-i686-arm-none-eabi/bin/../lib/gcc/arm-none-eabi/12.2.1/thumb/v7-m/nofp\libg.a(libc_a-mprec.o)
                0x0800696c                __lshift
 .text.__mcmp   0x08006a58       0x40 d:/stm32cubetoolchains/arm-gnu-toolchain-12.2.rel1-mingw-w64-i686-arm-none-eabi/bin/../lib/gcc/arm-none-eabi/12.2.1/thumb/v7-m/nofp\libg.a(libc_a-mprec.o)
                0x08006a58                __mcmp
 .text.__mdiff  0x08006a98      0x160 d:/stm32cubetoolchains/arm-gnu-toolchain-12.2.rel1-mingw-w64-i686-arm-none-eabi/bin/../lib/gcc/arm-none-eabi/12.2.1/thumb/v7-m/nofp\libg.a(libc_a-mprec.o)
                0x08006a98                __mdiff
 .text.__d2b    0x08006bf8       0xbc d:/stm32cubetoolchains/arm-gnu-toolchain-12.2.rel1-mingw-w64-i686-arm-none-eabi/bin/../lib/gcc/arm-none-eabi/12.2.1/thumb/v7-m/nofp\libg.a(libc_a-mprec.o)
                0x08006bf8                __d2b
 .text.__ascii_wctomb
                0x08006cb4       0x1c d:/stm32cubetoolchains/arm-gnu-toolchain-12.2.rel1-mingw-w64-i686-arm-none-eabi/bin/../lib/gcc/arm-none-eabi/12.2.1/thumb/v7-m/nofp\libg.a(libc_a-wctomb_r.o)
                0x08006cb4                __ascii_wctomb
 .text._wcrtomb_r
                0x08006cd0       0x4c d:/stm32cubetoolchains/arm-gnu-toolchain-12.2.rel1-mingw-w64-i686-arm-none-eabi/bin/../lib/gcc/arm-none-eabi/12.2.1/thumb/v7-m/nofp\libg.a(libc_a-wcrtomb.o)
                0x08006cd0                _wcrtomb_r
 .text._wcsrtombs_r
                0x08006d1c       0x18 d:/stm32cubetoolchains/arm-gnu-toolchain-12.2.rel1-mingw-w64-i686-arm-none-eabi/bin/../lib/gcc/arm-none-eabi/12.2.1/thumb/v7-m/nofp\libg.a(libc_a-wcsrtombs.o)
                0x08006d1c                _wcsrtombs_r
 .text.__ssprint_r
                0x08006d34      0x100 d:/stm32cubetoolchains/arm-gnu-toolchain-12.2.rel1-mingw-w64-i686-arm-none-eabi/bin/../lib/gcc/arm-none-eabi/12.2.1/thumb/v7-m/nofp\libg.a(libc_a-svfiprintf.o)
                0x08006d34                __ssprint_r
 .text.memmove  0x08006e34       0xfc d:/stm32cubetoolchains/arm-gnu-toolchain-12.2.rel1-mingw-w64-i686-arm-none-eabi/bin/../lib/gcc/arm-none-eabi/12.2.1/thumb/v7-m/nofp\libg.a(libc_a-memmove.o)
                0x08006e34                memmove
 .text.__assert_func
                0x08006f30       0x40 d:/stm32cubetoolchains/arm-gnu-toolchain-12.2.rel1-mingw-w64-i686-arm-none-eabi/bin/../lib/gcc/arm-none-eabi/12.2.1/thumb/v7-m/nofp\libg.a(libc_a-assert.o)
                0x08006f30                __assert_func
 .text._calloc_r
                0x08006f70       0x6c d:/stm32cubetoolchains/arm-gnu-toolchain-12.2.rel1-mingw-w64-i686-arm-none-eabi/bin/../lib/gcc/arm-none-eabi/12.2.1/thumb/v7-m/nofp\libg.a(libc_a-callocr.o)
                0x08006f70                _calloc_r
 .text._realloc_r
                0x08006fdc      0x358 d:/stm32cubetoolchains/arm-gnu-toolchain-12.2.rel1-mingw-w64-i686-arm-none-eabi/bin/../lib/gcc/arm-none-eabi/12.2.1/thumb/v7-m/nofp\libg.a(libc_a-reallocr.o)
                0x08006fdc                _realloc_r
 .text._wcsnrtombs_l
                0x08007334       0xec d:/stm32cubetoolchains/arm-gnu-toolchain-12.2.rel1-mingw-w64-i686-arm-none-eabi/bin/../lib/gcc/arm-none-eabi/12.2.1/thumb/v7-m/nofp\libg.a(libc_a-wcsnrtombs.o)
                0x08007334                _wcsnrtombs_l
 .text._wcsnrtombs_r
                0x08007420       0x24 d:/stm32cubetoolchains/arm-gnu-toolchain-12.2.rel1-mingw-w64-i686-arm-none-eabi/bin/../lib/gcc/arm-none-eabi/12.2.1/thumb/v7-m/nofp\libg.a(libc_a-wcsnrtombs.o)
                0x08007420                _wcsnrtombs_r
 .text.fiprintf
                0x08007444       0x28 d:/stm32cubetoolchains/arm-gnu-toolchain-12.2.rel1-mingw-w64-i686-arm-none-eabi/bin/../lib/gcc/arm-none-eabi/12.2.1/thumb/v7-m/nofp\libg.a(libc_a-fiprintf.o)
                0x08007444                fiprintf
 .text.__sprint_r.part.0
                0x0800746c       0x78 d:/stm32cubetoolchains/arm-gnu-toolchain-12.2.rel1-mingw-w64-i686-arm-none-eabi/bin/../lib/gcc/arm-none-eabi/12.2.1/thumb/v7-m/nofp\libg.a(libc_a-vfiprintf.o)
 .text._vfiprintf_r
                0x080074e4      0xffc d:/stm32cubetoolchains/arm-gnu-toolchain-12.2.rel1-mingw-w64-i686-arm-none-eabi/bin/../lib/gcc/arm-none-eabi/12.2.1/thumb/v7-m/nofp\libg.a(libc_a-vfiprintf.o)
                0x080074e4                _vfiprintf_r
 .text.__sbprintf
                0x080084e0       0x80 d:/stm32cubetoolchains/arm-gnu-toolchain-12.2.rel1-mingw-w64-i686-arm-none-eabi/bin/../lib/gcc/arm-none-eabi/12.2.1/thumb/v7-m/nofp\libg.a(libc_a-vfiprintf.o)
 .text.__sfvwrite_r
                0x08008560      0x2dc d:/stm32cubetoolchains/arm-gnu-toolchain-12.2.rel1-mingw-w64-i686-arm-none-eabi/bin/../lib/gcc/arm-none-eabi/12.2.1/thumb/v7-m/nofp\libg.a(libc_a-fvwrite.o)
                0x08008560                __sfvwrite_r
 .text.__swsetup_r
                0x0800883c       0xc0 d:/stm32cubetoolchains/arm-gnu-toolchain-12.2.rel1-mingw-w64-i686-arm-none-eabi/bin/../lib/gcc/arm-none-eabi/12.2.1/thumb/v7-m/nofp\libg.a(libc_a-wsetup.o)
                0x0800883c                __swsetup_r
 .text.__fputwc
                0x080088fc       0x7c d:/stm32cubetoolchains/arm-gnu-toolchain-12.2.rel1-mingw-w64-i686-arm-none-eabi/bin/../lib/gcc/arm-none-eabi/12.2.1/thumb/v7-m/nofp\libg.a(libc_a-fputwc.o)
                0x080088fc                __fputwc
 .text._fputwc_r
                0x08008978       0x64 d:/stm32cubetoolchains/arm-gnu-toolchain-12.2.rel1-mingw-w64-i686-arm-none-eabi/bin/../lib/gcc/arm-none-eabi/12.2.1/thumb/v7-m/nofp\libg.a(libc_a-fputwc.o)
                0x08008978                _fputwc_r
 .text.abort    0x080089dc       0x10 d:/stm32cubetoolchains/arm-gnu-toolchain-12.2.rel1-mingw-w64-i686-arm-none-eabi/bin/../lib/gcc/arm-none-eabi/12.2.1/thumb/v7-m/nofp\libg.a(libc_a-abort.o)
                0x080089dc                abort
 .text.__smakebuf_r
                0x080089ec       0xdc d:/stm32cubetoolchains/arm-gnu-toolchain-12.2.rel1-mingw-w64-i686-arm-none-eabi/bin/../lib/gcc/arm-none-eabi/12.2.1/thumb/v7-m/nofp\libg.a(libc_a-makebuf.o)
                0x080089ec                __smakebuf_r
 .text.__swbuf_r
                0x08008ac8       0xac d:/stm32cubetoolchains/arm-gnu-toolchain-12.2.rel1-mingw-w64-i686-arm-none-eabi/bin/../lib/gcc/arm-none-eabi/12.2.1/thumb/v7-m/nofp\libg.a(libc_a-wbuf.o)
                0x08008ac8                __swbuf_r
 .text.raise    0x08008b74       0x58 d:/stm32cubetoolchains/arm-gnu-toolchain-12.2.rel1-mingw-w64-i686-arm-none-eabi/bin/../lib/gcc/arm-none-eabi/12.2.1/thumb/v7-m/nofp\libg.a(libc_a-signal.o)
                0x08008b74                raise
 .text._fstat_r
                0x08008bcc       0x28 d:/stm32cubetoolchains/arm-gnu-toolchain-12.2.rel1-mingw-w64-i686-arm-none-eabi/bin/../lib/gcc/arm-none-eabi/12.2.1/thumb/v7-m/nofp\libg.a(libc_a-fstatr.o)
                0x08008bcc                _fstat_r
 .text._isatty_r
                0x08008bf4       0x24 d:/stm32cubetoolchains/arm-gnu-toolchain-12.2.rel1-mingw-w64-i686-arm-none-eabi/bin/../lib/gcc/arm-none-eabi/12.2.1/thumb/v7-m/nofp\libg.a(libc_a-isattyr.o)
                0x08008bf4                _isatty_r
 .text._kill_r  0x08008c18       0x28 d:/stm32cubetoolchains/arm-gnu-toolchain-12.2.rel1-mingw-w64-i686-arm-none-eabi/bin/../lib/gcc/arm-none-eabi/12.2.1/thumb/v7-m/nofp\libg.a(libc_a-signalr.o)
                0x08008c18                _kill_r
 .text._getpid_r
                0x08008c40        0x4 d:/stm32cubetoolchains/arm-gnu-toolchain-12.2.rel1-mingw-w64-i686-arm-none-eabi/bin/../lib/gcc/arm-none-eabi/12.2.1/thumb/v7-m/nofp\libg.a(libc_a-signalr.o)
                0x08008c40                _getpid_r
 *(.glue_7)
 .glue_7        0x08008c44        0x0 linker stubs
 *(.glue_7t)
 .glue_7t       0x08008c44        0x0 linker stubs
 *(.eh_frame)
 .eh_frame      0x08008c44        0x0 d:/stm32cubetoolchains/arm-gnu-toolchain-12.2.rel1-mingw-w64-i686-arm-none-eabi/bin/../lib/gcc/arm-none-eabi/12.2.1/thumb/v7-m/nofp/crtbegin.o
 *(.init)
 .init          0x08008c44        0x4 d:/stm32cubetoolchains/arm-gnu-toolchain-12.2.rel1-mingw-w64-i686-arm-none-eabi/bin/../lib/gcc/arm-none-eabi/12.2.1/thumb/v7-m/nofp/crti.o
                0x08008c44                _init
 .init          0x08008c48        0x8 d:/stm32cubetoolchains/arm-gnu-toolchain-12.2.rel1-mingw-w64-i686-arm-none-eabi/bin/../lib/gcc/arm-none-eabi/12.2.1/thumb/v7-m/nofp/crtn.o
 *(.fini)
 .fini          0x08008c50        0x4 d:/stm32cubetoolchains/arm-gnu-toolchain-12.2.rel1-mingw-w64-i686-arm-none-eabi/bin/../lib/gcc/arm-none-eabi/12.2.1/thumb/v7-m/nofp/crti.o
                0x08008c50                _fini
 .fini          0x08008c54        0x8 d:/stm32cubetoolchains/arm-gnu-toolchain-12.2.rel1-mingw-w64-i686-arm-none-eabi/bin/../lib/gcc/arm-none-eabi/12.2.1/thumb/v7-m/nofp/crtn.o
                0x08008c5c                . = ALIGN (0x4)
                0x08008c5c                _etext = .

.vfp11_veneer   0x08008c5c        0x0
 .vfp11_veneer  0x08008c5c        0x0 linker stubs

.v4_bx          0x08008c5c        0x0
 .v4_bx         0x08008c5c        0x0 linker stubs

.iplt           0x08008c5c        0x0
 .iplt          0x08008c5c        0x0 d:/stm32cubetoolchains/arm-gnu-toolchain-12.2.rel1-mingw-w64-i686-arm-none-eabi/bin/../lib/gcc/arm-none-eabi/12.2.1/thumb/v7-m/nofp/crtbegin.o

.rodata         0x08008c60      0x46c
                0x08008c60                . = ALIGN (0x4)
 *(.rodata)
 *(.rodata*)
 .rodata.littleCarMove.str1.4
                0x08008c60       0x19 CMakeFiles/dreamLittleCarFixed-FW.elf.dir/Core/Src/main.c.obj
 *fill*         0x08008c79        0x3 
 .rodata.main.str1.4
                0x08008c7c       0x3b CMakeFiles/dreamLittleCarFixed-FW.elf.dir/Core/Src/main.c.obj
 *fill*         0x08008cb7        0x1 
 .rodata.APBPrescTable
                0x08008cb8        0x8 CMakeFiles/dreamLittleCarFixed-FW.elf.dir/Core/Src/system_stm32f1xx.c.obj
                0x08008cb8                APBPrescTable
 .rodata.AHBPrescTable
                0x08008cc0       0x10 CMakeFiles/dreamLittleCarFixed-FW.elf.dir/Core/Src/system_stm32f1xx.c.obj
                0x08008cc0                AHBPrescTable
 .rodata.aPredivFactorTable.0
                0x08008cd0        0x2 CMakeFiles/dreamLittleCarFixed-FW.elf.dir/Drivers/STM32F1xx_HAL_Driver/Src/stm32f1xx_hal_rcc.c.obj
 *fill*         0x08008cd2        0x2 
 .rodata.aPLLMULFactorTable.1
                0x08008cd4       0x10 CMakeFiles/dreamLittleCarFixed-FW.elf.dir/Drivers/STM32F1xx_HAL_Driver/Src/stm32f1xx_hal_rcc.c.obj
 .rodata._svfprintf_r.str1.4
                0x08008ce4       0x42 d:/stm32cubetoolchains/arm-gnu-toolchain-12.2.rel1-mingw-w64-i686-arm-none-eabi/bin/../lib/gcc/arm-none-eabi/12.2.1/thumb/v7-m/nofp\libg.a(libc_a-svfprintf.o)
 *fill*         0x08008d26        0x2 
 .rodata.zeroes.0
                0x08008d28       0x10 d:/stm32cubetoolchains/arm-gnu-toolchain-12.2.rel1-mingw-w64-i686-arm-none-eabi/bin/../lib/gcc/arm-none-eabi/12.2.1/thumb/v7-m/nofp\libg.a(libc_a-svfprintf.o)
 .rodata.blanks.1
                0x08008d38       0x10 d:/stm32cubetoolchains/arm-gnu-toolchain-12.2.rel1-mingw-w64-i686-arm-none-eabi/bin/../lib/gcc/arm-none-eabi/12.2.1/thumb/v7-m/nofp\libg.a(libc_a-svfprintf.o)
 .rodata.str1.4
                0x08008d48       0x48 d:/stm32cubetoolchains/arm-gnu-toolchain-12.2.rel1-mingw-w64-i686-arm-none-eabi/bin/../lib/gcc/arm-none-eabi/12.2.1/thumb/v7-m/nofp\libg.a(libc_a-locale.o)
                                 0x4c (size before relaxing)
 .rodata._dtoa_r.str1.4
                0x08008d90       0x7d d:/stm32cubetoolchains/arm-gnu-toolchain-12.2.rel1-mingw-w64-i686-arm-none-eabi/bin/../lib/gcc/arm-none-eabi/12.2.1/thumb/v7-m/nofp\libg.a(libc_a-dtoa.o)
                                 0x81 (size before relaxing)
 *fill*         0x08008e0d        0x3 
 .rodata.__multadd.str1.4
                0x08008e10       0x5a d:/stm32cubetoolchains/arm-gnu-toolchain-12.2.rel1-mingw-w64-i686-arm-none-eabi/bin/../lib/gcc/arm-none-eabi/12.2.1/thumb/v7-m/nofp\libg.a(libc_a-mprec.o)
                                 0x6e (size before relaxing)
 *fill*         0x08008e6a        0x2 
 .rodata.p05.0  0x08008e6c        0xc d:/stm32cubetoolchains/arm-gnu-toolchain-12.2.rel1-mingw-w64-i686-arm-none-eabi/bin/../lib/gcc/arm-none-eabi/12.2.1/thumb/v7-m/nofp\libg.a(libc_a-mprec.o)
 .rodata.__mprec_bigtens
                0x08008e78       0x28 d:/stm32cubetoolchains/arm-gnu-toolchain-12.2.rel1-mingw-w64-i686-arm-none-eabi/bin/../lib/gcc/arm-none-eabi/12.2.1/thumb/v7-m/nofp\libg.a(libc_a-mprec.o)
                0x08008e78                __mprec_bigtens
 .rodata.__mprec_tens
                0x08008ea0       0xc8 d:/stm32cubetoolchains/arm-gnu-toolchain-12.2.rel1-mingw-w64-i686-arm-none-eabi/bin/../lib/gcc/arm-none-eabi/12.2.1/thumb/v7-m/nofp\libg.a(libc_a-mprec.o)
                0x08008ea0                __mprec_tens
 .rodata._ctype_
                0x08008f68      0x101 d:/stm32cubetoolchains/arm-gnu-toolchain-12.2.rel1-mingw-w64-i686-arm-none-eabi/bin/../lib/gcc/arm-none-eabi/12.2.1/thumb/v7-m/nofp\libg.a(libc_a-ctype_.o)
                0x08008f68                _ctype_
 *fill*         0x08009069        0x3 
 .rodata.__assert_func.str1.4
                0x0800906c       0x3f d:/stm32cubetoolchains/arm-gnu-toolchain-12.2.rel1-mingw-w64-i686-arm-none-eabi/bin/../lib/gcc/arm-none-eabi/12.2.1/thumb/v7-m/nofp\libg.a(libc_a-assert.o)
                                 0x43 (size before relaxing)
 .rodata._vfiprintf_r.str1.4
                0x080090ab       0x2f d:/stm32cubetoolchains/arm-gnu-toolchain-12.2.rel1-mingw-w64-i686-arm-none-eabi/bin/../lib/gcc/arm-none-eabi/12.2.1/thumb/v7-m/nofp\libg.a(libc_a-vfiprintf.o)
 *fill*         0x080090ab        0x1 
 .rodata.zeroes.0
                0x080090ac       0x10 d:/stm32cubetoolchains/arm-gnu-toolchain-12.2.rel1-mingw-w64-i686-arm-none-eabi/bin/../lib/gcc/arm-none-eabi/12.2.1/thumb/v7-m/nofp\libg.a(libc_a-vfiprintf.o)
 .rodata.blanks.1
                0x080090bc       0x10 d:/stm32cubetoolchains/arm-gnu-toolchain-12.2.rel1-mingw-w64-i686-arm-none-eabi/bin/../lib/gcc/arm-none-eabi/12.2.1/thumb/v7-m/nofp\libg.a(libc_a-vfiprintf.o)
                0x080090cc                . = ALIGN (0x4)

.rel.dyn        0x080090cc        0x0
 .rel.iplt      0x080090cc        0x0 d:/stm32cubetoolchains/arm-gnu-toolchain-12.2.rel1-mingw-w64-i686-arm-none-eabi/bin/../lib/gcc/arm-none-eabi/12.2.1/thumb/v7-m/nofp/crtbegin.o

.ARM.extab
 *(.ARM.extab* .gnu.linkonce.armextab.*)

.ARM            0x080090cc        0x0
                0x080090cc                __exidx_start = .
 *(.ARM.exidx*)
                0x080090cc                __exidx_end = .

.preinit_array  0x080090cc        0x0
                0x080090cc                PROVIDE (__preinit_array_start = .)
 *(.preinit_array*)
                0x080090cc                PROVIDE (__preinit_array_end = .)

.init_array     0x080090cc        0x8
                0x080090cc                PROVIDE (__init_array_start = .)
 *(SORT_BY_NAME(.init_array.*))
 .init_array.00000
                0x080090cc        0x4 d:/stm32cubetoolchains/arm-gnu-toolchain-12.2.rel1-mingw-w64-i686-arm-none-eabi/bin/../lib/gcc/arm-none-eabi/12.2.1/thumb/v7-m/nofp\libg.a(libc_a-__call_atexit.o)
 *(.init_array*)
 .init_array    0x080090d0        0x4 d:/stm32cubetoolchains/arm-gnu-toolchain-12.2.rel1-mingw-w64-i686-arm-none-eabi/bin/../lib/gcc/arm-none-eabi/12.2.1/thumb/v7-m/nofp/crtbegin.o
                0x080090d4                PROVIDE (__init_array_end = .)

.fini_array     0x080090d4        0x4
                0x080090d4                PROVIDE (__fini_array_start = .)
 *(SORT_BY_NAME(.fini_array.*))
 *(.fini_array*)
 .fini_array    0x080090d4        0x4 d:/stm32cubetoolchains/arm-gnu-toolchain-12.2.rel1-mingw-w64-i686-arm-none-eabi/bin/../lib/gcc/arm-none-eabi/12.2.1/thumb/v7-m/nofp/crtbegin.o
                0x080090d8                PROVIDE (__fini_array_end = .)
                0x080090d8                _sidata = LOADADDR (.data)

.data           0x20000000      0x6c4 load address 0x080090d8
                0x20000000                . = ALIGN (0x4)
                0x20000000                _sdata = .
 *(.data)
 *(.data*)
 .data.pwmVal   0x20000000        0x2 CMakeFiles/dreamLittleCarFixed-FW.elf.dir/Core/Src/main.c.obj
                0x20000000                pwmVal
 *fill*         0x20000002        0x2 
 .data.SystemCoreClock
                0x20000004        0x4 CMakeFiles/dreamLittleCarFixed-FW.elf.dir/Core/Src/system_stm32f1xx.c.obj
                0x20000004                SystemCoreClock
 .data.uwTickFreq
                0x20000008        0x1 CMakeFiles/dreamLittleCarFixed-FW.elf.dir/Drivers/STM32F1xx_HAL_Driver/Src/stm32f1xx_hal.c.obj
                0x20000008                uwTickFreq
 *fill*         0x20000009        0x3 
 .data.uwTickPrio
                0x2000000c        0x4 CMakeFiles/dreamLittleCarFixed-FW.elf.dir/Drivers/STM32F1xx_HAL_Driver/Src/stm32f1xx_hal.c.obj
                0x2000000c                uwTickPrio
 .data.__sglue  0x20000010        0xc d:/stm32cubetoolchains/arm-gnu-toolchain-12.2.rel1-mingw-w64-i686-arm-none-eabi/bin/../lib/gcc/arm-none-eabi/12.2.1/thumb/v7-m/nofp\libg.a(libc_a-findfp.o)
                0x20000010                __sglue
 .data._impure_ptr
                0x2000001c        0x4 d:/stm32cubetoolchains/arm-gnu-toolchain-12.2.rel1-mingw-w64-i686-arm-none-eabi/bin/../lib/gcc/arm-none-eabi/12.2.1/thumb/v7-m/nofp\libg.a(libc_a-impure.o)
                0x2000001c                _impure_ptr
 .data._impure_data
                0x20000020      0x120 d:/stm32cubetoolchains/arm-gnu-toolchain-12.2.rel1-mingw-w64-i686-arm-none-eabi/bin/../lib/gcc/arm-none-eabi/12.2.1/thumb/v7-m/nofp\libg.a(libc_a-impure.o)
                0x20000020                _impure_data
 .data.__atexit_recursive_mutex
                0x20000140        0x4 d:/stm32cubetoolchains/arm-gnu-toolchain-12.2.rel1-mingw-w64-i686-arm-none-eabi/bin/../lib/gcc/arm-none-eabi/12.2.1/thumb/v7-m/nofp\libg.a(libc_a-__call_atexit.o)
                0x20000140                __atexit_recursive_mutex
 .data.__malloc_sbrk_base
                0x20000144        0x4 d:/stm32cubetoolchains/arm-gnu-toolchain-12.2.rel1-mingw-w64-i686-arm-none-eabi/bin/../lib/gcc/arm-none-eabi/12.2.1/thumb/v7-m/nofp\libg.a(libc_a-mallocr.o)
                0x20000144                __malloc_sbrk_base
 .data.__malloc_trim_threshold
                0x20000148        0x4 d:/stm32cubetoolchains/arm-gnu-toolchain-12.2.rel1-mingw-w64-i686-arm-none-eabi/bin/../lib/gcc/arm-none-eabi/12.2.1/thumb/v7-m/nofp\libg.a(libc_a-mallocr.o)
                0x20000148                __malloc_trim_threshold
 *fill*         0x2000014c        0x4 
 .data.__malloc_av_
                0x20000150      0x408 d:/stm32cubetoolchains/arm-gnu-toolchain-12.2.rel1-mingw-w64-i686-arm-none-eabi/bin/../lib/gcc/arm-none-eabi/12.2.1/thumb/v7-m/nofp\libg.a(libc_a-mallocr.o)
                0x20000150                __malloc_av_
 .data.__global_locale
                0x20000558      0x16c d:/stm32cubetoolchains/arm-gnu-toolchain-12.2.rel1-mingw-w64-i686-arm-none-eabi/bin/../lib/gcc/arm-none-eabi/12.2.1/thumb/v7-m/nofp\libg.a(libc_a-locale.o)
                0x20000558                __global_locale
                0x200006c4                . = ALIGN (0x4)
                0x200006c4                _edata = .

.tm_clone_table
                0x200006c4        0x0 load address 0x0800979c
 .tm_clone_table
                0x200006c4        0x0 d:/stm32cubetoolchains/arm-gnu-toolchain-12.2.rel1-mingw-w64-i686-arm-none-eabi/bin/../lib/gcc/arm-none-eabi/12.2.1/thumb/v7-m/nofp/crtbegin.o
 .tm_clone_table
                0x200006c4        0x0 d:/stm32cubetoolchains/arm-gnu-toolchain-12.2.rel1-mingw-w64-i686-arm-none-eabi/bin/../lib/gcc/arm-none-eabi/12.2.1/thumb/v7-m/nofp/crtend.o

.igot.plt       0x200006c4        0x0 load address 0x0800979c
 .igot.plt      0x200006c4        0x0 d:/stm32cubetoolchains/arm-gnu-toolchain-12.2.rel1-mingw-w64-i686-arm-none-eabi/bin/../lib/gcc/arm-none-eabi/12.2.1/thumb/v7-m/nofp/crtbegin.o
                0x200006c4                . = ALIGN (0x4)

.bss            0x200006c4      0x3d0 load address 0x0800979c
                0x200006c4                _sbss = .
                0x200006c4                __bss_start__ = _sbss
 *(.bss)
 *(.bss*)
 .bss.completed.1
                0x200006c4        0x1 d:/stm32cubetoolchains/arm-gnu-toolchain-12.2.rel1-mingw-w64-i686-arm-none-eabi/bin/../lib/gcc/arm-none-eabi/12.2.1/thumb/v7-m/nofp/crtbegin.o
 *fill*         0x200006c5        0x3 
 .bss.object.0  0x200006c8       0x18 d:/stm32cubetoolchains/arm-gnu-toolchain-12.2.rel1-mingw-w64-i686-arm-none-eabi/bin/../lib/gcc/arm-none-eabi/12.2.1/thumb/v7-m/nofp/crtbegin.o
 .bss.tickFlag  0x200006e0        0x1 CMakeFiles/dreamLittleCarFixed-FW.elf.dir/Core/Src/main.c.obj
                0x200006e0                tickFlag
 .bss.speed     0x200006e1        0x1 CMakeFiles/dreamLittleCarFixed-FW.elf.dir/Core/Src/main.c.obj
                0x200006e1                speed
 .bss.msg       0x200006e2        0x1 CMakeFiles/dreamLittleCarFixed-FW.elf.dir/Core/Src/main.c.obj
                0x200006e2                msg
 .bss.ifMsgGet  0x200006e3        0x1 CMakeFiles/dreamLittleCarFixed-FW.elf.dir/Core/Src/main.c.obj
                0x200006e3                ifMsgGet
 .bss.tickCount
                0x200006e4        0x2 CMakeFiles/dreamLittleCarFixed-FW.elf.dir/Core/Src/stm32f1xx_it.c.obj
 *fill*         0x200006e6        0x2 
 .bss.heap_end.0
                0x200006e8        0x4 CMakeFiles/dreamLittleCarFixed-FW.elf.dir/Core/Src/syscalls.c.obj
 .bss.htim3     0x200006ec       0x48 CMakeFiles/dreamLittleCarFixed-FW.elf.dir/Core/Src/tim.c.obj
                0x200006ec                htim3
 .bss.huart1    0x20000734       0x48 CMakeFiles/dreamLittleCarFixed-FW.elf.dir/Core/Src/usart.c.obj
                0x20000734                huart1
 .bss.uwTick    0x2000077c        0x4 CMakeFiles/dreamLittleCarFixed-FW.elf.dir/Drivers/STM32F1xx_HAL_Driver/Src/stm32f1xx_hal.c.obj
                0x2000077c                uwTick
 .bss.__sf      0x20000780      0x138 d:/stm32cubetoolchains/arm-gnu-toolchain-12.2.rel1-mingw-w64-i686-arm-none-eabi/bin/../lib/gcc/arm-none-eabi/12.2.1/thumb/v7-m/nofp\libg.a(libc_a-findfp.o)
                0x20000780                __sf
 .bss.__stdio_exit_handler
                0x200008b8        0x4 d:/stm32cubetoolchains/arm-gnu-toolchain-12.2.rel1-mingw-w64-i686-arm-none-eabi/bin/../lib/gcc/arm-none-eabi/12.2.1/thumb/v7-m/nofp\libg.a(libc_a-findfp.o)
                0x200008b8                __stdio_exit_handler
 .bss.errno     0x200008bc        0x4 d:/stm32cubetoolchains/arm-gnu-toolchain-12.2.rel1-mingw-w64-i686-arm-none-eabi/bin/../lib/gcc/arm-none-eabi/12.2.1/thumb/v7-m/nofp\libg.a(libc_a-reent.o)
                0x200008bc                errno
 .bss.__lock___malloc_recursive_mutex
                0x200008c0        0x1 d:/stm32cubetoolchains/arm-gnu-toolchain-12.2.rel1-mingw-w64-i686-arm-none-eabi/bin/../lib/gcc/arm-none-eabi/12.2.1/thumb/v7-m/nofp\libg.a(libc_a-lock.o)
                0x200008c0                __lock___malloc_recursive_mutex
 *fill*         0x200008c1        0x3 
 .bss.__lock___atexit_recursive_mutex
                0x200008c4        0x1 d:/stm32cubetoolchains/arm-gnu-toolchain-12.2.rel1-mingw-w64-i686-arm-none-eabi/bin/../lib/gcc/arm-none-eabi/12.2.1/thumb/v7-m/nofp\libg.a(libc_a-lock.o)
                0x200008c4                __lock___atexit_recursive_mutex
 *fill*         0x200008c5        0x3 
 .bss.__lock___sfp_recursive_mutex
                0x200008c8        0x1 d:/stm32cubetoolchains/arm-gnu-toolchain-12.2.rel1-mingw-w64-i686-arm-none-eabi/bin/../lib/gcc/arm-none-eabi/12.2.1/thumb/v7-m/nofp\libg.a(libc_a-lock.o)
                0x200008c8                __lock___sfp_recursive_mutex
 *fill*         0x200008c9        0x3 
 .bss.__atexit  0x200008cc        0x4 d:/stm32cubetoolchains/arm-gnu-toolchain-12.2.rel1-mingw-w64-i686-arm-none-eabi/bin/../lib/gcc/arm-none-eabi/12.2.1/thumb/v7-m/nofp\libg.a(libc_a-__call_atexit.o)
                0x200008cc                __atexit
 .bss.__malloc_current_mallinfo
                0x200008d0       0x28 d:/stm32cubetoolchains/arm-gnu-toolchain-12.2.rel1-mingw-w64-i686-arm-none-eabi/bin/../lib/gcc/arm-none-eabi/12.2.1/thumb/v7-m/nofp\libg.a(libc_a-mallocr.o)
                0x200008d0                __malloc_current_mallinfo
 .bss.__malloc_max_total_mem
                0x200008f8        0x4 d:/stm32cubetoolchains/arm-gnu-toolchain-12.2.rel1-mingw-w64-i686-arm-none-eabi/bin/../lib/gcc/arm-none-eabi/12.2.1/thumb/v7-m/nofp\libg.a(libc_a-mallocr.o)
                0x200008f8                __malloc_max_total_mem
 .bss.__malloc_max_sbrked_mem
                0x200008fc        0x4 d:/stm32cubetoolchains/arm-gnu-toolchain-12.2.rel1-mingw-w64-i686-arm-none-eabi/bin/../lib/gcc/arm-none-eabi/12.2.1/thumb/v7-m/nofp\libg.a(libc_a-mallocr.o)
                0x200008fc                __malloc_max_sbrked_mem
 .bss.__malloc_top_pad
                0x20000900        0x4 d:/stm32cubetoolchains/arm-gnu-toolchain-12.2.rel1-mingw-w64-i686-arm-none-eabi/bin/../lib/gcc/arm-none-eabi/12.2.1/thumb/v7-m/nofp\libg.a(libc_a-mallocr.o)
                0x20000900                __malloc_top_pad
 .bss.__atexit0
                0x20000904      0x190 d:/stm32cubetoolchains/arm-gnu-toolchain-12.2.rel1-mingw-w64-i686-arm-none-eabi/bin/../lib/gcc/arm-none-eabi/12.2.1/thumb/v7-m/nofp\libg.a(libc_a-__atexit.o)
                0x20000904                __atexit0
 *(COMMON)
                0x20000a94                . = ALIGN (0x4)
                0x20000a94                _ebss = .
                0x20000a94                __bss_end__ = _ebss

._user_heap_stack
                0x20000a94      0x604 load address 0x0800979c
                0x20000a98                . = ALIGN (0x8)
 *fill*         0x20000a94        0x4 
                0x20000a98                PROVIDE (end = .)
                [!provide]                PROVIDE (_end = .)
                0x20000c98                . = (. + _Min_Heap_Size)
 *fill*         0x20000a98      0x200 
                0x20001098                . = (. + _Min_Stack_Size)
 *fill*         0x20000c98      0x400 
                0x20001098                . = ALIGN (0x8)

/DISCARD/
 libc.a(*)
 libm.a(*)
 libgcc.a(*)

.ARM.attributes
                0x00000000       0x29
 *(.ARM.attributes)
 .ARM.attributes
                0x00000000       0x1d d:/stm32cubetoolchains/arm-gnu-toolchain-12.2.rel1-mingw-w64-i686-arm-none-eabi/bin/../lib/gcc/arm-none-eabi/12.2.1/thumb/v7-m/nofp/crti.o
 .ARM.attributes
                0x0000001d       0x2d d:/stm32cubetoolchains/arm-gnu-toolchain-12.2.rel1-mingw-w64-i686-arm-none-eabi/bin/../lib/gcc/arm-none-eabi/12.2.1/thumb/v7-m/nofp/crtbegin.o
 .ARM.attributes
                0x0000004a       0x2d CMakeFiles/dreamLittleCarFixed-FW.elf.dir/Core/Src/gpio.c.obj
 .ARM.attributes
                0x00000077       0x2d CMakeFiles/dreamLittleCarFixed-FW.elf.dir/Core/Src/main.c.obj
 .ARM.attributes
                0x000000a4       0x2d CMakeFiles/dreamLittleCarFixed-FW.elf.dir/Core/Src/stm32f1xx_hal_msp.c.obj
 .ARM.attributes
                0x000000d1       0x2d CMakeFiles/dreamLittleCarFixed-FW.elf.dir/Core/Src/stm32f1xx_it.c.obj
 .ARM.attributes
                0x000000fe       0x2d CMakeFiles/dreamLittleCarFixed-FW.elf.dir/Core/Src/syscalls.c.obj
 .ARM.attributes
                0x0000012b       0x2d CMakeFiles/dreamLittleCarFixed-FW.elf.dir/Core/Src/system_stm32f1xx.c.obj
 .ARM.attributes
                0x00000158       0x2d CMakeFiles/dreamLittleCarFixed-FW.elf.dir/Core/Src/tim.c.obj
 .ARM.attributes
                0x00000185       0x2d CMakeFiles/dreamLittleCarFixed-FW.elf.dir/Core/Src/usart.c.obj
 .ARM.attributes
                0x000001b2       0x2d CMakeFiles/dreamLittleCarFixed-FW.elf.dir/Drivers/STM32F1xx_HAL_Driver/Src/stm32f1xx_hal.c.obj
 .ARM.attributes
                0x000001df       0x2d CMakeFiles/dreamLittleCarFixed-FW.elf.dir/Drivers/STM32F1xx_HAL_Driver/Src/stm32f1xx_hal_cortex.c.obj
 .ARM.attributes
                0x0000020c       0x2d CMakeFiles/dreamLittleCarFixed-FW.elf.dir/Drivers/STM32F1xx_HAL_Driver/Src/stm32f1xx_hal_gpio.c.obj
 .ARM.attributes
                0x00000239       0x2d CMakeFiles/dreamLittleCarFixed-FW.elf.dir/Drivers/STM32F1xx_HAL_Driver/Src/stm32f1xx_hal_rcc.c.obj
 .ARM.attributes
                0x00000266       0x2d CMakeFiles/dreamLittleCarFixed-FW.elf.dir/Drivers/STM32F1xx_HAL_Driver/Src/stm32f1xx_hal_tim.c.obj
 .ARM.attributes
                0x00000293       0x2d CMakeFiles/dreamLittleCarFixed-FW.elf.dir/Drivers/STM32F1xx_HAL_Driver/Src/stm32f1xx_hal_tim_ex.c.obj
 .ARM.attributes
                0x000002c0       0x2d CMakeFiles/dreamLittleCarFixed-FW.elf.dir/Drivers/STM32F1xx_HAL_Driver/Src/stm32f1xx_hal_uart.c.obj
 .ARM.attributes
                0x000002ed       0x21 CMakeFiles/dreamLittleCarFixed-FW.elf.dir/startup/startup_stm32f103xb.s.obj
 .ARM.attributes
                0x0000030e       0x1d d:/stm32cubetoolchains/arm-gnu-toolchain-12.2.rel1-mingw-w64-i686-arm-none-eabi/bin/../lib/gcc/arm-none-eabi/12.2.1/thumb/v7-m/nofp\libgcc.a(_arm_addsubdf3.o)
 .ARM.attributes
                0x0000032b       0x1d d:/stm32cubetoolchains/arm-gnu-toolchain-12.2.rel1-mingw-w64-i686-arm-none-eabi/bin/../lib/gcc/arm-none-eabi/12.2.1/thumb/v7-m/nofp\libgcc.a(_arm_muldivdf3.o)
 .ARM.attributes
                0x00000348       0x2d d:/stm32cubetoolchains/arm-gnu-toolchain-12.2.rel1-mingw-w64-i686-arm-none-eabi/bin/../lib/gcc/arm-none-eabi/12.2.1/thumb/v7-m/nofp\libg.a(libc_a-findfp.o)
 .ARM.attributes
                0x00000375       0x2d d:/stm32cubetoolchains/arm-gnu-toolchain-12.2.rel1-mingw-w64-i686-arm-none-eabi/bin/../lib/gcc/arm-none-eabi/12.2.1/thumb/v7-m/nofp\libg.a(libc_a-fwalk.o)
 .ARM.attributes
                0x000003a2       0x2d d:/stm32cubetoolchains/arm-gnu-toolchain-12.2.rel1-mingw-w64-i686-arm-none-eabi/bin/../lib/gcc/arm-none-eabi/12.2.1/thumb/v7-m/nofp\libg.a(libc_a-sprintf.o)
 .ARM.attributes
                0x000003cf       0x2d d:/stm32cubetoolchains/arm-gnu-toolchain-12.2.rel1-mingw-w64-i686-arm-none-eabi/bin/../lib/gcc/arm-none-eabi/12.2.1/thumb/v7-m/nofp\libg.a(libc_a-stdio.o)
 .ARM.attributes
                0x000003fc       0x2d d:/stm32cubetoolchains/arm-gnu-toolchain-12.2.rel1-mingw-w64-i686-arm-none-eabi/bin/../lib/gcc/arm-none-eabi/12.2.1/thumb/v7-m/nofp\libg.a(libc_a-memset.o)
 .ARM.attributes
                0x00000429       0x2d d:/stm32cubetoolchains/arm-gnu-toolchain-12.2.rel1-mingw-w64-i686-arm-none-eabi/bin/../lib/gcc/arm-none-eabi/12.2.1/thumb/v7-m/nofp\libg.a(libc_a-closer.o)
 .ARM.attributes
                0x00000456       0x2d d:/stm32cubetoolchains/arm-gnu-toolchain-12.2.rel1-mingw-w64-i686-arm-none-eabi/bin/../lib/gcc/arm-none-eabi/12.2.1/thumb/v7-m/nofp\libg.a(libc_a-reent.o)
 .ARM.attributes
                0x00000483       0x2d d:/stm32cubetoolchains/arm-gnu-toolchain-12.2.rel1-mingw-w64-i686-arm-none-eabi/bin/../lib/gcc/arm-none-eabi/12.2.1/thumb/v7-m/nofp\libg.a(libc_a-impure.o)
 .ARM.attributes
                0x000004b0       0x2d d:/stm32cubetoolchains/arm-gnu-toolchain-12.2.rel1-mingw-w64-i686-arm-none-eabi/bin/../lib/gcc/arm-none-eabi/12.2.1/thumb/v7-m/nofp\libg.a(libc_a-lseekr.o)
 .ARM.attributes
                0x000004dd       0x2d d:/stm32cubetoolchains/arm-gnu-toolchain-12.2.rel1-mingw-w64-i686-arm-none-eabi/bin/../lib/gcc/arm-none-eabi/12.2.1/thumb/v7-m/nofp\libg.a(libc_a-readr.o)
 .ARM.attributes
                0x0000050a       0x2d d:/stm32cubetoolchains/arm-gnu-toolchain-12.2.rel1-mingw-w64-i686-arm-none-eabi/bin/../lib/gcc/arm-none-eabi/12.2.1/thumb/v7-m/nofp\libg.a(libc_a-writer.o)
 .ARM.attributes
                0x00000537       0x2d d:/stm32cubetoolchains/arm-gnu-toolchain-12.2.rel1-mingw-w64-i686-arm-none-eabi/bin/../lib/gcc/arm-none-eabi/12.2.1/thumb/v7-m/nofp\libg.a(libc_a-errno.o)
 .ARM.attributes
                0x00000564       0x2d d:/stm32cubetoolchains/arm-gnu-toolchain-12.2.rel1-mingw-w64-i686-arm-none-eabi/bin/../lib/gcc/arm-none-eabi/12.2.1/thumb/v7-m/nofp\libg.a(libc_a-init.o)
 .ARM.attributes
                0x00000591       0x2d d:/stm32cubetoolchains/arm-gnu-toolchain-12.2.rel1-mingw-w64-i686-arm-none-eabi/bin/../lib/gcc/arm-none-eabi/12.2.1/thumb/v7-m/nofp\libg.a(libc_a-lock.o)
 .ARM.attributes
                0x000005be       0x2d d:/stm32cubetoolchains/arm-gnu-toolchain-12.2.rel1-mingw-w64-i686-arm-none-eabi/bin/../lib/gcc/arm-none-eabi/12.2.1/thumb/v7-m/nofp\libg.a(libc_a-__call_atexit.o)
 .ARM.attributes
                0x000005eb       0x2d d:/stm32cubetoolchains/arm-gnu-toolchain-12.2.rel1-mingw-w64-i686-arm-none-eabi/bin/../lib/gcc/arm-none-eabi/12.2.1/thumb/v7-m/nofp\libg.a(libc_a-atexit.o)
 .ARM.attributes
                0x00000618       0x2d d:/stm32cubetoolchains/arm-gnu-toolchain-12.2.rel1-mingw-w64-i686-arm-none-eabi/bin/../lib/gcc/arm-none-eabi/12.2.1/thumb/v7-m/nofp\libg.a(libc_a-freer.o)
 .ARM.attributes
                0x00000645       0x2d d:/stm32cubetoolchains/arm-gnu-toolchain-12.2.rel1-mingw-w64-i686-arm-none-eabi/bin/../lib/gcc/arm-none-eabi/12.2.1/thumb/v7-m/nofp\libg.a(libc_a-mallocr.o)
 .ARM.attributes
                0x00000672       0x2d d:/stm32cubetoolchains/arm-gnu-toolchain-12.2.rel1-mingw-w64-i686-arm-none-eabi/bin/../lib/gcc/arm-none-eabi/12.2.1/thumb/v7-m/nofp\libg.a(libc_a-mlock.o)
 .ARM.attributes
                0x0000069f       0x2d d:/stm32cubetoolchains/arm-gnu-toolchain-12.2.rel1-mingw-w64-i686-arm-none-eabi/bin/../lib/gcc/arm-none-eabi/12.2.1/thumb/v7-m/nofp\libg.a(libc_a-svfprintf.o)
 .ARM.attributes
                0x000006cc       0x2d d:/stm32cubetoolchains/arm-gnu-toolchain-12.2.rel1-mingw-w64-i686-arm-none-eabi/bin/../lib/gcc/arm-none-eabi/12.2.1/thumb/v7-m/nofp\libg.a(libc_a-fclose.o)
 .ARM.attributes
                0x000006f9       0x2d d:/stm32cubetoolchains/arm-gnu-toolchain-12.2.rel1-mingw-w64-i686-arm-none-eabi/bin/../lib/gcc/arm-none-eabi/12.2.1/thumb/v7-m/nofp\libg.a(libc_a-fflush.o)
 .ARM.attributes
                0x00000726       0x2d d:/stm32cubetoolchains/arm-gnu-toolchain-12.2.rel1-mingw-w64-i686-arm-none-eabi/bin/../lib/gcc/arm-none-eabi/12.2.1/thumb/v7-m/nofp\libg.a(libc_a-strncpy.o)
 .ARM.attributes
                0x00000753       0x2d d:/stm32cubetoolchains/arm-gnu-toolchain-12.2.rel1-mingw-w64-i686-arm-none-eabi/bin/../lib/gcc/arm-none-eabi/12.2.1/thumb/v7-m/nofp\libg.a(libc_a-locale.o)
 .ARM.attributes
                0x00000780       0x2d d:/stm32cubetoolchains/arm-gnu-toolchain-12.2.rel1-mingw-w64-i686-arm-none-eabi/bin/../lib/gcc/arm-none-eabi/12.2.1/thumb/v7-m/nofp\libg.a(libc_a-localeconv.o)
 .ARM.attributes
                0x000007ad       0x2d d:/stm32cubetoolchains/arm-gnu-toolchain-12.2.rel1-mingw-w64-i686-arm-none-eabi/bin/../lib/gcc/arm-none-eabi/12.2.1/thumb/v7-m/nofp\libg.a(libc_a-sbrkr.o)
 .ARM.attributes
                0x000007da       0x2d d:/stm32cubetoolchains/arm-gnu-toolchain-12.2.rel1-mingw-w64-i686-arm-none-eabi/bin/../lib/gcc/arm-none-eabi/12.2.1/thumb/v7-m/nofp\libg.a(libc_a-fini.o)
 .ARM.attributes
                0x00000807       0x2d d:/stm32cubetoolchains/arm-gnu-toolchain-12.2.rel1-mingw-w64-i686-arm-none-eabi/bin/../lib/gcc/arm-none-eabi/12.2.1/thumb/v7-m/nofp\libg.a(libc_a-sysconf.o)
 .ARM.attributes
                0x00000834       0x2d d:/stm32cubetoolchains/arm-gnu-toolchain-12.2.rel1-mingw-w64-i686-arm-none-eabi/bin/../lib/gcc/arm-none-eabi/12.2.1/thumb/v7-m/nofp\libg.a(libc_a-memchr-stub.o)
 .ARM.attributes
                0x00000861       0x2d d:/stm32cubetoolchains/arm-gnu-toolchain-12.2.rel1-mingw-w64-i686-arm-none-eabi/bin/../lib/gcc/arm-none-eabi/12.2.1/thumb/v7-m/nofp\libg.a(libc_a-strlen-stub.o)
 .ARM.attributes
                0x0000088e       0x2d d:/stm32cubetoolchains/arm-gnu-toolchain-12.2.rel1-mingw-w64-i686-arm-none-eabi/bin/../lib/gcc/arm-none-eabi/12.2.1/thumb/v7-m/nofp\libg.a(libm_a-s_frexp.o)
 .ARM.attributes
                0x000008bb       0x2d d:/stm32cubetoolchains/arm-gnu-toolchain-12.2.rel1-mingw-w64-i686-arm-none-eabi/bin/../lib/gcc/arm-none-eabi/12.2.1/thumb/v7-m/nofp\libg.a(libc_a-__atexit.o)
 .ARM.attributes
                0x000008e8       0x2d d:/stm32cubetoolchains/arm-gnu-toolchain-12.2.rel1-mingw-w64-i686-arm-none-eabi/bin/../lib/gcc/arm-none-eabi/12.2.1/thumb/v7-m/nofp\libg.a(libc_a-dtoa.o)
 .ARM.attributes
                0x00000915       0x2d d:/stm32cubetoolchains/arm-gnu-toolchain-12.2.rel1-mingw-w64-i686-arm-none-eabi/bin/../lib/gcc/arm-none-eabi/12.2.1/thumb/v7-m/nofp\libg.a(libc_a-mbtowc_r.o)
 .ARM.attributes
                0x00000942       0x2d d:/stm32cubetoolchains/arm-gnu-toolchain-12.2.rel1-mingw-w64-i686-arm-none-eabi/bin/../lib/gcc/arm-none-eabi/12.2.1/thumb/v7-m/nofp\libg.a(libc_a-mprec.o)
 .ARM.attributes
                0x0000096f       0x2d d:/stm32cubetoolchains/arm-gnu-toolchain-12.2.rel1-mingw-w64-i686-arm-none-eabi/bin/../lib/gcc/arm-none-eabi/12.2.1/thumb/v7-m/nofp\libg.a(libc_a-wctomb_r.o)
 .ARM.attributes
                0x0000099c       0x2d d:/stm32cubetoolchains/arm-gnu-toolchain-12.2.rel1-mingw-w64-i686-arm-none-eabi/bin/../lib/gcc/arm-none-eabi/12.2.1/thumb/v7-m/nofp\libg.a(libc_a-wcrtomb.o)
 .ARM.attributes
                0x000009c9       0x2d d:/stm32cubetoolchains/arm-gnu-toolchain-12.2.rel1-mingw-w64-i686-arm-none-eabi/bin/../lib/gcc/arm-none-eabi/12.2.1/thumb/v7-m/nofp\libg.a(libc_a-wcsrtombs.o)
 .ARM.attributes
                0x000009f6       0x2d d:/stm32cubetoolchains/arm-gnu-toolchain-12.2.rel1-mingw-w64-i686-arm-none-eabi/bin/../lib/gcc/arm-none-eabi/12.2.1/thumb/v7-m/nofp\libg.a(libc_a-ctype_.o)
 .ARM.attributes
                0x00000a23       0x2d d:/stm32cubetoolchains/arm-gnu-toolchain-12.2.rel1-mingw-w64-i686-arm-none-eabi/bin/../lib/gcc/arm-none-eabi/12.2.1/thumb/v7-m/nofp\libg.a(libc_a-svfiprintf.o)
 .ARM.attributes
                0x00000a50       0x2d d:/stm32cubetoolchains/arm-gnu-toolchain-12.2.rel1-mingw-w64-i686-arm-none-eabi/bin/../lib/gcc/arm-none-eabi/12.2.1/thumb/v7-m/nofp\libg.a(libc_a-memmove.o)
 .ARM.attributes
                0x00000a7d       0x1b d:/stm32cubetoolchains/arm-gnu-toolchain-12.2.rel1-mingw-w64-i686-arm-none-eabi/bin/../lib/gcc/arm-none-eabi/12.2.1/thumb/v7-m/nofp\libg.a(libc_a-memcpy.o)
 .ARM.attributes
                0x00000a98       0x2d d:/stm32cubetoolchains/arm-gnu-toolchain-12.2.rel1-mingw-w64-i686-arm-none-eabi/bin/../lib/gcc/arm-none-eabi/12.2.1/thumb/v7-m/nofp\libg.a(libc_a-assert.o)
 .ARM.attributes
                0x00000ac5       0x2d d:/stm32cubetoolchains/arm-gnu-toolchain-12.2.rel1-mingw-w64-i686-arm-none-eabi/bin/../lib/gcc/arm-none-eabi/12.2.1/thumb/v7-m/nofp\libg.a(libc_a-callocr.o)
 .ARM.attributes
                0x00000af2       0x2d d:/stm32cubetoolchains/arm-gnu-toolchain-12.2.rel1-mingw-w64-i686-arm-none-eabi/bin/../lib/gcc/arm-none-eabi/12.2.1/thumb/v7-m/nofp\libg.a(libc_a-reallocr.o)
 .ARM.attributes
                0x00000b1f       0x2d d:/stm32cubetoolchains/arm-gnu-toolchain-12.2.rel1-mingw-w64-i686-arm-none-eabi/bin/../lib/gcc/arm-none-eabi/12.2.1/thumb/v7-m/nofp\libg.a(libc_a-wcsnrtombs.o)
 .ARM.attributes
                0x00000b4c       0x2d d:/stm32cubetoolchains/arm-gnu-toolchain-12.2.rel1-mingw-w64-i686-arm-none-eabi/bin/../lib/gcc/arm-none-eabi/12.2.1/thumb/v7-m/nofp\libg.a(libc_a-fiprintf.o)
 .ARM.attributes
                0x00000b79       0x2d d:/stm32cubetoolchains/arm-gnu-toolchain-12.2.rel1-mingw-w64-i686-arm-none-eabi/bin/../lib/gcc/arm-none-eabi/12.2.1/thumb/v7-m/nofp\libg.a(libc_a-vfiprintf.o)
 .ARM.attributes
                0x00000ba6       0x2d d:/stm32cubetoolchains/arm-gnu-toolchain-12.2.rel1-mingw-w64-i686-arm-none-eabi/bin/../lib/gcc/arm-none-eabi/12.2.1/thumb/v7-m/nofp\libg.a(libc_a-fvwrite.o)
 .ARM.attributes
                0x00000bd3       0x2d d:/stm32cubetoolchains/arm-gnu-toolchain-12.2.rel1-mingw-w64-i686-arm-none-eabi/bin/../lib/gcc/arm-none-eabi/12.2.1/thumb/v7-m/nofp\libg.a(libc_a-wsetup.o)
 .ARM.attributes
                0x00000c00       0x2d d:/stm32cubetoolchains/arm-gnu-toolchain-12.2.rel1-mingw-w64-i686-arm-none-eabi/bin/../lib/gcc/arm-none-eabi/12.2.1/thumb/v7-m/nofp\libg.a(libc_a-fputwc.o)
 .ARM.attributes
                0x00000c2d       0x2d d:/stm32cubetoolchains/arm-gnu-toolchain-12.2.rel1-mingw-w64-i686-arm-none-eabi/bin/../lib/gcc/arm-none-eabi/12.2.1/thumb/v7-m/nofp\libg.a(libc_a-abort.o)
 .ARM.attributes
                0x00000c5a       0x2d d:/stm32cubetoolchains/arm-gnu-toolchain-12.2.rel1-mingw-w64-i686-arm-none-eabi/bin/../lib/gcc/arm-none-eabi/12.2.1/thumb/v7-m/nofp\libg.a(libc_a-makebuf.o)
 .ARM.attributes
                0x00000c87       0x2d d:/stm32cubetoolchains/arm-gnu-toolchain-12.2.rel1-mingw-w64-i686-arm-none-eabi/bin/../lib/gcc/arm-none-eabi/12.2.1/thumb/v7-m/nofp\libg.a(libc_a-wbuf.o)
 .ARM.attributes
                0x00000cb4       0x2d d:/stm32cubetoolchains/arm-gnu-toolchain-12.2.rel1-mingw-w64-i686-arm-none-eabi/bin/../lib/gcc/arm-none-eabi/12.2.1/thumb/v7-m/nofp\libg.a(libc_a-signal.o)
 .ARM.attributes
                0x00000ce1       0x2d d:/stm32cubetoolchains/arm-gnu-toolchain-12.2.rel1-mingw-w64-i686-arm-none-eabi/bin/../lib/gcc/arm-none-eabi/12.2.1/thumb/v7-m/nofp\libg.a(libc_a-fstatr.o)
 .ARM.attributes
                0x00000d0e       0x2d d:/stm32cubetoolchains/arm-gnu-toolchain-12.2.rel1-mingw-w64-i686-arm-none-eabi/bin/../lib/gcc/arm-none-eabi/12.2.1/thumb/v7-m/nofp\libg.a(libc_a-isattyr.o)
 .ARM.attributes
                0x00000d3b       0x2d d:/stm32cubetoolchains/arm-gnu-toolchain-12.2.rel1-mingw-w64-i686-arm-none-eabi/bin/../lib/gcc/arm-none-eabi/12.2.1/thumb/v7-m/nofp\libg.a(libc_a-signalr.o)
 .ARM.attributes
                0x00000d68       0x1d d:/stm32cubetoolchains/arm-gnu-toolchain-12.2.rel1-mingw-w64-i686-arm-none-eabi/bin/../lib/gcc/arm-none-eabi/12.2.1/thumb/v7-m/nofp\libgcc.a(_arm_cmpdf2.o)
 .ARM.attributes
                0x00000d85       0x1d d:/stm32cubetoolchains/arm-gnu-toolchain-12.2.rel1-mingw-w64-i686-arm-none-eabi/bin/../lib/gcc/arm-none-eabi/12.2.1/thumb/v7-m/nofp\libgcc.a(_arm_unorddf2.o)
 .ARM.attributes
                0x00000da2       0x1d d:/stm32cubetoolchains/arm-gnu-toolchain-12.2.rel1-mingw-w64-i686-arm-none-eabi/bin/../lib/gcc/arm-none-eabi/12.2.1/thumb/v7-m/nofp\libgcc.a(_arm_fixdfsi.o)
 .ARM.attributes
                0x00000dbf       0x2d d:/stm32cubetoolchains/arm-gnu-toolchain-12.2.rel1-mingw-w64-i686-arm-none-eabi/bin/../lib/gcc/arm-none-eabi/12.2.1/thumb/v7-m/nofp/crtend.o
 .ARM.attributes
                0x00000dec       0x1d d:/stm32cubetoolchains/arm-gnu-toolchain-12.2.rel1-mingw-w64-i686-arm-none-eabi/bin/../lib/gcc/arm-none-eabi/12.2.1/thumb/v7-m/nofp/crtn.o
OUTPUT(dreamLittleCarFixed-FW.elf elf32-littlearm)
LOAD linker stubs
LOAD d:/stm32cubetoolchains/arm-gnu-toolchain-12.2.rel1-mingw-w64-i686-arm-none-eabi/bin/../lib/gcc/arm-none-eabi/12.2.1/thumb/v7-m/nofp\libc.a
LOAD d:/stm32cubetoolchains/arm-gnu-toolchain-12.2.rel1-mingw-w64-i686-arm-none-eabi/bin/../lib/gcc/arm-none-eabi/12.2.1/thumb/v7-m/nofp\libm.a
LOAD d:/stm32cubetoolchains/arm-gnu-toolchain-12.2.rel1-mingw-w64-i686-arm-none-eabi/bin/../lib/gcc/arm-none-eabi/12.2.1/thumb/v7-m/nofp\libgcc.a

.debug_info     0x00000000     0xf4fa
 .debug_info    0x00000000      0x38a CMakeFiles/dreamLittleCarFixed-FW.elf.dir/Core/Src/gpio.c.obj
 .debug_info    0x0000038a     0x15cb CMakeFiles/dreamLittleCarFixed-FW.elf.dir/Core/Src/main.c.obj
 .debug_info    0x00001955      0x219 CMakeFiles/dreamLittleCarFixed-FW.elf.dir/Core/Src/stm32f1xx_hal_msp.c.obj
 .debug_info    0x00001b6e      0x23f CMakeFiles/dreamLittleCarFixed-FW.elf.dir/Core/Src/stm32f1xx_it.c.obj
 .debug_info    0x00001dad      0x809 CMakeFiles/dreamLittleCarFixed-FW.elf.dir/Core/Src/syscalls.c.obj
 .debug_info    0x000025b6      0x22d CMakeFiles/dreamLittleCarFixed-FW.elf.dir/Core/Src/system_stm32f1xx.c.obj
 .debug_info    0x000027e3      0xa6d CMakeFiles/dreamLittleCarFixed-FW.elf.dir/Core/Src/tim.c.obj
 .debug_info    0x00003250      0x81a CMakeFiles/dreamLittleCarFixed-FW.elf.dir/Core/Src/usart.c.obj
 .debug_info    0x00003a6a      0x7a2 CMakeFiles/dreamLittleCarFixed-FW.elf.dir/Drivers/STM32F1xx_HAL_Driver/Src/stm32f1xx_hal.c.obj
 .debug_info    0x0000420c      0xcad CMakeFiles/dreamLittleCarFixed-FW.elf.dir/Drivers/STM32F1xx_HAL_Driver/Src/stm32f1xx_hal_cortex.c.obj
 .debug_info    0x00004eb9      0x604 CMakeFiles/dreamLittleCarFixed-FW.elf.dir/Drivers/STM32F1xx_HAL_Driver/Src/stm32f1xx_hal_gpio.c.obj
 .debug_info    0x000054bd      0x9c7 CMakeFiles/dreamLittleCarFixed-FW.elf.dir/Drivers/STM32F1xx_HAL_Driver/Src/stm32f1xx_hal_rcc.c.obj
 .debug_info    0x00005e84     0x3b74 CMakeFiles/dreamLittleCarFixed-FW.elf.dir/Drivers/STM32F1xx_HAL_Driver/Src/stm32f1xx_hal_tim.c.obj
 .debug_info    0x000099f8     0x1a88 CMakeFiles/dreamLittleCarFixed-FW.elf.dir/Drivers/STM32F1xx_HAL_Driver/Src/stm32f1xx_hal_tim_ex.c.obj
 .debug_info    0x0000b480     0x404c CMakeFiles/dreamLittleCarFixed-FW.elf.dir/Drivers/STM32F1xx_HAL_Driver/Src/stm32f1xx_hal_uart.c.obj
 .debug_info    0x0000f4cc       0x2e CMakeFiles/dreamLittleCarFixed-FW.elf.dir/startup/startup_stm32f103xb.s.obj

.debug_abbrev   0x00000000     0x2090
 .debug_abbrev  0x00000000      0x162 CMakeFiles/dreamLittleCarFixed-FW.elf.dir/Core/Src/gpio.c.obj
 .debug_abbrev  0x00000162      0x305 CMakeFiles/dreamLittleCarFixed-FW.elf.dir/Core/Src/main.c.obj
 .debug_abbrev  0x00000467       0xfe CMakeFiles/dreamLittleCarFixed-FW.elf.dir/Core/Src/stm32f1xx_hal_msp.c.obj
 .debug_abbrev  0x00000565      0x13c CMakeFiles/dreamLittleCarFixed-FW.elf.dir/Core/Src/stm32f1xx_it.c.obj
 .debug_abbrev  0x000006a1      0x1e6 CMakeFiles/dreamLittleCarFixed-FW.elf.dir/Core/Src/syscalls.c.obj
 .debug_abbrev  0x00000887      0x143 CMakeFiles/dreamLittleCarFixed-FW.elf.dir/Core/Src/system_stm32f1xx.c.obj
 .debug_abbrev  0x000009ca      0x269 CMakeFiles/dreamLittleCarFixed-FW.elf.dir/Core/Src/tim.c.obj
 .debug_abbrev  0x00000c33      0x215 CMakeFiles/dreamLittleCarFixed-FW.elf.dir/Core/Src/usart.c.obj
 .debug_abbrev  0x00000e48      0x22d CMakeFiles/dreamLittleCarFixed-FW.elf.dir/Drivers/STM32F1xx_HAL_Driver/Src/stm32f1xx_hal.c.obj
 .debug_abbrev  0x00001075      0x36d CMakeFiles/dreamLittleCarFixed-FW.elf.dir/Drivers/STM32F1xx_HAL_Driver/Src/stm32f1xx_hal_cortex.c.obj
 .debug_abbrev  0x000013e2      0x1f7 CMakeFiles/dreamLittleCarFixed-FW.elf.dir/Drivers/STM32F1xx_HAL_Driver/Src/stm32f1xx_hal_gpio.c.obj
 .debug_abbrev  0x000015d9      0x2a0 CMakeFiles/dreamLittleCarFixed-FW.elf.dir/Drivers/STM32F1xx_HAL_Driver/Src/stm32f1xx_hal_rcc.c.obj
 .debug_abbrev  0x00001879      0x270 CMakeFiles/dreamLittleCarFixed-FW.elf.dir/Drivers/STM32F1xx_HAL_Driver/Src/stm32f1xx_hal_tim.c.obj
 .debug_abbrev  0x00001ae9      0x26e CMakeFiles/dreamLittleCarFixed-FW.elf.dir/Drivers/STM32F1xx_HAL_Driver/Src/stm32f1xx_hal_tim_ex.c.obj
 .debug_abbrev  0x00001d57      0x31c CMakeFiles/dreamLittleCarFixed-FW.elf.dir/Drivers/STM32F1xx_HAL_Driver/Src/stm32f1xx_hal_uart.c.obj
 .debug_abbrev  0x00002073       0x1d CMakeFiles/dreamLittleCarFixed-FW.elf.dir/startup/startup_stm32f103xb.s.obj

.debug_aranges  0x00000000      0xc28
 .debug_aranges
                0x00000000       0x20 CMakeFiles/dreamLittleCarFixed-FW.elf.dir/Core/Src/gpio.c.obj
 .debug_aranges
                0x00000020       0x58 CMakeFiles/dreamLittleCarFixed-FW.elf.dir/Core/Src/main.c.obj
 .debug_aranges
                0x00000078       0x20 CMakeFiles/dreamLittleCarFixed-FW.elf.dir/Core/Src/stm32f1xx_hal_msp.c.obj
 .debug_aranges
                0x00000098       0x60 CMakeFiles/dreamLittleCarFixed-FW.elf.dir/Core/Src/stm32f1xx_it.c.obj
 .debug_aranges
                0x000000f8       0xb0 CMakeFiles/dreamLittleCarFixed-FW.elf.dir/Core/Src/syscalls.c.obj
 .debug_aranges
                0x000001a8       0x28 CMakeFiles/dreamLittleCarFixed-FW.elf.dir/Core/Src/system_stm32f1xx.c.obj
 .debug_aranges
                0x000001d0       0x38 CMakeFiles/dreamLittleCarFixed-FW.elf.dir/Core/Src/tim.c.obj
 .debug_aranges
                0x00000208       0x30 CMakeFiles/dreamLittleCarFixed-FW.elf.dir/Core/Src/usart.c.obj
 .debug_aranges
                0x00000238       0xe0 CMakeFiles/dreamLittleCarFixed-FW.elf.dir/Drivers/STM32F1xx_HAL_Driver/Src/stm32f1xx_hal.c.obj
 .debug_aranges
                0x00000318       0xc0 CMakeFiles/dreamLittleCarFixed-FW.elf.dir/Drivers/STM32F1xx_HAL_Driver/Src/stm32f1xx_hal_cortex.c.obj
 .debug_aranges
                0x000003d8       0x58 CMakeFiles/dreamLittleCarFixed-FW.elf.dir/Drivers/STM32F1xx_HAL_Driver/Src/stm32f1xx_hal_gpio.c.obj
 .debug_aranges
                0x00000430       0x90 CMakeFiles/dreamLittleCarFixed-FW.elf.dir/Drivers/STM32F1xx_HAL_Driver/Src/stm32f1xx_hal_rcc.c.obj
 .debug_aranges
                0x000004c0      0x3d0 CMakeFiles/dreamLittleCarFixed-FW.elf.dir/Drivers/STM32F1xx_HAL_Driver/Src/stm32f1xx_hal_tim.c.obj
 .debug_aranges
                0x00000890      0x168 CMakeFiles/dreamLittleCarFixed-FW.elf.dir/Drivers/STM32F1xx_HAL_Driver/Src/stm32f1xx_hal_tim_ex.c.obj
 .debug_aranges
                0x000009f8      0x208 CMakeFiles/dreamLittleCarFixed-FW.elf.dir/Drivers/STM32F1xx_HAL_Driver/Src/stm32f1xx_hal_uart.c.obj
 .debug_aranges
                0x00000c00       0x28 CMakeFiles/dreamLittleCarFixed-FW.elf.dir/startup/startup_stm32f103xb.s.obj

.debug_rnglists
                0x00000000      0x943
 .debug_rnglists
                0x00000000       0x14 CMakeFiles/dreamLittleCarFixed-FW.elf.dir/Core/Src/gpio.c.obj
 .debug_rnglists
                0x00000014       0x3f CMakeFiles/dreamLittleCarFixed-FW.elf.dir/Core/Src/main.c.obj
 .debug_rnglists
                0x00000053       0x13 CMakeFiles/dreamLittleCarFixed-FW.elf.dir/Core/Src/stm32f1xx_hal_msp.c.obj
 .debug_rnglists
                0x00000066       0x43 CMakeFiles/dreamLittleCarFixed-FW.elf.dir/Core/Src/stm32f1xx_it.c.obj
 .debug_rnglists
                0x000000a9       0x7f CMakeFiles/dreamLittleCarFixed-FW.elf.dir/Core/Src/syscalls.c.obj
 .debug_rnglists
                0x00000128       0x1a CMakeFiles/dreamLittleCarFixed-FW.elf.dir/Core/Src/system_stm32f1xx.c.obj
 .debug_rnglists
                0x00000142       0x26 CMakeFiles/dreamLittleCarFixed-FW.elf.dir/Core/Src/tim.c.obj
 .debug_rnglists
                0x00000168       0x1f CMakeFiles/dreamLittleCarFixed-FW.elf.dir/Core/Src/usart.c.obj
 .debug_rnglists
                0x00000187       0xa3 CMakeFiles/dreamLittleCarFixed-FW.elf.dir/Drivers/STM32F1xx_HAL_Driver/Src/stm32f1xx_hal.c.obj
 .debug_rnglists
                0x0000022a       0x8b CMakeFiles/dreamLittleCarFixed-FW.elf.dir/Drivers/STM32F1xx_HAL_Driver/Src/stm32f1xx_hal_cortex.c.obj
 .debug_rnglists
                0x000002b5       0x3f CMakeFiles/dreamLittleCarFixed-FW.elf.dir/Drivers/STM32F1xx_HAL_Driver/Src/stm32f1xx_hal_gpio.c.obj
 .debug_rnglists
                0x000002f4       0x7d CMakeFiles/dreamLittleCarFixed-FW.elf.dir/Drivers/STM32F1xx_HAL_Driver/Src/stm32f1xx_hal_rcc.c.obj
 .debug_rnglists
                0x00000371      0x2fe CMakeFiles/dreamLittleCarFixed-FW.elf.dir/Drivers/STM32F1xx_HAL_Driver/Src/stm32f1xx_hal_tim.c.obj
 .debug_rnglists
                0x0000066f      0x11a CMakeFiles/dreamLittleCarFixed-FW.elf.dir/Drivers/STM32F1xx_HAL_Driver/Src/stm32f1xx_hal_tim_ex.c.obj
 .debug_rnglists
                0x00000789      0x1a1 CMakeFiles/dreamLittleCarFixed-FW.elf.dir/Drivers/STM32F1xx_HAL_Driver/Src/stm32f1xx_hal_uart.c.obj
 .debug_rnglists
                0x0000092a       0x19 CMakeFiles/dreamLittleCarFixed-FW.elf.dir/startup/startup_stm32f103xb.s.obj

.debug_line     0x00000000     0xf046
 .debug_line    0x00000000      0x34d CMakeFiles/dreamLittleCarFixed-FW.elf.dir/Core/Src/gpio.c.obj
 .debug_line    0x0000034d      0x852 CMakeFiles/dreamLittleCarFixed-FW.elf.dir/Core/Src/main.c.obj
 .debug_line    0x00000b9f      0x273 CMakeFiles/dreamLittleCarFixed-FW.elf.dir/Core/Src/stm32f1xx_hal_msp.c.obj
 .debug_line    0x00000e12      0x400 CMakeFiles/dreamLittleCarFixed-FW.elf.dir/Core/Src/stm32f1xx_it.c.obj
 .debug_line    0x00001212      0x4ac CMakeFiles/dreamLittleCarFixed-FW.elf.dir/Core/Src/syscalls.c.obj
 .debug_line    0x000016be      0x2e8 CMakeFiles/dreamLittleCarFixed-FW.elf.dir/Core/Src/system_stm32f1xx.c.obj
 .debug_line    0x000019a6      0x486 CMakeFiles/dreamLittleCarFixed-FW.elf.dir/Core/Src/tim.c.obj
 .debug_line    0x00001e2c      0x419 CMakeFiles/dreamLittleCarFixed-FW.elf.dir/Core/Src/usart.c.obj
 .debug_line    0x00002245      0x654 CMakeFiles/dreamLittleCarFixed-FW.elf.dir/Drivers/STM32F1xx_HAL_Driver/Src/stm32f1xx_hal.c.obj
 .debug_line    0x00002899      0x7b5 CMakeFiles/dreamLittleCarFixed-FW.elf.dir/Drivers/STM32F1xx_HAL_Driver/Src/stm32f1xx_hal_cortex.c.obj
 .debug_line    0x0000304e      0x68f CMakeFiles/dreamLittleCarFixed-FW.elf.dir/Drivers/STM32F1xx_HAL_Driver/Src/stm32f1xx_hal_gpio.c.obj
 .debug_line    0x000036dd      0xcfe CMakeFiles/dreamLittleCarFixed-FW.elf.dir/Drivers/STM32F1xx_HAL_Driver/Src/stm32f1xx_hal_rcc.c.obj
 .debug_line    0x000043db     0x49eb CMakeFiles/dreamLittleCarFixed-FW.elf.dir/Drivers/STM32F1xx_HAL_Driver/Src/stm32f1xx_hal_tim.c.obj
 .debug_line    0x00008dc6     0x1d36 CMakeFiles/dreamLittleCarFixed-FW.elf.dir/Drivers/STM32F1xx_HAL_Driver/Src/stm32f1xx_hal_tim_ex.c.obj
 .debug_line    0x0000aafc     0x44d2 CMakeFiles/dreamLittleCarFixed-FW.elf.dir/Drivers/STM32F1xx_HAL_Driver/Src/stm32f1xx_hal_uart.c.obj
 .debug_line    0x0000efce       0x78 CMakeFiles/dreamLittleCarFixed-FW.elf.dir/startup/startup_stm32f103xb.s.obj

.debug_str      0x00000000     0x3b77
 .debug_str     0x00000000      0x2bc CMakeFiles/dreamLittleCarFixed-FW.elf.dir/Core/Src/gpio.c.obj
                                0x307 (size before relaxing)
 .debug_str     0x000002bc      0x934 CMakeFiles/dreamLittleCarFixed-FW.elf.dir/Core/Src/main.c.obj
                                0xbfd (size before relaxing)
 .debug_str     0x00000bf0       0x99 CMakeFiles/dreamLittleCarFixed-FW.elf.dir/Core/Src/stm32f1xx_hal_msp.c.obj
                                0x2af (size before relaxing)
 .debug_str     0x00000c89      0x109 CMakeFiles/dreamLittleCarFixed-FW.elf.dir/Core/Src/stm32f1xx_it.c.obj
                                0x30b (size before relaxing)
 .debug_str     0x00000d92      0x282 CMakeFiles/dreamLittleCarFixed-FW.elf.dir/Core/Src/syscalls.c.obj
                                0x492 (size before relaxing)
 .debug_str     0x00001014       0xbd CMakeFiles/dreamLittleCarFixed-FW.elf.dir/Core/Src/system_stm32f1xx.c.obj
                                0x2c6 (size before relaxing)
 .debug_str     0x000010d1      0x1a7 CMakeFiles/dreamLittleCarFixed-FW.elf.dir/Core/Src/tim.c.obj
                                0x91b (size before relaxing)
 .debug_str     0x00001278       0xa0 CMakeFiles/dreamLittleCarFixed-FW.elf.dir/Core/Src/usart.c.obj
                                0x74e (size before relaxing)
 .debug_str     0x00001318      0x62a CMakeFiles/dreamLittleCarFixed-FW.elf.dir/Drivers/STM32F1xx_HAL_Driver/Src/stm32f1xx_hal.c.obj
                                0x8a0 (size before relaxing)
 .debug_str     0x00001942      0x3fa CMakeFiles/dreamLittleCarFixed-FW.elf.dir/Drivers/STM32F1xx_HAL_Driver/Src/stm32f1xx_hal_cortex.c.obj
                                0x945 (size before relaxing)
 .debug_str     0x00001d3c      0x127 CMakeFiles/dreamLittleCarFixed-FW.elf.dir/Drivers/STM32F1xx_HAL_Driver/Src/stm32f1xx_hal_gpio.c.obj
                                0x472 (size before relaxing)
 .debug_str     0x00001e63      0x233 CMakeFiles/dreamLittleCarFixed-FW.elf.dir/Drivers/STM32F1xx_HAL_Driver/Src/stm32f1xx_hal_rcc.c.obj
                                0x69d (size before relaxing)